Command line invocation:
    /Applications/Xcode.app/Contents/Developer/usr/bin/xcodebuild test -project PhoneInTheOtherRoom.xcodeproj -scheme PhoneInTheOtherRoom -destination "platform=iOS Simulator,id=F67BB254-5939-41AA-AD11-2B8EAD8E7885" -derivedDataPath /private/tmp/counting-sheep-search-build -resultBundlePath /private/tmp/fetch-swipe-isolated-tests-20260920.xcresult -parallel-testing-enabled NO -jobs 2

Resolve Package Graph


Resolved source packages:
  swift-asn1: https://github.com/apple/swift-asn1.git @ 1.7.1
  Supabase: https://github.com/supabase/supabase-swift.git @ 2.51.0
  xctest-dynamic-overlay: https://github.com/pointfreeco/xctest-dynamic-overlay @ 1.11.0
  swift-crypto: https://github.com/apple/swift-crypto.git @ 4.5.0
  swift-clocks: https://github.com/pointfreeco/swift-clocks @ 1.1.0
  swift-concurrency-extras: https://github.com/pointfreeco/swift-concurrency-extras @ 1.4.0
  swift-http-types: https://github.com/apple/swift-http-types.git @ 1.6.0

Writing result bundle at path:
	/private/tmp/fetch-swipe-isolated-tests-20260920.xcresult

Build Preparation
Build task concurrency set to 2 via user default IDEBuildOperationMaxNumberOfConcurrentCompileTasks

ComputePackagePrebuildTargetDependencyGraph

Prepare packages

CreateBuildRequest

SendProjectDescription

CreateBuildOperation

ComputeTargetDependencyGraph
note: Building targets in dependency order
note: Target dependency graph (30 targets)
    Target 'PhoneInTheOtherRoomTests' in project 'PhoneInTheOtherRoom' (no dependencies)
    Target 'PhoneInTheOtherRoom' in project 'PhoneInTheOtherRoom'
        ➜ Explicit dependency on target 'PhoneInTheOtherRoomWatchApp' in project 'PhoneInTheOtherRoom'
        ➜ Explicit dependency on target 'PhoneInTheOtherRoomLiveActivity' in project 'PhoneInTheOtherRoom'
        ➜ Explicit dependency on target 'PhoneInTheOtherRoomScreenTimeReport' in project 'PhoneInTheOtherRoom'
        ➜ Explicit dependency on target 'PhoneInTheOtherRoomDeviceActivityMonitor' in project 'PhoneInTheOtherRoom'
        ➜ Explicit dependency on target 'PhoneInTheOtherRoomShieldConfiguration' in project 'PhoneInTheOtherRoom'
        ➜ Explicit dependency on target 'PhoneInTheOtherRoomShieldAction' in project 'PhoneInTheOtherRoom'
        ➜ Explicit dependency on target 'Supabase' in project 'Supabase'
    Target 'Supabase' in project 'Supabase'
        ➜ Explicit dependency on target 'Supabase' in project 'Supabase'
        ➜ Explicit dependency on target 'Helpers' in project 'Supabase'
        ➜ Explicit dependency on target 'Auth' in project 'Supabase'
        ➜ Explicit dependency on target 'Functions' in project 'Supabase'
        ➜ Explicit dependency on target 'PostgREST' in project 'Supabase'
        ➜ Explicit dependency on target 'RealtimeV2' in project 'Supabase'
        ➜ Explicit dependency on target 'Realtime' in project 'Supabase'
        ➜ Explicit dependency on target 'Storage' in project 'Supabase'
        ➜ Explicit dependency on target 'ConcurrencyExtras' in project 'swift-concurrency-extras'
        ➜ Explicit dependency on target 'HTTPTypes' in project 'swift-http-types'
        ➜ Explicit dependency on target 'Clocks' in project 'swift-clocks'
        ➜ Explicit dependency on target 'XCTestDynamicOverlay' in project 'xctest-dynamic-overlay'
        ➜ Explicit dependency on target 'IssueReporting' in project 'xctest-dynamic-overlay'
        ➜ Explicit dependency on target 'Crypto' in project 'swift-crypto'
    Target 'Supabase' in project 'Supabase'
        ➜ Explicit dependency on target 'Helpers' in project 'Supabase'
        ➜ Explicit dependency on target 'Auth' in project 'Supabase'
        ➜ Explicit dependency on target 'Functions' in project 'Supabase'
        ➜ Explicit dependency on target 'PostgREST' in project 'Supabase'
        ➜ Explicit dependency on target 'RealtimeV2' in project 'Supabase'
        ➜ Explicit dependency on target 'Realtime' in project 'Supabase'
        ➜ Explicit dependency on target 'Storage' in project 'Supabase'
        ➜ Explicit dependency on target 'ConcurrencyExtras' in project 'swift-concurrency-extras'
        ➜ Explicit dependency on target 'HTTPTypes' in project 'swift-http-types'
        ➜ Explicit dependency on target 'Clocks' in project 'swift-clocks'
        ➜ Explicit dependency on target 'XCTestDynamicOverlay' in project 'xctest-dynamic-overlay'
        ➜ Explicit dependency on target 'IssueReporting' in project 'xctest-dynamic-overlay'
        ➜ Explicit dependency on target 'Crypto' in project 'swift-crypto'
    Target 'Storage' in project 'Supabase'
        ➜ Explicit dependency on target 'Helpers' in project 'Supabase'
        ➜ Explicit dependency on target 'ConcurrencyExtras' in project 'swift-concurrency-extras'
        ➜ Explicit dependency on target 'HTTPTypes' in project 'swift-http-types'
        ➜ Explicit dependency on target 'Clocks' in project 'swift-clocks'
        ➜ Explicit dependency on target 'XCTestDynamicOverlay' in project 'xctest-dynamic-overlay'
        ➜ Explicit dependency on target 'IssueReporting' in project 'xctest-dynamic-overlay'
    Target 'Realtime' in project 'Supabase'
        ➜ Explicit dependency on target 'Helpers' in project 'Supabase'
        ➜ Explicit dependency on target 'RealtimeV2' in project 'Supabase'
        ➜ Explicit dependency on target 'ConcurrencyExtras' in project 'swift-concurrency-extras'
        ➜ Explicit dependency on target 'HTTPTypes' in project 'swift-http-types'
        ➜ Explicit dependency on target 'Clocks' in project 'swift-clocks'
        ➜ Explicit dependency on target 'XCTestDynamicOverlay' in project 'xctest-dynamic-overlay'
        ➜ Explicit dependency on target 'IssueReporting' in project 'xctest-dynamic-overlay'
    Target 'RealtimeV2' in project 'Supabase'
        ➜ Explicit dependency on target 'Helpers' in project 'Supabase'
        ➜ Explicit dependency on target 'ConcurrencyExtras' in project 'swift-concurrency-extras'
        ➜ Explicit dependency on target 'HTTPTypes' in project 'swift-http-types'
        ➜ Explicit dependency on target 'Clocks' in project 'swift-clocks'
        ➜ Explicit dependency on target 'XCTestDynamicOverlay' in project 'xctest-dynamic-overlay'
        ➜ Explicit dependency on target 'IssueReporting' in project 'xctest-dynamic-overlay'
    Target 'PostgREST' in project 'Supabase'
        ➜ Explicit dependency on target 'Helpers' in project 'Supabase'
        ➜ Explicit dependency on target 'ConcurrencyExtras' in project 'swift-concurrency-extras'
        ➜ Explicit dependency on target 'HTTPTypes' in project 'swift-http-types'
        ➜ Explicit dependency on target 'Clocks' in project 'swift-clocks'
        ➜ Explicit dependency on target 'XCTestDynamicOverlay' in project 'xctest-dynamic-overlay'
        ➜ Explicit dependency on target 'IssueReporting' in project 'xctest-dynamic-overlay'
    Target 'Functions' in project 'Supabase'
        ➜ Explicit dependency on target 'Helpers' in project 'Supabase'
        ➜ Explicit dependency on target 'ConcurrencyExtras' in project 'swift-concurrency-extras'
        ➜ Explicit dependency on target 'HTTPTypes' in project 'swift-http-types'
        ➜ Explicit dependency on target 'Clocks' in project 'swift-clocks'
        ➜ Explicit dependency on target 'XCTestDynamicOverlay' in project 'xctest-dynamic-overlay'
        ➜ Explicit dependency on target 'IssueReporting' in project 'xctest-dynamic-overlay'
    Target 'Auth' in project 'Supabase'
        ➜ Explicit dependency on target 'Helpers' in project 'Supabase'
        ➜ Explicit dependency on target 'ConcurrencyExtras' in project 'swift-concurrency-extras'
        ➜ Explicit dependency on target 'HTTPTypes' in project 'swift-http-types'
        ➜ Explicit dependency on target 'Clocks' in project 'swift-clocks'
        ➜ Explicit dependency on target 'XCTestDynamicOverlay' in project 'xctest-dynamic-overlay'
        ➜ Explicit dependency on target 'IssueReporting' in project 'xctest-dynamic-overlay'
        ➜ Explicit dependency on target 'Crypto' in project 'swift-crypto'
    Target 'Crypto' in project 'swift-crypto'
        ➜ Explicit dependency on target 'Crypto' in project 'swift-crypto'
        ➜ Explicit dependency on target 'swift-crypto_Crypto' in project 'swift-crypto'
    Target 'Crypto' in project 'swift-crypto'
        ➜ Explicit dependency on target 'swift-crypto_Crypto' in project 'swift-crypto'
    Target 'swift-crypto_Crypto' in project 'swift-crypto' (no dependencies)
    Target 'Helpers' in project 'Supabase'
        ➜ Explicit dependency on target 'ConcurrencyExtras' in project 'swift-concurrency-extras'
        ➜ Explicit dependency on target 'HTTPTypes' in project 'swift-http-types'
        ➜ Explicit dependency on target 'Clocks' in project 'swift-clocks'
        ➜ Explicit dependency on target 'XCTestDynamicOverlay' in project 'xctest-dynamic-overlay'
        ➜ Explicit dependency on target 'IssueReporting' in project 'xctest-dynamic-overlay'
    Target 'XCTestDynamicOverlay' in project 'xctest-dynamic-overlay'
        ➜ Explicit dependency on target 'XCTestDynamicOverlay' in project 'xctest-dynamic-overlay'
        ➜ Explicit dependency on target 'IssueReporting' in project 'xctest-dynamic-overlay'
    Target 'XCTestDynamicOverlay' in project 'xctest-dynamic-overlay'
        ➜ Explicit dependency on target 'IssueReporting' in project 'xctest-dynamic-overlay'
    Target 'Clocks' in project 'swift-clocks'
        ➜ Explicit dependency on target 'Clocks' in project 'swift-clocks'
        ➜ Explicit dependency on target 'ConcurrencyExtras' in project 'swift-concurrency-extras'
        ➜ Explicit dependency on target 'IssueReporting' in project 'xctest-dynamic-overlay'
    Target 'Clocks' in project 'swift-clocks'
        ➜ Explicit dependency on target 'ConcurrencyExtras' in project 'swift-concurrency-extras'
        ➜ Explicit dependency on target 'IssueReporting' in project 'xctest-dynamic-overlay'
    Target 'IssueReporting' in project 'xctest-dynamic-overlay'
        ➜ Explicit dependency on target 'IssueReporting' in project 'xctest-dynamic-overlay'
    Target 'IssueReporting' in project 'xctest-dynamic-overlay' (no dependencies)
    Target 'HTTPTypes' in project 'swift-http-types'
        ➜ Explicit dependency on target 'HTTPTypes' in project 'swift-http-types'
    Target 'HTTPTypes' in project 'swift-http-types' (no dependencies)
    Target 'ConcurrencyExtras' in project 'swift-concurrency-extras'
        ➜ Explicit dependency on target 'ConcurrencyExtras' in project 'swift-concurrency-extras'
    Target 'ConcurrencyExtras' in project 'swift-concurrency-extras' (no dependencies)
    Target 'PhoneInTheOtherRoomShieldAction' in project 'PhoneInTheOtherRoom' (no dependencies)
    Target 'PhoneInTheOtherRoomShieldConfiguration' in project 'PhoneInTheOtherRoom' (no dependencies)
    Target 'PhoneInTheOtherRoomDeviceActivityMonitor' in project 'PhoneInTheOtherRoom' (no dependencies)
    Target 'PhoneInTheOtherRoomScreenTimeReport' in project 'PhoneInTheOtherRoom' (no dependencies)
    Target 'PhoneInTheOtherRoomLiveActivity' in project 'PhoneInTheOtherRoom' (no dependencies)
    Target 'PhoneInTheOtherRoomWatchApp' in project 'PhoneInTheOtherRoom' (no dependencies)

GatherProvisioningInputs

CreateBuildDescription

ExecuteExternalTool /Applications/Xcode.app/Contents/Developer/usr/bin/actool --print-asset-tag-combinations --output-format xml1 /Users/ngawangchime/Desktop/Developer Projects/Phone in the Other Room/Assets.xcassets

ExecuteExternalTool /Applications/Xcode.app/Contents/Developer/usr/bin/actool --version --output-format xml1

ExecuteExternalTool /Applications/Xcode.app/Contents/Developer/Toolchains/XcodeDefault.xctoolchain/usr/bin/swiftc --version

ExecuteExternalTool /Applications/Xcode.app/Contents/Developer/Toolchains/XcodeDefault.xctoolchain/usr/bin/clang -v -E -dM -isysroot /Applications/Xcode.app/Contents/Developer/Platforms/WatchSimulator.platform/Developer/SDKs/WatchSimulator26.5.sdk -x c -c /dev/null

ExecuteExternalTool /Applications/Xcode.app/Contents/Developer/usr/bin/actool --print-asset-tag-combinations --output-format xml1 /Users/ngawangchime/Desktop/Developer Projects/Phone in the Other Room/Assets.xcassets

ExecuteExternalTool /Applications/Xcode.app/Contents/Developer/Toolchains/XcodeDefault.xctoolchain/usr/bin/clang -v -E -dM -isysroot /Applications/Xcode.app/Contents/Developer/Platforms/iPhoneSimulator.platform/Developer/SDKs/iPhoneSimulator26.5.sdk -x c -c /dev/null

ExecuteExternalTool /Applications/Xcode.app/Contents/Developer/Toolchains/XcodeDefault.xctoolchain/usr/bin/ld -version_details

ReadFileContents /Applications/Xcode.app/Contents/Developer/Toolchains/XcodeDefault.xctoolchain/usr/share/docc/features.json

Build description signature: 59f2c52be549ca7acb1ac0806ef529f4
Build description path: /tmp/counting-sheep-search-build/Build/Intermediates.noindex/XCBuildData/59f2c52be549ca7acb1ac0806ef529f4.xcbuilddata
ClangStatCache /Applications/Xcode.app/Contents/Developer/Toolchains/XcodeDefault.xctoolchain/usr/bin/clang-stat-cache /Applications/Xcode.app/Contents/Developer/Platforms/WatchSimulator.platform/Developer/SDKs/WatchSimulator26.5.sdk /tmp/counting-sheep-search-build/SDKStatCaches.noindex/watchsimulator26.5-23T570-1651579a441f1322ae888f0ed545cb80.sdkstatcache
    cd /Users/ngawangchime/Desktop/Developer\ Projects/Phone\ in\ the\ Other\ Room/PhoneInTheOtherRoom.xcodeproj
    /Applications/Xcode.app/Contents/Developer/Toolchains/XcodeDefault.xctoolchain/usr/bin/clang-stat-cache /Applications/Xcode.app/Contents/Developer/Platforms/WatchSimulator.platform/Developer/SDKs/WatchSimulator26.5.sdk -o /tmp/counting-sheep-search-build/SDKStatCaches.noindex/watchsimulator26.5-23T570-1651579a441f1322ae888f0ed545cb80.sdkstatcache

ClangStatCache /Applications/Xcode.app/Contents/Developer/Toolchains/XcodeDefault.xctoolchain/usr/bin/clang-stat-cache /Applications/Xcode.app/Contents/Developer/Platforms/iPhoneSimulator.platform/Developer/SDKs/iPhoneSimulator26.5.sdk /tmp/counting-sheep-search-build/SDKStatCaches.noindex/iphonesimulator26.5-23F81a-6cfe768891a92b912361537c460fe42b.sdkstatcache
    cd /Users/ngawangchime/Desktop/Developer\ Projects/Phone\ in\ the\ Other\ Room/PhoneInTheOtherRoom.xcodeproj
    /Applications/Xcode.app/Contents/Developer/Toolchains/XcodeDefault.xctoolchain/usr/bin/clang-stat-cache /Applications/Xcode.app/Contents/Developer/Platforms/iPhoneSimulator.platform/Developer/SDKs/iPhoneSimulator26.5.sdk -o /tmp/counting-sheep-search-build/SDKStatCaches.noindex/iphonesimulator26.5-23F81a-6cfe768891a92b912361537c460fe42b.sdkstatcache

CompileAssetCatalogVariant thinned /tmp/counting-sheep-search-build/Build/Products/Debug-watchsimulator/Counting\ Sheep\ Watch.app /Users/ngawangchime/Desktop/Developer\ Projects/Phone\ in\ the\ Other\ Room/Assets.xcassets (in target 'PhoneInTheOtherRoomWatchApp' from project 'PhoneInTheOtherRoom')
    cd /Users/ngawangchime/Desktop/Developer\ Projects/Phone\ in\ the\ Other\ Room
    /Applications/Xcode.app/Contents/Developer/usr/bin/actool /Users/ngawangchime/Desktop/Developer\ Projects/Phone\ in\ the\ Other\ Room/Assets.xcassets --compile /tmp/counting-sheep-search-build/Build/Intermediates.noindex/PhoneInTheOtherRoom.build/Debug-watchsimulator/PhoneInTheOtherRoomWatchApp.build/assetcatalog_output/thinned --output-format human-readable-text --notices --warnings --export-dependency-info /tmp/counting-sheep-search-build/Build/Intermediates.noindex/PhoneInTheOtherRoom.build/Debug-watchsimulator/PhoneInTheOtherRoomWatchApp.build/assetcatalog_dependencies_thinned --output-partial-info-plist /tmp/counting-sheep-search-build/Build/Intermediates.noindex/PhoneInTheOtherRoom.build/Debug-watchsimulator/PhoneInTheOtherRoomWatchApp.build/assetcatalog_generated_info.plist_thinned --app-icon WatchAppIcon --compress-pngs --enable-on-demand-resources YES --filter-for-thinning-device-configuration iPhone14,6 --filter-for-device-os-version 26.5 --development-region en --target-device watch --minimum-deployment-target 10.0 --platform watchsimulator
/* com.apple.actool.compilation-results */
/tmp/counting-sheep-search-build/Build/Intermediates.noindex/PhoneInTheOtherRoom.build/Debug-watchsimulator/PhoneInTheOtherRoomWatchApp.build/assetcatalog_generated_info.plist_thinned
/tmp/counting-sheep-search-build/Build/Intermediates.noindex/PhoneInTheOtherRoom.build/Debug-watchsimulator/PhoneInTheOtherRoomWatchApp.build/assetcatalog_output/thinned/Assets.car


LinkAssetCatalog /Users/ngawangchime/Desktop/Developer\ Projects/Phone\ in\ the\ Other\ Room/Assets.xcassets (in target 'PhoneInTheOtherRoomWatchApp' from project 'PhoneInTheOtherRoom')
    cd /Users/ngawangchime/Desktop/Developer\ Projects/Phone\ in\ the\ Other\ Room
    builtin-linkAssetCatalog --thinned /tmp/counting-sheep-search-build/Build/Intermediates.noindex/PhoneInTheOtherRoom.build/Debug-watchsimulator/PhoneInTheOtherRoomWatchApp.build/assetcatalog_output/thinned --thinned-dependencies /tmp/counting-sheep-search-build/Build/Intermediates.noindex/PhoneInTheOtherRoom.build/Debug-watchsimulator/PhoneInTheOtherRoomWatchApp.build/assetcatalog_dependencies_thinned --thinned-info-plist-content /tmp/counting-sheep-search-build/Build/Intermediates.noindex/PhoneInTheOtherRoom.build/Debug-watchsimulator/PhoneInTheOtherRoomWatchApp.build/assetcatalog_generated_info.plist_thinned --unthinned /tmp/counting-sheep-search-build/Build/Intermediates.noindex/PhoneInTheOtherRoom.build/Debug-watchsimulator/PhoneInTheOtherRoomWatchApp.build/assetcatalog_output/unthinned --unthinned-dependencies /tmp/counting-sheep-search-build/Build/Intermediates.noindex/PhoneInTheOtherRoom.build/Debug-watchsimulator/PhoneInTheOtherRoomWatchApp.build/assetcatalog_dependencies_unthinned --unthinned-info-plist-content /tmp/counting-sheep-search-build/Build/Intermediates.noindex/PhoneInTheOtherRoom.build/Debug-watchsimulator/PhoneInTheOtherRoomWatchApp.build/assetcatalog_generated_info.plist_unthinned --output /tmp/counting-sheep-search-build/Build/Products/Debug-watchsimulator/Counting\ Sheep\ Watch.app --plist-output /tmp/counting-sheep-search-build/Build/Intermediates.noindex/PhoneInTheOtherRoom.build/Debug-watchsimulator/PhoneInTheOtherRoomWatchApp.build/assetcatalog_generated_info.plist
note: Emplaced /tmp/counting-sheep-search-build/Build/Products/Debug-watchsimulator/Counting Sheep Watch.app/Assets.car (in target 'PhoneInTheOtherRoomWatchApp' from project 'PhoneInTheOtherRoom')

ProcessInfoPlistFile /tmp/counting-sheep-search-build/Build/Products/Debug-watchsimulator/Counting\ Sheep\ Watch.app/Info.plist /tmp/counting-sheep-search-build/Build/Intermediates.noindex/PhoneInTheOtherRoom.build/Debug-watchsimulator/PhoneInTheOtherRoomWatchApp.build/empty-Counting\ Sheep\ Watch.plist (in target 'PhoneInTheOtherRoomWatchApp' from project 'PhoneInTheOtherRoom')
    cd /Users/ngawangchime/Desktop/Developer\ Projects/Phone\ in\ the\ Other\ Room
    builtin-infoPlistUtility /tmp/counting-sheep-search-build/Build/Intermediates.noindex/PhoneInTheOtherRoom.build/Debug-watchsimulator/PhoneInTheOtherRoomWatchApp.build/empty-Counting\ Sheep\ Watch.plist -producttype com.apple.product-type.application -genpkginfo /tmp/counting-sheep-search-build/Build/Products/Debug-watchsimulator/Counting\ Sheep\ Watch.app/PkgInfo -expandbuildsettings -format binary -platform watchsimulator -additionalcontentfile /tmp/counting-sheep-search-build/Build/Intermediates.noindex/PhoneInTheOtherRoom.build/Debug-watchsimulator/PhoneInTheOtherRoomWatchApp.build/assetcatalog_generated_info.plist -o /tmp/counting-sheep-search-build/Build/Products/Debug-watchsimulator/Counting\ Sheep\ Watch.app/Info.plist

CopySwiftLibs /tmp/counting-sheep-search-build/Build/Products/Debug-watchsimulator/Counting\ Sheep\ Watch.app (in target 'PhoneInTheOtherRoomWatchApp' from project 'PhoneInTheOtherRoom')
    cd /Users/ngawangchime/Desktop/Developer\ Projects/Phone\ in\ the\ Other\ Room
    builtin-swiftStdLibTool --copy --verbose --sign - --scan-executable /tmp/counting-sheep-search-build/Build/Products/Debug-watchsimulator/Counting\ Sheep\ Watch.app/Counting\ Sheep\ Watch.debug.dylib --scan-folder /tmp/counting-sheep-search-build/Build/Products/Debug-watchsimulator/Counting\ Sheep\ Watch.app/Frameworks --scan-folder /tmp/counting-sheep-search-build/Build/Products/Debug-watchsimulator/Counting\ Sheep\ Watch.app/PlugIns --scan-folder /tmp/counting-sheep-search-build/Build/Products/Debug-watchsimulator/Counting\ Sheep\ Watch.app/SystemExtensions --scan-folder /tmp/counting-sheep-search-build/Build/Products/Debug-watchsimulator/Counting\ Sheep\ Watch.app/Extensions --platform watchsimulator --toolchain /Applications/Xcode.app/Contents/Developer/Toolchains/XcodeDefault.xctoolchain --destination /tmp/counting-sheep-search-build/Build/Products/Debug-watchsimulator/Counting\ Sheep\ Watch.app/Frameworks --strip-bitcode --strip-bitcode-tool /Applications/Xcode.app/Contents/Developer/Toolchains/XcodeDefault.xctoolchain/usr/bin/bitcode_strip --emit-dependency-info /tmp/counting-sheep-search-build/Build/Intermediates.noindex/PhoneInTheOtherRoom.build/Debug-watchsimulator/PhoneInTheOtherRoomWatchApp.build/SwiftStdLibToolInputDependencies.dep --filter-for-swift-os --back-deploy-swift-span

ProcessInfoPlistFile /tmp/counting-sheep-search-build/Build/Products/Debug-iphonesimulator/Counting\ Sheep\ Wind\ Down\ Action.appex/Info.plist /Users/ngawangchime/Desktop/Developer\ Projects/Phone\ in\ the\ Other\ Room/PhoneInTheOtherRoomShieldAction/Info.plist (in target 'PhoneInTheOtherRoomShieldAction' from project 'PhoneInTheOtherRoom')
    cd /Users/ngawangchime/Desktop/Developer\ Projects/Phone\ in\ the\ Other\ Room
    builtin-infoPlistUtility /Users/ngawangchime/Desktop/Developer\ Projects/Phone\ in\ the\ Other\ Room/PhoneInTheOtherRoomShieldAction/Info.plist -producttype com.apple.product-type.app-extension -expandbuildsettings -format binary -platform iphonesimulator -o /tmp/counting-sheep-search-build/Build/Products/Debug-iphonesimulator/Counting\ Sheep\ Wind\ Down\ Action.appex/Info.plist

CompileAssetCatalogVariant thinned /tmp/counting-sheep-search-build/Build/Products/Debug-iphonesimulator/Counting\ Sheep\ Wind\ Down\ Shield.appex /Users/ngawangchime/Desktop/Developer\ Projects/Phone\ in\ the\ Other\ Room/PhoneInTheOtherRoomShieldConfiguration/Assets.xcassets (in target 'PhoneInTheOtherRoomShieldConfiguration' from project 'PhoneInTheOtherRoom')
    cd /Users/ngawangchime/Desktop/Developer\ Projects/Phone\ in\ the\ Other\ Room
    /Applications/Xcode.app/Contents/Developer/usr/bin/actool /Users/ngawangchime/Desktop/Developer\ Projects/Phone\ in\ the\ Other\ Room/PhoneInTheOtherRoomShieldConfiguration/Assets.xcassets --compile /tmp/counting-sheep-search-build/Build/Intermediates.noindex/PhoneInTheOtherRoom.build/Debug-iphonesimulator/PhoneInTheOtherRoomShieldConfiguration.build/assetcatalog_output/thinned --output-format human-readable-text --notices --warnings --export-dependency-info /tmp/counting-sheep-search-build/Build/Intermediates.noindex/PhoneInTheOtherRoom.build/Debug-iphonesimulator/PhoneInTheOtherRoomShieldConfiguration.build/assetcatalog_dependencies_thinned --output-partial-info-plist /tmp/counting-sheep-search-build/Build/Intermediates.noindex/PhoneInTheOtherRoom.build/Debug-iphonesimulator/PhoneInTheOtherRoomShieldConfiguration.build/assetcatalog_generated_info.plist_thinned --compress-pngs --enable-on-demand-resources NO --standalone-icon-behavior all --filter-for-thinning-device-configuration iPhone14,6 --filter-for-device-os-version 26.5 --development-region en --target-device iphone --target-device ipad --minimum-deployment-target 17.0 --platform iphonesimulator
/* com.apple.actool.compilation-results */
/tmp/counting-sheep-search-build/Build/Intermediates.noindex/PhoneInTheOtherRoom.build/Debug-iphonesimulator/PhoneInTheOtherRoomShieldConfiguration.build/assetcatalog_generated_info.plist_thinned
/tmp/counting-sheep-search-build/Build/Intermediates.noindex/PhoneInTheOtherRoom.build/Debug-iphonesimulator/PhoneInTheOtherRoomShieldConfiguration.build/assetcatalog_output/thinned/Assets.car


LinkAssetCatalog /Users/ngawangchime/Desktop/Developer\ Projects/Phone\ in\ the\ Other\ Room/PhoneInTheOtherRoomShieldConfiguration/Assets.xcassets (in target 'PhoneInTheOtherRoomShieldConfiguration' from project 'PhoneInTheOtherRoom')
    cd /Users/ngawangchime/Desktop/Developer\ Projects/Phone\ in\ the\ Other\ Room
    builtin-linkAssetCatalog --thinned /tmp/counting-sheep-search-build/Build/Intermediates.noindex/PhoneInTheOtherRoom.build/Debug-iphonesimulator/PhoneInTheOtherRoomShieldConfiguration.build/assetcatalog_output/thinned --thinned-dependencies /tmp/counting-sheep-search-build/Build/Intermediates.noindex/PhoneInTheOtherRoom.build/Debug-iphonesimulator/PhoneInTheOtherRoomShieldConfiguration.build/assetcatalog_dependencies_thinned --thinned-info-plist-content /tmp/counting-sheep-search-build/Build/Intermediates.noindex/PhoneInTheOtherRoom.build/Debug-iphonesimulator/PhoneInTheOtherRoomShieldConfiguration.build/assetcatalog_generated_info.plist_thinned --unthinned /tmp/counting-sheep-search-build/Build/Intermediates.noindex/PhoneInTheOtherRoom.build/Debug-iphonesimulator/PhoneInTheOtherRoomShieldConfiguration.build/assetcatalog_output/unthinned --unthinned-dependencies /tmp/counting-sheep-search-build/Build/Intermediates.noindex/PhoneInTheOtherRoom.build/Debug-iphonesimulator/PhoneInTheOtherRoomShieldConfiguration.build/assetcatalog_dependencies_unthinned --unthinned-info-plist-content /tmp/counting-sheep-search-build/Build/Intermediates.noindex/PhoneInTheOtherRoom.build/Debug-iphonesimulator/PhoneInTheOtherRoomShieldConfiguration.build/assetcatalog_generated_info.plist_unthinned --output /tmp/counting-sheep-search-build/Build/Products/Debug-iphonesimulator/Counting\ Sheep\ Wind\ Down\ Shield.appex --plist-output /tmp/counting-sheep-search-build/Build/Intermediates.noindex/PhoneInTheOtherRoom.build/Debug-iphonesimulator/PhoneInTheOtherRoomShieldConfiguration.build/assetcatalog_generated_info.plist
note: Emplaced /tmp/counting-sheep-search-build/Build/Products/Debug-iphonesimulator/Counting Sheep Wind Down Shield.appex/Assets.car (in target 'PhoneInTheOtherRoomShieldConfiguration' from project 'PhoneInTheOtherRoom')

ProcessInfoPlistFile /tmp/counting-sheep-search-build/Build/Products/Debug-iphonesimulator/Counting\ Sheep\ Wind\ Down\ Shield.appex/Info.plist /Users/ngawangchime/Desktop/Developer\ Projects/Phone\ in\ the\ Other\ Room/PhoneInTheOtherRoomShieldConfiguration/Info.plist (in target 'PhoneInTheOtherRoomShieldConfiguration' from project 'PhoneInTheOtherRoom')
    cd /Users/ngawangchime/Desktop/Developer\ Projects/Phone\ in\ the\ Other\ Room
    builtin-infoPlistUtility /Users/ngawangchime/Desktop/Developer\ Projects/Phone\ in\ the\ Other\ Room/PhoneInTheOtherRoomShieldConfiguration/Info.plist -producttype com.apple.product-type.app-extension -expandbuildsettings -format binary -platform iphonesimulator -additionalcontentfile /tmp/counting-sheep-search-build/Build/Intermediates.noindex/PhoneInTheOtherRoom.build/Debug-iphonesimulator/PhoneInTheOtherRoomShieldConfiguration.build/assetcatalog_generated_info.plist -o /tmp/counting-sheep-search-build/Build/Products/Debug-iphonesimulator/Counting\ Sheep\ Wind\ Down\ Shield.appex/Info.plist

ProcessInfoPlistFile /tmp/counting-sheep-search-build/Build/Products/Debug-iphonesimulator/Counting\ Sheep\ Screen\ Time\ Report.appex/Info.plist /Users/ngawangchime/Desktop/Developer\ Projects/Phone\ in\ the\ Other\ Room/PhoneInTheOtherRoomScreenTimeReport/Info.plist (in target 'PhoneInTheOtherRoomScreenTimeReport' from project 'PhoneInTheOtherRoom')
    cd /Users/ngawangchime/Desktop/Developer\ Projects/Phone\ in\ the\ Other\ Room
    builtin-infoPlistUtility /Users/ngawangchime/Desktop/Developer\ Projects/Phone\ in\ the\ Other\ Room/PhoneInTheOtherRoomScreenTimeReport/Info.plist -producttype com.apple.product-type.extensionkit-extension -expandbuildsettings -format binary -platform iphonesimulator -additionalcontentfile /tmp/counting-sheep-search-build/Build/Intermediates.noindex/PhoneInTheOtherRoom.build/Debug-iphonesimulator/PhoneInTheOtherRoomScreenTimeReport.build/PhoneInTheOtherRoomScreenTimeReport-appextension-generated-info.plist -o /tmp/counting-sheep-search-build/Build/Products/Debug-iphonesimulator/Counting\ Sheep\ Screen\ Time\ Report.appex/Info.plist

ProcessInfoPlistFile /tmp/counting-sheep-search-build/Build/Products/Debug-iphonesimulator/Counting\ Sheep\ Wind\ Down\ Monitor.appex/Info.plist /Users/ngawangchime/Desktop/Developer\ Projects/Phone\ in\ the\ Other\ Room/PhoneInTheOtherRoomDeviceActivityMonitor/Info.plist (in target 'PhoneInTheOtherRoomDeviceActivityMonitor' from project 'PhoneInTheOtherRoom')
    cd /Users/ngawangchime/Desktop/Developer\ Projects/Phone\ in\ the\ Other\ Room
    builtin-infoPlistUtility /Users/ngawangchime/Desktop/Developer\ Projects/Phone\ in\ the\ Other\ Room/PhoneInTheOtherRoomDeviceActivityMonitor/Info.plist -producttype com.apple.product-type.app-extension -expandbuildsettings -format binary -platform iphonesimulator -o /tmp/counting-sheep-search-build/Build/Products/Debug-iphonesimulator/Counting\ Sheep\ Wind\ Down\ Monitor.appex/Info.plist

CompileAssetCatalogVariant thinned /tmp/counting-sheep-search-build/Build/Products/Debug-iphonesimulator/Counting\ Sheep\ Live\ Activity.appex /Users/ngawangchime/Desktop/Developer\ Projects/Phone\ in\ the\ Other\ Room/Assets.xcassets (in target 'PhoneInTheOtherRoomLiveActivity' from project 'PhoneInTheOtherRoom')
    cd /Users/ngawangchime/Desktop/Developer\ Projects/Phone\ in\ the\ Other\ Room
    /Applications/Xcode.app/Contents/Developer/usr/bin/actool /Users/ngawangchime/Desktop/Developer\ Projects/Phone\ in\ the\ Other\ Room/Assets.xcassets --compile /tmp/counting-sheep-search-build/Build/Intermediates.noindex/PhoneInTheOtherRoom.build/Debug-iphonesimulator/PhoneInTheOtherRoomLiveActivity.build/assetcatalog_output/thinned --output-format human-readable-text --notices --warnings --export-dependency-info /tmp/counting-sheep-search-build/Build/Intermediates.noindex/PhoneInTheOtherRoom.build/Debug-iphonesimulator/PhoneInTheOtherRoomLiveActivity.build/assetcatalog_dependencies_thinned --output-partial-info-plist /tmp/counting-sheep-search-build/Build/Intermediates.noindex/PhoneInTheOtherRoom.build/Debug-iphonesimulator/PhoneInTheOtherRoomLiveActivity.build/assetcatalog_generated_info.plist_thinned --compress-pngs --enable-on-demand-resources NO --standalone-icon-behavior all --filter-for-thinning-device-configuration iPhone14,6 --filter-for-device-os-version 26.5 --development-region en --target-device iphone --target-device ipad --minimum-deployment-target 17.0 --platform iphonesimulator
/* com.apple.actool.compilation-results */
/tmp/counting-sheep-search-build/Build/Intermediates.noindex/PhoneInTheOtherRoom.build/Debug-iphonesimulator/PhoneInTheOtherRoomLiveActivity.build/assetcatalog_generated_info.plist_thinned
/tmp/counting-sheep-search-build/Build/Intermediates.noindex/PhoneInTheOtherRoom.build/Debug-iphonesimulator/PhoneInTheOtherRoomLiveActivity.build/assetcatalog_output/thinned/Assets.car


LinkAssetCatalog /Users/ngawangchime/Desktop/Developer\ Projects/Phone\ in\ the\ Other\ Room/Assets.xcassets (in target 'PhoneInTheOtherRoomLiveActivity' from project 'PhoneInTheOtherRoom')
    cd /Users/ngawangchime/Desktop/Developer\ Projects/Phone\ in\ the\ Other\ Room
    builtin-linkAssetCatalog --thinned /tmp/counting-sheep-search-build/Build/Intermediates.noindex/PhoneInTheOtherRoom.build/Debug-iphonesimulator/PhoneInTheOtherRoomLiveActivity.build/assetcatalog_output/thinned --thinned-dependencies /tmp/counting-sheep-search-build/Build/Intermediates.noindex/PhoneInTheOtherRoom.build/Debug-iphonesimulator/PhoneInTheOtherRoomLiveActivity.build/assetcatalog_dependencies_thinned --thinned-info-plist-content /tmp/counting-sheep-search-build/Build/Intermediates.noindex/PhoneInTheOtherRoom.build/Debug-iphonesimulator/PhoneInTheOtherRoomLiveActivity.build/assetcatalog_generated_info.plist_thinned --unthinned /tmp/counting-sheep-search-build/Build/Intermediates.noindex/PhoneInTheOtherRoom.build/Debug-iphonesimulator/PhoneInTheOtherRoomLiveActivity.build/assetcatalog_output/unthinned --unthinned-dependencies /tmp/counting-sheep-search-build/Build/Intermediates.noindex/PhoneInTheOtherRoom.build/Debug-iphonesimulator/PhoneInTheOtherRoomLiveActivity.build/assetcatalog_dependencies_unthinned --unthinned-info-plist-content /tmp/counting-sheep-search-build/Build/Intermediates.noindex/PhoneInTheOtherRoom.build/Debug-iphonesimulator/PhoneInTheOtherRoomLiveActivity.build/assetcatalog_generated_info.plist_unthinned --output /tmp/counting-sheep-search-build/Build/Products/Debug-iphonesimulator/Counting\ Sheep\ Live\ Activity.appex --plist-output /tmp/counting-sheep-search-build/Build/Intermediates.noindex/PhoneInTheOtherRoom.build/Debug-iphonesimulator/PhoneInTheOtherRoomLiveActivity.build/assetcatalog_generated_info.plist
note: Emplaced /tmp/counting-sheep-search-build/Build/Products/Debug-iphonesimulator/Counting Sheep Live Activity.appex/Assets.car (in target 'PhoneInTheOtherRoomLiveActivity' from project 'PhoneInTheOtherRoom')

ProcessInfoPlistFile /tmp/counting-sheep-search-build/Build/Products/Debug-iphonesimulator/Counting\ Sheep\ Live\ Activity.appex/Info.plist /Users/ngawangchime/Desktop/Developer\ Projects/Phone\ in\ the\ Other\ Room/PhoneInTheOtherRoomLiveActivity/Info.plist (in target 'PhoneInTheOtherRoomLiveActivity' from project 'PhoneInTheOtherRoom')
    cd /Users/ngawangchime/Desktop/Developer\ Projects/Phone\ in\ the\ Other\ Room
    builtin-infoPlistUtility /Users/ngawangchime/Desktop/Developer\ Projects/Phone\ in\ the\ Other\ Room/PhoneInTheOtherRoomLiveActivity/Info.plist -producttype com.apple.product-type.app-extension -expandbuildsettings -format binary -platform iphonesimulator -additionalcontentfile /tmp/counting-sheep-search-build/Build/Intermediates.noindex/PhoneInTheOtherRoom.build/Debug-iphonesimulator/PhoneInTheOtherRoomLiveActivity.build/assetcatalog_generated_info.plist -o /tmp/counting-sheep-search-build/Build/Products/Debug-iphonesimulator/Counting\ Sheep\ Live\ Activity.appex/Info.plist

ProcessInfoPlistFile /tmp/counting-sheep-search-build/Build/Products/Debug-iphonesimulator/swift-crypto_Crypto.bundle/Info.plist /tmp/counting-sheep-search-build/Build/Intermediates.noindex/swift-crypto.build/Debug-iphonesimulator/swift-crypto_Crypto.build/empty-swift-crypto_Crypto.plist (in target 'swift-crypto_Crypto' from project 'swift-crypto')
    cd /tmp/counting-sheep-search-build/SourcePackages/checkouts/swift-crypto
    builtin-infoPlistUtility /tmp/counting-sheep-search-build/Build/Intermediates.noindex/swift-crypto.build/Debug-iphonesimulator/swift-crypto_Crypto.build/empty-swift-crypto_Crypto.plist -producttype com.apple.product-type.bundle -expandbuildsettings -format binary -platform iphonesimulator -o /tmp/counting-sheep-search-build/Build/Products/Debug-iphonesimulator/swift-crypto_Crypto.bundle/Info.plist

SwiftDriver PhoneInTheOtherRoom normal arm64 com.apple.xcode.tools.swift.compiler (in target 'PhoneInTheOtherRoom' from project 'PhoneInTheOtherRoom')
    cd /Users/ngawangchime/Desktop/Developer\ Projects/Phone\ in\ the\ Other\ Room
    builtin-SwiftDriver -- /Applications/Xcode.app/Contents/Developer/Toolchains/XcodeDefault.xctoolchain/usr/bin/swiftc -module-name Counting_Sheep -Onone @/tmp/counting-sheep-search-build/Build/Intermediates.noindex/PhoneInTheOtherRoom.build/Debug-iphonesimulator/PhoneInTheOtherRoom.build/Objects-normal/arm64/Counting\ Sheep.SwiftFileList -DDEBUG -DSCREEN_TIME_REPORTS -enable-bare-slash-regex -enable-experimental-feature DebugDescriptionMacro -sdk /Applications/Xcode.app/Contents/Developer/Platforms/iPhoneSimulator.platform/Developer/SDKs/iPhoneSimulator26.5.sdk -target arm64-apple-ios17.0-simulator -g -module-cache-path /tmp/counting-sheep-search-build/ModuleCache.noindex -Xfrontend -serialize-debugging-options -enable-testing -index-store-path /tmp/counting-sheep-search-build/Index.noindex/DataStore -Xcc -D_LIBCPP_HARDENING_MODE\=_LIBCPP_HARDENING_MODE_DEBUG -swift-version 5 -I /tmp/counting-sheep-search-build/Build/Products/Debug-iphonesimulator -F /tmp/counting-sheep-search-build/Build/Products/Debug-iphonesimulator/PackageFrameworks -F /tmp/counting-sheep-search-build/Build/Products/Debug-iphonesimulator/PackageFrameworks -F /tmp/counting-sheep-search-build/Build/Products/Debug-iphonesimulator/PackageFrameworks -F /tmp/counting-sheep-search-build/Build/Products/Debug-iphonesimulator/PackageFrameworks -F /tmp/counting-sheep-search-build/Build/Products/Debug-iphonesimulator/PackageFrameworks -F /tmp/counting-sheep-search-build/Build/Products/Debug-iphonesimulator/PackageFrameworks -F /tmp/counting-sheep-search-build/Build/Products/Debug-iphonesimulator/PackageFrameworks -F /tmp/counting-sheep-search-build/Build/Products/Debug-iphonesimulator/PackageFrameworks -F /tmp/counting-sheep-search-build/Build/Products/Debug-iphonesimulator/PackageFrameworks -F /tmp/counting-sheep-search-build/Build/Products/Debug-iphonesimulator/PackageFrameworks -F /tmp/counting-sheep-search-build/Build/Products/Debug-iphonesimulator/PackageFrameworks -F /tmp/counting-sheep-search-build/Build/Products/Debug-iphonesimulator/PackageFrameworks -F /tmp/counting-sheep-search-build/Build/Products/Debug-iphonesimulator/PackageFrameworks -F /tmp/counting-sheep-search-build/Build/Products/Debug-iphonesimulator/PackageFrameworks -F /tmp/counting-sheep-search-build/Build/Products/Debug-iphonesimulator -c -j8 -enable-batch-mode -incremental -Xcc -ivfsstatcache -Xcc /tmp/counting-sheep-search-build/SDKStatCaches.noindex/iphonesimulator26.5-23F81a-6cfe768891a92b912361537c460fe42b.sdkstatcache -output-file-map /tmp/counting-sheep-search-build/Build/Intermediates.noindex/PhoneInTheOtherRoom.build/Debug-iphonesimulator/PhoneInTheOtherRoom.build/Objects-normal/arm64/PhoneInTheOtherRoom-OutputFileMap.json -use-frontend-parseable-output -save-temps -no-color-diagnostics -explicit-module-build -module-cache-path /tmp/counting-sheep-search-build/Build/Intermediates.noindex/SwiftExplicitPrecompiledModules -clang-scanner-module-cache-path /tmp/counting-sheep-search-build/ModuleCache.noindex -sdk-module-cache-path /tmp/counting-sheep-search-build/ModuleCache.noindex -serialize-diagnostics -emit-dependencies -emit-module -emit-module-path /tmp/counting-sheep-search-build/Build/Intermediates.noindex/PhoneInTheOtherRoom.build/Debug-iphonesimulator/PhoneInTheOtherRoom.build/Objects-normal/arm64/Counting_Sheep.swiftmodule -validate-clang-modules-once -clang-build-session-file /tmp/counting-sheep-search-build/ModuleCache.noindex/Session.modulevalidation -Xcc -I/tmp/counting-sheep-search-build/Build/Intermediates.noindex/PhoneInTheOtherRoom.build/Debug-iphonesimulator/PhoneInTheOtherRoom.build/swift-overrides.hmap -emit-const-values -Xfrontend -const-gather-protocols-file -Xfrontend /tmp/counting-sheep-search-build/Build/Intermediates.noindex/PhoneInTheOtherRoom.build/Debug-iphonesimulator/PhoneInTheOtherRoom.build/Objects-normal/arm64/PhoneInTheOtherRoom_const_extract_protocols.json -Xcc -iquote -Xcc /tmp/counting-sheep-search-build/Build/Intermediates.noindex/PhoneInTheOtherRoom.build/Debug-iphonesimulator/PhoneInTheOtherRoom.build/Counting\ Sheep-generated-files.hmap -Xcc -I/tmp/counting-sheep-search-build/Build/Intermediates.noindex/PhoneInTheOtherRoom.build/Debug-iphonesimulator/PhoneInTheOtherRoom.build/Counting\ Sheep-own-target-headers.hmap -Xcc -I/tmp/counting-sheep-search-build/Build/Intermediates.noindex/PhoneInTheOtherRoom.build/Debug-iphonesimulator/PhoneInTheOtherRoom.build/Counting\ Sheep-all-non-framework-target-headers.hmap -Xcc -ivfsoverlay -Xcc /tmp/counting-sheep-search-build/Build/Intermediates.noindex/PhoneInTheOtherRoom.build/Debug-iphonesimulator/PhoneInTheOtherRoom-d9a00fb94435e678319518e524e23875-VFS-iphonesimulator/all-product-headers.yaml -Xcc -iquote -Xcc /tmp/counting-sheep-search-build/Build/Intermediates.noindex/PhoneInTheOtherRoom.build/Debug-iphonesimulator/PhoneInTheOtherRoom.build/Counting\ Sheep-project-headers.hmap -Xcc -I/tmp/counting-sheep-search-build/Build/Products/Debug-iphonesimulator/include -Xcc -I/tmp/counting-sheep-search-build/Build/Intermediates.noindex/PhoneInTheOtherRoom.build/Debug-iphonesimulator/PhoneInTheOtherRoom.build/DerivedSources-normal/arm64 -Xcc -I/tmp/counting-sheep-search-build/Build/Intermediates.noindex/PhoneInTheOtherRoom.build/Debug-iphonesimulator/PhoneInTheOtherRoom.build/DerivedSources/arm64 -Xcc -I/tmp/counting-sheep-search-build/Build/Intermediates.noindex/PhoneInTheOtherRoom.build/Debug-iphonesimulator/PhoneInTheOtherRoom.build/DerivedSources -Xcc -DDEBUG\=1 -emit-objc-header -emit-objc-header-path /tmp/counting-sheep-search-build/Build/Intermediates.noindex/PhoneInTheOtherRoom.build/Debug-iphonesimulator/PhoneInTheOtherRoom.build/Objects-normal/arm64/Counting_Sheep-Swift.h -working-directory /Users/ngawangchime/Desktop/Developer\ Projects/Phone\ in\ the\ Other\ Room -experimental-emit-module-separately -disable-cmo

SwiftEmitModule normal arm64 Emitting\ module\ for\ Counting_Sheep (in target 'PhoneInTheOtherRoom' from project 'PhoneInTheOtherRoom')

EmitSwiftModule normal arm64 (in target 'PhoneInTheOtherRoom' from project 'PhoneInTheOtherRoom')
    cd /Users/ngawangchime/Desktop/Developer\ Projects/Phone\ in\ the\ Other\ Room

/Users/ngawangchime/Desktop/Developer Projects/Phone in the Other Room/PhoneInTheOtherRoomApp/Services/FarmBackupService.swift:57:25: warning: 'init(url:schema:headers:fetch:encoder:decoder:)' is deprecated: Replace usages of this initializer with new init(url:schema:headers:logger:fetch:encoder:decoder:)
        let transport = PostgrestClient(url: configuration.url.appendingPathComponent("rest/v1"),
                        ^

SwiftDriverJobDiscovery normal arm64 Emitting module for Counting_Sheep (in target 'PhoneInTheOtherRoom' from project 'PhoneInTheOtherRoom')

SwiftDriver\ Compilation\ Requirements PhoneInTheOtherRoom normal arm64 com.apple.xcode.tools.swift.compiler (in target 'PhoneInTheOtherRoom' from project 'PhoneInTheOtherRoom')
    cd /Users/ngawangchime/Desktop/Developer\ Projects/Phone\ in\ the\ Other\ Room
    builtin-Swift-Compilation-Requirements -- /Applications/Xcode.app/Contents/Developer/Toolchains/XcodeDefault.xctoolchain/usr/bin/swiftc -module-name Counting_Sheep -Onone @/tmp/counting-sheep-search-build/Build/Intermediates.noindex/PhoneInTheOtherRoom.build/Debug-iphonesimulator/PhoneInTheOtherRoom.build/Objects-normal/arm64/Counting\ Sheep.SwiftFileList -DDEBUG -DSCREEN_TIME_REPORTS -enable-bare-slash-regex -enable-experimental-feature DebugDescriptionMacro -sdk /Applications/Xcode.app/Contents/Developer/Platforms/iPhoneSimulator.platform/Developer/SDKs/iPhoneSimulator26.5.sdk -target arm64-apple-ios17.0-simulator -g -module-cache-path /tmp/counting-sheep-search-build/ModuleCache.noindex -Xfrontend -serialize-debugging-options -enable-testing -index-store-path /tmp/counting-sheep-search-build/Index.noindex/DataStore -Xcc -D_LIBCPP_HARDENING_MODE\=_LIBCPP_HARDENING_MODE_DEBUG -swift-version 5 -I /tmp/counting-sheep-search-build/Build/Products/Debug-iphonesimulator -F /tmp/counting-sheep-search-build/Build/Products/Debug-iphonesimulator/PackageFrameworks -F /tmp/counting-sheep-search-build/Build/Products/Debug-iphonesimulator/PackageFrameworks -F /tmp/counting-sheep-search-build/Build/Products/Debug-iphonesimulator/PackageFrameworks -F /tmp/counting-sheep-search-build/Build/Products/Debug-iphonesimulator/PackageFrameworks -F /tmp/counting-sheep-search-build/Build/Products/Debug-iphonesimulator/PackageFrameworks -F /tmp/counting-sheep-search-build/Build/Products/Debug-iphonesimulator/PackageFrameworks -F /tmp/counting-sheep-search-build/Build/Products/Debug-iphonesimulator/PackageFrameworks -F /tmp/counting-sheep-search-build/Build/Products/Debug-iphonesimulator/PackageFrameworks -F /tmp/counting-sheep-search-build/Build/Products/Debug-iphonesimulator/PackageFrameworks -F /tmp/counting-sheep-search-build/Build/Products/Debug-iphonesimulator/PackageFrameworks -F /tmp/counting-sheep-search-build/Build/Products/Debug-iphonesimulator/PackageFrameworks -F /tmp/counting-sheep-search-build/Build/Products/Debug-iphonesimulator/PackageFrameworks -F /tmp/counting-sheep-search-build/Build/Products/Debug-iphonesimulator/PackageFrameworks -F /tmp/counting-sheep-search-build/Build/Products/Debug-iphonesimulator/PackageFrameworks -F /tmp/counting-sheep-search-build/Build/Products/Debug-iphonesimulator -c -j8 -enable-batch-mode -incremental -Xcc -ivfsstatcache -Xcc /tmp/counting-sheep-search-build/SDKStatCaches.noindex/iphonesimulator26.5-23F81a-6cfe768891a92b912361537c460fe42b.sdkstatcache -output-file-map /tmp/counting-sheep-search-build/Build/Intermediates.noindex/PhoneInTheOtherRoom.build/Debug-iphonesimulator/PhoneInTheOtherRoom.build/Objects-normal/arm64/PhoneInTheOtherRoom-OutputFileMap.json -use-frontend-parseable-output -save-temps -no-color-diagnostics -explicit-module-build -module-cache-path /tmp/counting-sheep-search-build/Build/Intermediates.noindex/SwiftExplicitPrecompiledModules -clang-scanner-module-cache-path /tmp/counting-sheep-search-build/ModuleCache.noindex -sdk-module-cache-path /tmp/counting-sheep-search-build/ModuleCache.noindex -serialize-diagnostics -emit-dependencies -emit-module -emit-module-path /tmp/counting-sheep-search-build/Build/Intermediates.noindex/PhoneInTheOtherRoom.build/Debug-iphonesimulator/PhoneInTheOtherRoom.build/Objects-normal/arm64/Counting_Sheep.swiftmodule -validate-clang-modules-once -clang-build-session-file /tmp/counting-sheep-search-build/ModuleCache.noindex/Session.modulevalidation -Xcc -I/tmp/counting-sheep-search-build/Build/Intermediates.noindex/PhoneInTheOtherRoom.build/Debug-iphonesimulator/PhoneInTheOtherRoom.build/swift-overrides.hmap -emit-const-values -Xfrontend -const-gather-protocols-file -Xfrontend /tmp/counting-sheep-search-build/Build/Intermediates.noindex/PhoneInTheOtherRoom.build/Debug-iphonesimulator/PhoneInTheOtherRoom.build/Objects-normal/arm64/PhoneInTheOtherRoom_const_extract_protocols.json -Xcc -iquote -Xcc /tmp/counting-sheep-search-build/Build/Intermediates.noindex/PhoneInTheOtherRoom.build/Debug-iphonesimulator/PhoneInTheOtherRoom.build/Counting\ Sheep-generated-files.hmap -Xcc -I/tmp/counting-sheep-search-build/Build/Intermediates.noindex/PhoneInTheOtherRoom.build/Debug-iphonesimulator/PhoneInTheOtherRoom.build/Counting\ Sheep-own-target-headers.hmap -Xcc -I/tmp/counting-sheep-search-build/Build/Intermediates.noindex/PhoneInTheOtherRoom.build/Debug-iphonesimulator/PhoneInTheOtherRoom.build/Counting\ Sheep-all-non-framework-target-headers.hmap -Xcc -ivfsoverlay -Xcc /tmp/counting-sheep-search-build/Build/Intermediates.noindex/PhoneInTheOtherRoom.build/Debug-iphonesimulator/PhoneInTheOtherRoom-d9a00fb94435e678319518e524e23875-VFS-iphonesimulator/all-product-headers.yaml -Xcc -iquote -Xcc /tmp/counting-sheep-search-build/Build/Intermediates.noindex/PhoneInTheOtherRoom.build/Debug-iphonesimulator/PhoneInTheOtherRoom.build/Counting\ Sheep-project-headers.hmap -Xcc -I/tmp/counting-sheep-search-build/Build/Products/Debug-iphonesimulator/include -Xcc -I/tmp/counting-sheep-search-build/Build/Intermediates.noindex/PhoneInTheOtherRoom.build/Debug-iphonesimulator/PhoneInTheOtherRoom.build/DerivedSources-normal/arm64 -Xcc -I/tmp/counting-sheep-search-build/Build/Intermediates.noindex/PhoneInTheOtherRoom.build/Debug-iphonesimulator/PhoneInTheOtherRoom.build/DerivedSources/arm64 -Xcc -I/tmp/counting-sheep-search-build/Build/Intermediates.noindex/PhoneInTheOtherRoom.build/Debug-iphonesimulator/PhoneInTheOtherRoom.build/DerivedSources -Xcc -DDEBUG\=1 -emit-objc-header -emit-objc-header-path /tmp/counting-sheep-search-build/Build/Intermediates.noindex/PhoneInTheOtherRoom.build/Debug-iphonesimulator/PhoneInTheOtherRoom.build/Objects-normal/arm64/Counting_Sheep-Swift.h -working-directory /Users/ngawangchime/Desktop/Developer\ Projects/Phone\ in\ the\ Other\ Room -experimental-emit-module-separately -disable-cmo

SwiftCompile normal arm64 Compiling\ FocusRunViewModel+Campfire.swift /Users/ngawangchime/Desktop/Developer\ Projects/Phone\ in\ the\ Other\ Room/PhoneInTheOtherRoomApp/ViewModels/FocusRunViewModel+Campfire.swift (in target 'PhoneInTheOtherRoom' from project 'PhoneInTheOtherRoom')

SwiftCompile normal arm64 /Users/ngawangchime/Desktop/Developer\ Projects/Phone\ in\ the\ Other\ Room/PhoneInTheOtherRoomApp/ViewModels/FocusRunViewModel+Campfire.swift (in target 'PhoneInTheOtherRoom' from project 'PhoneInTheOtherRoom')
    cd /Users/ngawangchime/Desktop/Developer\ Projects/Phone\ in\ the\ Other\ Room


SwiftDriverJobDiscovery normal arm64 Compiling FocusRunViewModel+Campfire.swift (in target 'PhoneInTheOtherRoom' from project 'PhoneInTheOtherRoom')

SwiftDriver\ Compilation PhoneInTheOtherRoom normal arm64 com.apple.xcode.tools.swift.compiler (in target 'PhoneInTheOtherRoom' from project 'PhoneInTheOtherRoom')
    cd /Users/ngawangchime/Desktop/Developer\ Projects/Phone\ in\ the\ Other\ Room
    builtin-Swift-Compilation -- /Applications/Xcode.app/Contents/Developer/Toolchains/XcodeDefault.xctoolchain/usr/bin/swiftc -module-name Counting_Sheep -Onone @/tmp/counting-sheep-search-build/Build/Intermediates.noindex/PhoneInTheOtherRoom.build/Debug-iphonesimulator/PhoneInTheOtherRoom.build/Objects-normal/arm64/Counting\ Sheep.SwiftFileList -DDEBUG -DSCREEN_TIME_REPORTS -enable-bare-slash-regex -enable-experimental-feature DebugDescriptionMacro -sdk /Applications/Xcode.app/Contents/Developer/Platforms/iPhoneSimulator.platform/Developer/SDKs/iPhoneSimulator26.5.sdk -target arm64-apple-ios17.0-simulator -g -module-cache-path /tmp/counting-sheep-search-build/ModuleCache.noindex -Xfrontend -serialize-debugging-options -enable-testing -index-store-path /tmp/counting-sheep-search-build/Index.noindex/DataStore -Xcc -D_LIBCPP_HARDENING_MODE\=_LIBCPP_HARDENING_MODE_DEBUG -swift-version 5 -I /tmp/counting-sheep-search-build/Build/Products/Debug-iphonesimulator -F /tmp/counting-sheep-search-build/Build/Products/Debug-iphonesimulator/PackageFrameworks -F /tmp/counting-sheep-search-build/Build/Products/Debug-iphonesimulator/PackageFrameworks -F /tmp/counting-sheep-search-build/Build/Products/Debug-iphonesimulator/PackageFrameworks -F /tmp/counting-sheep-search-build/Build/Products/Debug-iphonesimulator/PackageFrameworks -F /tmp/counting-sheep-search-build/Build/Products/Debug-iphonesimulator/PackageFrameworks -F /tmp/counting-sheep-search-build/Build/Products/Debug-iphonesimulator/PackageFrameworks -F /tmp/counting-sheep-search-build/Build/Products/Debug-iphonesimulator/PackageFrameworks -F /tmp/counting-sheep-search-build/Build/Products/Debug-iphonesimulator/PackageFrameworks -F /tmp/counting-sheep-search-build/Build/Products/Debug-iphonesimulator/PackageFrameworks -F /tmp/counting-sheep-search-build/Build/Products/Debug-iphonesimulator/PackageFrameworks -F /tmp/counting-sheep-search-build/Build/Products/Debug-iphonesimulator/PackageFrameworks -F /tmp/counting-sheep-search-build/Build/Products/Debug-iphonesimulator/PackageFrameworks -F /tmp/counting-sheep-search-build/Build/Products/Debug-iphonesimulator/PackageFrameworks -F /tmp/counting-sheep-search-build/Build/Products/Debug-iphonesimulator/PackageFrameworks -F /tmp/counting-sheep-search-build/Build/Products/Debug-iphonesimulator -c -j8 -enable-batch-mode -incremental -Xcc -ivfsstatcache -Xcc /tmp/counting-sheep-search-build/SDKStatCaches.noindex/iphonesimulator26.5-23F81a-6cfe768891a92b912361537c460fe42b.sdkstatcache -output-file-map /tmp/counting-sheep-search-build/Build/Intermediates.noindex/PhoneInTheOtherRoom.build/Debug-iphonesimulator/PhoneInTheOtherRoom.build/Objects-normal/arm64/PhoneInTheOtherRoom-OutputFileMap.json -use-frontend-parseable-output -save-temps -no-color-diagnostics -explicit-module-build -module-cache-path /tmp/counting-sheep-search-build/Build/Intermediates.noindex/SwiftExplicitPrecompiledModules -clang-scanner-module-cache-path /tmp/counting-sheep-search-build/ModuleCache.noindex -sdk-module-cache-path /tmp/counting-sheep-search-build/ModuleCache.noindex -serialize-diagnostics -emit-dependencies -emit-module -emit-module-path /tmp/counting-sheep-search-build/Build/Intermediates.noindex/PhoneInTheOtherRoom.build/Debug-iphonesimulator/PhoneInTheOtherRoom.build/Objects-normal/arm64/Counting_Sheep.swiftmodule -validate-clang-modules-once -clang-build-session-file /tmp/counting-sheep-search-build/ModuleCache.noindex/Session.modulevalidation -Xcc -I/tmp/counting-sheep-search-build/Build/Intermediates.noindex/PhoneInTheOtherRoom.build/Debug-iphonesimulator/PhoneInTheOtherRoom.build/swift-overrides.hmap -emit-const-values -Xfrontend -const-gather-protocols-file -Xfrontend /tmp/counting-sheep-search-build/Build/Intermediates.noindex/PhoneInTheOtherRoom.build/Debug-iphonesimulator/PhoneInTheOtherRoom.build/Objects-normal/arm64/PhoneInTheOtherRoom_const_extract_protocols.json -Xcc -iquote -Xcc /tmp/counting-sheep-search-build/Build/Intermediates.noindex/PhoneInTheOtherRoom.build/Debug-iphonesimulator/PhoneInTheOtherRoom.build/Counting\ Sheep-generated-files.hmap -Xcc -I/tmp/counting-sheep-search-build/Build/Intermediates.noindex/PhoneInTheOtherRoom.build/Debug-iphonesimulator/PhoneInTheOtherRoom.build/Counting\ Sheep-own-target-headers.hmap -Xcc -I/tmp/counting-sheep-search-build/Build/Intermediates.noindex/PhoneInTheOtherRoom.build/Debug-iphonesimulator/PhoneInTheOtherRoom.build/Counting\ Sheep-all-non-framework-target-headers.hmap -Xcc -ivfsoverlay -Xcc /tmp/counting-sheep-search-build/Build/Intermediates.noindex/PhoneInTheOtherRoom.build/Debug-iphonesimulator/PhoneInTheOtherRoom-d9a00fb94435e678319518e524e23875-VFS-iphonesimulator/all-product-headers.yaml -Xcc -iquote -Xcc /tmp/counting-sheep-search-build/Build/Intermediates.noindex/PhoneInTheOtherRoom.build/Debug-iphonesimulator/PhoneInTheOtherRoom.build/Counting\ Sheep-project-headers.hmap -Xcc -I/tmp/counting-sheep-search-build/Build/Products/Debug-iphonesimulator/include -Xcc -I/tmp/counting-sheep-search-build/Build/Intermediates.noindex/PhoneInTheOtherRoom.build/Debug-iphonesimulator/PhoneInTheOtherRoom.build/DerivedSources-normal/arm64 -Xcc -I/tmp/counting-sheep-search-build/Build/Intermediates.noindex/PhoneInTheOtherRoom.build/Debug-iphonesimulator/PhoneInTheOtherRoom.build/DerivedSources/arm64 -Xcc -I/tmp/counting-sheep-search-build/Build/Intermediates.noindex/PhoneInTheOtherRoom.build/Debug-iphonesimulator/PhoneInTheOtherRoom.build/DerivedSources -Xcc -DDEBUG\=1 -emit-objc-header -emit-objc-header-path /tmp/counting-sheep-search-build/Build/Intermediates.noindex/PhoneInTheOtherRoom.build/Debug-iphonesimulator/PhoneInTheOtherRoom.build/Objects-normal/arm64/Counting_Sheep-Swift.h -working-directory /Users/ngawangchime/Desktop/Developer\ Projects/Phone\ in\ the\ Other\ Room -experimental-emit-module-separately -disable-cmo

Ld /tmp/counting-sheep-search-build/Build/Products/Debug-iphonesimulator/Counting\ Sheep.app/Counting\ Sheep.debug.dylib normal (in target 'PhoneInTheOtherRoom' from project 'PhoneInTheOtherRoom')
    cd /Users/ngawangchime/Desktop/Developer\ Projects/Phone\ in\ the\ Other\ Room
    /Applications/Xcode.app/Contents/Developer/Toolchains/XcodeDefault.xctoolchain/usr/bin/clang -Xlinker -reproducible -target arm64-apple-ios17.0-simulator -dynamiclib -isysroot /Applications/Xcode.app/Contents/Developer/Platforms/iPhoneSimulator.platform/Developer/SDKs/iPhoneSimulator26.5.sdk -O0 -L/tmp/counting-sheep-search-build/Build/Intermediates.noindex/EagerLinkingTBDs/Debug-iphonesimulator -L/tmp/counting-sheep-search-build/Build/Products/Debug-iphonesimulator -F/tmp/counting-sheep-search-build/Build/Intermediates.noindex/EagerLinkingTBDs/Debug-iphonesimulator -F/tmp/counting-sheep-search-build/Build/Products/Debug-iphonesimulator/PackageFrameworks -F/tmp/counting-sheep-search-build/Build/Products/Debug-iphonesimulator/PackageFrameworks -F/tmp/counting-sheep-search-build/Build/Products/Debug-iphonesimulator/PackageFrameworks -F/tmp/counting-sheep-search-build/Build/Products/Debug-iphonesimulator/PackageFrameworks -F/tmp/counting-sheep-search-build/Build/Products/Debug-iphonesimulator/PackageFrameworks -F/tmp/counting-sheep-search-build/Build/Products/Debug-iphonesimulator/PackageFrameworks -F/tmp/counting-sheep-search-build/Build/Products/Debug-iphonesimulator/PackageFrameworks -F/tmp/counting-sheep-search-build/Build/Products/Debug-iphonesimulator/PackageFrameworks -F/tmp/counting-sheep-search-build/Build/Products/Debug-iphonesimulator/PackageFrameworks -F/tmp/counting-sheep-search-build/Build/Products/Debug-iphonesimulator/PackageFrameworks -F/tmp/counting-sheep-search-build/Build/Products/Debug-iphonesimulator/PackageFrameworks -F/tmp/counting-sheep-search-build/Build/Products/Debug-iphonesimulator/PackageFrameworks -F/tmp/counting-sheep-search-build/Build/Products/Debug-iphonesimulator/PackageFrameworks -F/tmp/counting-sheep-search-build/Build/Products/Debug-iphonesimulator/PackageFrameworks -F/tmp/counting-sheep-search-build/Build/Products/Debug-iphonesimulator -filelist /tmp/counting-sheep-search-build/Build/Intermediates.noindex/PhoneInTheOtherRoom.build/Debug-iphonesimulator/PhoneInTheOtherRoom.build/Objects-normal/arm64/Counting\ Sheep.LinkFileList -install_name @rpath/Counting\ Sheep.debug.dylib -Xlinker -rpath -Xlinker /usr/lib/swift -Xlinker -rpath -Xlinker /tmp/counting-sheep-search-build/Build/Products/Debug-iphonesimulator/PackageFrameworks -Xlinker -rpath -Xlinker @executable_path/Frameworks -Xlinker -dead_strip -Xlinker -object_path_lto -Xlinker /tmp/counting-sheep-search-build/Build/Intermediates.noindex/PhoneInTheOtherRoom.build/Debug-iphonesimulator/PhoneInTheOtherRoom.build/Objects-normal/arm64/Counting\ Sheep_lto.o -rdynamic -Xlinker -no_deduplicate -Xlinker -objc_abi_version -Xlinker 2 -Xlinker -dependency_info -Xlinker /tmp/counting-sheep-search-build/Build/Intermediates.noindex/PhoneInTheOtherRoom.build/Debug-iphonesimulator/PhoneInTheOtherRoom.build/Objects-normal/arm64/Counting\ Sheep_dependency_info.dat -fobjc-link-runtime -L/Applications/Xcode.app/Contents/Developer/Toolchains/XcodeDefault.xctoolchain/usr/lib/swift/iphonesimulator -L/usr/lib/swift -Xlinker -add_ast_path -Xlinker /tmp/counting-sheep-search-build/Build/Intermediates.noindex/PhoneInTheOtherRoom.build/Debug-iphonesimulator/PhoneInTheOtherRoom.build/Objects-normal/arm64/Counting_Sheep.swiftmodule @/tmp/counting-sheep-search-build/Build/Intermediates.noindex/PhoneInTheOtherRoom.build/Debug-iphonesimulator/PhoneInTheOtherRoom.build/Objects-normal/arm64/Counting_Sheep-linker-args.resp -Wl,-no_warn_duplicate_libraries -Wl,-no_warn_duplicate_libraries -Wl,-no_warn_duplicate_libraries -Wl,-no_warn_duplicate_libraries -Wl,-no_warn_duplicate_libraries -Wl,-no_warn_duplicate_libraries -Wl,-no_warn_duplicate_libraries -Wl,-no_warn_duplicate_libraries -Wl,-no_warn_duplicate_libraries -Wl,-no_warn_duplicate_libraries -Wl,-no_warn_duplicate_libraries -Wl,-no_warn_duplicate_libraries -Wl,-no_warn_duplicate_libraries -Wl,-no_warn_duplicate_libraries -Xlinker -alias -Xlinker _main -Xlinker ___debug_main_executable_dylib_entry_point -Xlinker -no_adhoc_codesign -o /tmp/counting-sheep-search-build/Build/Products/Debug-iphonesimulator/Counting\ Sheep.app/Counting\ Sheep.debug.dylib -Xlinker -add_ast_path -Xlinker /tmp/counting-sheep-search-build/Build/Intermediates.noindex/Supabase.build/Debug-iphonesimulator/Supabase.build/Objects-normal/arm64/Supabase.swiftmodule @/tmp/counting-sheep-search-build/Build/Intermediates.noindex/Supabase.build/Debug-iphonesimulator/Supabase.build/Objects-normal/arm64/Supabase-linker-args.resp -Xlinker -add_ast_path -Xlinker /tmp/counting-sheep-search-build/Build/Intermediates.noindex/swift-concurrency-extras.build/Debug-iphonesimulator/ConcurrencyExtras.build/Objects-normal/arm64/ConcurrencyExtras.swiftmodule @/tmp/counting-sheep-search-build/Build/Intermediates.noindex/swift-concurrency-extras.build/Debug-iphonesimulator/ConcurrencyExtras.build/Objects-normal/arm64/ConcurrencyExtras-linker-args.resp -Xlinker -add_ast_path -Xlinker /tmp/counting-sheep-search-build/Build/Intermediates.noindex/swift-http-types.build/Debug-iphonesimulator/HTTPTypes.build/Objects-normal/arm64/HTTPTypes.swiftmodule @/tmp/counting-sheep-search-build/Build/Intermediates.noindex/swift-http-types.build/Debug-iphonesimulator/HTTPTypes.build/Objects-normal/arm64/HTTPTypes-linker-args.resp -Xlinker -add_ast_path -Xlinker /tmp/counting-sheep-search-build/Build/Intermediates.noindex/swift-clocks.build/Debug-iphonesimulator/Clocks.build/Objects-normal/arm64/Clocks.swiftmodule @/tmp/counting-sheep-search-build/Build/Intermediates.noindex/swift-clocks.build/Debug-iphonesimulator/Clocks.build/Objects-normal/arm64/Clocks-linker-args.resp -Xlinker -add_ast_path -Xlinker /tmp/counting-sheep-search-build/Build/Intermediates.noindex/xctest-dynamic-overlay.build/Debug-iphonesimulator/IssueReporting.build/Objects-normal/arm64/IssueReporting.swiftmodule @/tmp/counting-sheep-search-build/Build/Intermediates.noindex/xctest-dynamic-overlay.build/Debug-iphonesimulator/IssueReporting.build/Objects-normal/arm64/IssueReporting-linker-args.resp -Xlinker -add_ast_path -Xlinker /tmp/counting-sheep-search-build/Build/Intermediates.noindex/xctest-dynamic-overlay.build/Debug-iphonesimulator/XCTestDynamicOverlay.build/Objects-normal/arm64/XCTestDynamicOverlay.swiftmodule @/tmp/counting-sheep-search-build/Build/Intermediates.noindex/xctest-dynamic-overlay.build/Debug-iphonesimulator/XCTestDynamicOverlay.build/Objects-normal/arm64/XCTestDynamicOverlay-linker-args.resp -Xlinker -add_ast_path -Xlinker /tmp/counting-sheep-search-build/Build/Intermediates.noindex/Supabase.build/Debug-iphonesimulator/Helpers.build/Objects-normal/arm64/Helpers.swiftmodule @/tmp/counting-sheep-search-build/Build/Intermediates.noindex/Supabase.build/Debug-iphonesimulator/Helpers.build/Objects-normal/arm64/Helpers-linker-args.resp -Xlinker -add_ast_path -Xlinker /tmp/counting-sheep-search-build/Build/Intermediates.noindex/swift-crypto.build/Debug-iphonesimulator/Crypto.build/Objects-normal/arm64/Crypto.swiftmodule @/tmp/counting-sheep-search-build/Build/Intermediates.noindex/swift-crypto.build/Debug-iphonesimulator/Crypto.build/Objects-normal/arm64/Crypto-linker-args.resp -Xlinker -add_ast_path -Xlinker /tmp/counting-sheep-search-build/Build/Intermediates.noindex/Supabase.build/Debug-iphonesimulator/Auth.build/Objects-normal/arm64/Auth.swiftmodule @/tmp/counting-sheep-search-build/Build/Intermediates.noindex/Supabase.build/Debug-iphonesimulator/Auth.build/Objects-normal/arm64/Auth-linker-args.resp -Xlinker -add_ast_path -Xlinker /tmp/counting-sheep-search-build/Build/Intermediates.noindex/Supabase.build/Debug-iphonesimulator/Functions.build/Objects-normal/arm64/Functions.swiftmodule @/tmp/counting-sheep-search-build/Build/Intermediates.noindex/Supabase.build/Debug-iphonesimulator/Functions.build/Objects-normal/arm64/Functions-linker-args.resp -Xlinker -add_ast_path -Xlinker /tmp/counting-sheep-search-build/Build/Intermediates.noindex/Supabase.build/Debug-iphonesimulator/PostgREST.build/Objects-normal/arm64/PostgREST.swiftmodule @/tmp/counting-sheep-search-build/Build/Intermediates.noindex/Supabase.build/Debug-iphonesimulator/PostgREST.build/Objects-normal/arm64/PostgREST-linker-args.resp -Xlinker -add_ast_path -Xlinker /tmp/counting-sheep-search-build/Build/Intermediates.noindex/Supabase.build/Debug-iphonesimulator/RealtimeV2.build/Objects-normal/arm64/RealtimeV2.swiftmodule @/tmp/counting-sheep-search-build/Build/Intermediates.noindex/Supabase.build/Debug-iphonesimulator/RealtimeV2.build/Objects-normal/arm64/RealtimeV2-linker-args.resp -Xlinker -add_ast_path -Xlinker /tmp/counting-sheep-search-build/Build/Intermediates.noindex/Supabase.build/Debug-iphonesimulator/Realtime.build/Objects-normal/arm64/Realtime.swiftmodule @/tmp/counting-sheep-search-build/Build/Intermediates.noindex/Supabase.build/Debug-iphonesimulator/Realtime.build/Objects-normal/arm64/Realtime-linker-args.resp -Xlinker -add_ast_path -Xlinker /tmp/counting-sheep-search-build/Build/Intermediates.noindex/Supabase.build/Debug-iphonesimulator/Storage.build/Objects-normal/arm64/Storage.swiftmodule @/tmp/counting-sheep-search-build/Build/Intermediates.noindex/Supabase.build/Debug-iphonesimulator/Storage.build/Objects-normal/arm64/Storage-linker-args.resp

ConstructStubExecutorLinkFileList /tmp/counting-sheep-search-build/Build/Intermediates.noindex/PhoneInTheOtherRoom.build/Debug-iphonesimulator/PhoneInTheOtherRoom.build/Counting\ Sheep-ExecutorLinkFileList-normal-arm64.txt (in target 'PhoneInTheOtherRoom' from project 'PhoneInTheOtherRoom')
    cd /Users/ngawangchime/Desktop/Developer\ Projects/Phone\ in\ the\ Other\ Room
    construct-stub-executor-link-file-list /tmp/counting-sheep-search-build/Build/Products/Debug-iphonesimulator/Counting\ Sheep.app/Counting\ Sheep.debug.dylib /Applications/Xcode.app/Contents/Developer/Platforms/iPhoneSimulator.platform/Developer/usr/lib/libPreviewsJITStubExecutor_no_swift_entry_point.a /Applications/Xcode.app/Contents/Developer/Platforms/iPhoneSimulator.platform/Developer/usr/lib/libPreviewsJITStubExecutor.a --output /tmp/counting-sheep-search-build/Build/Intermediates.noindex/PhoneInTheOtherRoom.build/Debug-iphonesimulator/PhoneInTheOtherRoom.build/Counting\ Sheep-ExecutorLinkFileList-normal-arm64.txt
note: Using stub executor library with Swift entry point. (in target 'PhoneInTheOtherRoom' from project 'PhoneInTheOtherRoom')

SwiftDriver PhoneInTheOtherRoomTests normal arm64 com.apple.xcode.tools.swift.compiler (in target 'PhoneInTheOtherRoomTests' from project 'PhoneInTheOtherRoom')
    cd /Users/ngawangchime/Desktop/Developer\ Projects/Phone\ in\ the\ Other\ Room
    builtin-SwiftDriver -- /Applications/Xcode.app/Contents/Developer/Toolchains/XcodeDefault.xctoolchain/usr/bin/swiftc -module-name PhoneInTheOtherRoomTests -Onone @/tmp/counting-sheep-search-build/Build/Intermediates.noindex/PhoneInTheOtherRoom.build/Debug-iphonesimulator/PhoneInTheOtherRoomTests.build/Objects-normal/arm64/PhoneInTheOtherRoomTests.SwiftFileList -DDEBUG -plugin-path /Applications/Xcode.app/Contents/Developer/Toolchains/XcodeDefault.xctoolchain/usr/lib/swift/host/plugins/testing -enable-bare-slash-regex -enable-experimental-feature DebugDescriptionMacro -sdk /Applications/Xcode.app/Contents/Developer/Platforms/iPhoneSimulator.platform/Developer/SDKs/iPhoneSimulator26.5.sdk -target arm64-apple-ios17.0-simulator -g -module-cache-path /tmp/counting-sheep-search-build/ModuleCache.noindex -Xfrontend -serialize-debugging-options -enable-testing -index-store-path /tmp/counting-sheep-search-build/Index.noindex/DataStore -Xcc -D_LIBCPP_HARDENING_MODE\=_LIBCPP_HARDENING_MODE_DEBUG -swift-version 5 -I /tmp/counting-sheep-search-build/Build/Products/Debug-iphonesimulator -Isystem /Applications/Xcode.app/Contents/Developer/Platforms/iPhoneSimulator.platform/Developer/usr/lib -F /tmp/counting-sheep-search-build/Build/Products/Debug-iphonesimulator -F /Applications/Xcode.app/Contents/Developer/Platforms/iPhoneSimulator.platform/Developer/Library/Frameworks -F /Applications/Xcode.app/Contents/Developer/Platforms/iPhoneSimulator.platform/Developer/SDKs/iPhoneSimulator26.5.sdk/Developer/Library/Frameworks -c -j8 -enable-batch-mode -incremental -Xcc -ivfsstatcache -Xcc /tmp/counting-sheep-search-build/SDKStatCaches.noindex/iphonesimulator26.5-23F81a-6cfe768891a92b912361537c460fe42b.sdkstatcache -output-file-map /tmp/counting-sheep-search-build/Build/Intermediates.noindex/PhoneInTheOtherRoom.build/Debug-iphonesimulator/PhoneInTheOtherRoomTests.build/Objects-normal/arm64/PhoneInTheOtherRoomTests-OutputFileMap.json -use-frontend-parseable-output -save-temps -no-color-diagnostics -explicit-module-build -module-cache-path /tmp/counting-sheep-search-build/Build/Intermediates.noindex/SwiftExplicitPrecompiledModules -clang-scanner-module-cache-path /tmp/counting-sheep-search-build/ModuleCache.noindex -sdk-module-cache-path /tmp/counting-sheep-search-build/ModuleCache.noindex -serialize-diagnostics -emit-dependencies -emit-module -emit-module-path /tmp/counting-sheep-search-build/Build/Intermediates.noindex/PhoneInTheOtherRoom.build/Debug-iphonesimulator/PhoneInTheOtherRoomTests.build/Objects-normal/arm64/PhoneInTheOtherRoomTests.swiftmodule -validate-clang-modules-once -clang-build-session-file /tmp/counting-sheep-search-build/ModuleCache.noindex/Session.modulevalidation -Xcc -I/tmp/counting-sheep-search-build/Build/Intermediates.noindex/PhoneInTheOtherRoom.build/Debug-iphonesimulator/PhoneInTheOtherRoomTests.build/swift-overrides.hmap -emit-const-values -Xfrontend -const-gather-protocols-file -Xfrontend /tmp/counting-sheep-search-build/Build/Intermediates.noindex/PhoneInTheOtherRoom.build/Debug-iphonesimulator/PhoneInTheOtherRoomTests.build/Objects-normal/arm64/PhoneInTheOtherRoomTests_const_extract_protocols.json -Xcc -iquote -Xcc /tmp/counting-sheep-search-build/Build/Intermediates.noindex/PhoneInTheOtherRoom.build/Debug-iphonesimulator/PhoneInTheOtherRoomTests.build/PhoneInTheOtherRoomTests-generated-files.hmap -Xcc -I/tmp/counting-sheep-search-build/Build/Intermediates.noindex/PhoneInTheOtherRoom.build/Debug-iphonesimulator/PhoneInTheOtherRoomTests.build/PhoneInTheOtherRoomTests-own-target-headers.hmap -Xcc -I/tmp/counting-sheep-search-build/Build/Intermediates.noindex/PhoneInTheOtherRoom.build/Debug-iphonesimulator/PhoneInTheOtherRoomTests.build/PhoneInTheOtherRoomTests-all-non-framework-target-headers.hmap -Xcc -ivfsoverlay -Xcc /tmp/counting-sheep-search-build/Build/Intermediates.noindex/PhoneInTheOtherRoom.build/Debug-iphonesimulator/PhoneInTheOtherRoom-d9a00fb94435e678319518e524e23875-VFS-iphonesimulator/all-product-headers.yaml -Xcc -iquote -Xcc /tmp/counting-sheep-search-build/Build/Intermediates.noindex/PhoneInTheOtherRoom.build/Debug-iphonesimulator/PhoneInTheOtherRoomTests.build/PhoneInTheOtherRoomTests-project-headers.hmap -Xcc -I/tmp/counting-sheep-search-build/Build/Products/Debug-iphonesimulator/include -Xcc -I/tmp/counting-sheep-search-build/Build/Intermediates.noindex/PhoneInTheOtherRoom.build/Debug-iphonesimulator/PhoneInTheOtherRoomTests.build/DerivedSources-normal/arm64 -Xcc -I/tmp/counting-sheep-search-build/Build/Intermediates.noindex/PhoneInTheOtherRoom.build/Debug-iphonesimulator/PhoneInTheOtherRoomTests.build/DerivedSources/arm64 -Xcc -I/tmp/counting-sheep-search-build/Build/Intermediates.noindex/PhoneInTheOtherRoom.build/Debug-iphonesimulator/PhoneInTheOtherRoomTests.build/DerivedSources -Xcc -DDEBUG\=1 -emit-objc-header -emit-objc-header-path /tmp/counting-sheep-search-build/Build/Intermediates.noindex/PhoneInTheOtherRoom.build/Debug-iphonesimulator/PhoneInTheOtherRoomTests.build/Objects-normal/arm64/PhoneInTheOtherRoomTests-Swift.h -working-directory /Users/ngawangchime/Desktop/Developer\ Projects/Phone\ in\ the\ Other\ Room -experimental-emit-module-separately -disable-cmo

Copy /tmp/counting-sheep-search-build/Build/Products/Debug-iphonesimulator/Counting_Sheep.swiftmodule/arm64-apple-ios-simulator.abi.json /tmp/counting-sheep-search-build/Build/Intermediates.noindex/PhoneInTheOtherRoom.build/Debug-iphonesimulator/PhoneInTheOtherRoom.build/Objects-normal/arm64/Counting_Sheep.abi.json (in target 'PhoneInTheOtherRoom' from project 'PhoneInTheOtherRoom')
    cd /Users/ngawangchime/Desktop/Developer\ Projects/Phone\ in\ the\ Other\ Room
    builtin-copy -exclude .DS_Store -exclude CVS -exclude .svn -exclude .git -exclude .hg -resolve-src-symlinks -rename /tmp/counting-sheep-search-build/Build/Intermediates.noindex/PhoneInTheOtherRoom.build/Debug-iphonesimulator/PhoneInTheOtherRoom.build/Objects-normal/arm64/Counting_Sheep.abi.json /tmp/counting-sheep-search-build/Build/Products/Debug-iphonesimulator/Counting_Sheep.swiftmodule/arm64-apple-ios-simulator.abi.json

Ld /tmp/counting-sheep-search-build/Build/Products/Debug-iphonesimulator/Counting\ Sheep.app/Counting\ Sheep normal (in target 'PhoneInTheOtherRoom' from project 'PhoneInTheOtherRoom')
    cd /Users/ngawangchime/Desktop/Developer\ Projects/Phone\ in\ the\ Other\ Room
    /Applications/Xcode.app/Contents/Developer/Toolchains/XcodeDefault.xctoolchain/usr/bin/clang -Xlinker -reproducible -target arm64-apple-ios17.0-simulator -isysroot /Applications/Xcode.app/Contents/Developer/Platforms/iPhoneSimulator.platform/Developer/SDKs/iPhoneSimulator26.5.sdk -O0 -L/tmp/counting-sheep-search-build/Build/Products/Debug-iphonesimulator -F/tmp/counting-sheep-search-build/Build/Products/Debug-iphonesimulator/PackageFrameworks -F/tmp/counting-sheep-search-build/Build/Products/Debug-iphonesimulator/PackageFrameworks -F/tmp/counting-sheep-search-build/Build/Products/Debug-iphonesimulator/PackageFrameworks -F/tmp/counting-sheep-search-build/Build/Products/Debug-iphonesimulator/PackageFrameworks -F/tmp/counting-sheep-search-build/Build/Products/Debug-iphonesimulator/PackageFrameworks -F/tmp/counting-sheep-search-build/Build/Products/Debug-iphonesimulator/PackageFrameworks -F/tmp/counting-sheep-search-build/Build/Products/Debug-iphonesimulator/PackageFrameworks -F/tmp/counting-sheep-search-build/Build/Products/Debug-iphonesimulator/PackageFrameworks -F/tmp/counting-sheep-search-build/Build/Products/Debug-iphonesimulator/PackageFrameworks -F/tmp/counting-sheep-search-build/Build/Products/Debug-iphonesimulator/PackageFrameworks -F/tmp/counting-sheep-search-build/Build/Products/Debug-iphonesimulator/PackageFrameworks -F/tmp/counting-sheep-search-build/Build/Products/Debug-iphonesimulator/PackageFrameworks -F/tmp/counting-sheep-search-build/Build/Products/Debug-iphonesimulator/PackageFrameworks -F/tmp/counting-sheep-search-build/Build/Products/Debug-iphonesimulator/PackageFrameworks -F/tmp/counting-sheep-search-build/Build/Products/Debug-iphonesimulator -Xlinker -rpath -Xlinker @executable_path -Xlinker -rpath -Xlinker /tmp/counting-sheep-search-build/Build/Products/Debug-iphonesimulator/PackageFrameworks -Xlinker -rpath -Xlinker @executable_path/Frameworks -rdynamic -Xlinker -no_deduplicate -Xlinker -objc_abi_version -Xlinker 2 -e ___debug_blank_executor_main -Xlinker -sectcreate -Xlinker __TEXT -Xlinker __debug_dylib -Xlinker /tmp/counting-sheep-search-build/Build/Intermediates.noindex/PhoneInTheOtherRoom.build/Debug-iphonesimulator/PhoneInTheOtherRoom.build/Counting\ Sheep-DebugDylibPath-normal-arm64.txt -Xlinker -sectcreate -Xlinker __TEXT -Xlinker __debug_instlnm -Xlinker /tmp/counting-sheep-search-build/Build/Intermediates.noindex/PhoneInTheOtherRoom.build/Debug-iphonesimulator/PhoneInTheOtherRoom.build/Counting\ Sheep-DebugDylibInstallName-normal-arm64.txt -Xlinker -filelist -Xlinker /tmp/counting-sheep-search-build/Build/Intermediates.noindex/PhoneInTheOtherRoom.build/Debug-iphonesimulator/PhoneInTheOtherRoom.build/Counting\ Sheep-ExecutorLinkFileList-normal-arm64.txt -Xlinker -sectcreate -Xlinker __TEXT -Xlinker __entitlements -Xlinker /tmp/counting-sheep-search-build/Build/Intermediates.noindex/PhoneInTheOtherRoom.build/Debug-iphonesimulator/PhoneInTheOtherRoom.build/Counting\ Sheep.app-Simulated.xcent -Xlinker -sectcreate -Xlinker __TEXT -Xlinker __ents_der -Xlinker /tmp/counting-sheep-search-build/Build/Intermediates.noindex/PhoneInTheOtherRoom.build/Debug-iphonesimulator/PhoneInTheOtherRoom.build/Counting\ Sheep.app-Simulated.xcent.der /tmp/counting-sheep-search-build/Build/Products/Debug-iphonesimulator/Counting\ Sheep.app/Counting\ Sheep.debug.dylib -Xlinker -no_adhoc_codesign -o /tmp/counting-sheep-search-build/Build/Products/Debug-iphonesimulator/Counting\ Sheep.app/Counting\ Sheep

Copy /tmp/counting-sheep-search-build/Build/Products/Debug-iphonesimulator/Counting_Sheep.swiftmodule/Project/arm64-apple-ios-simulator.swiftsourceinfo /tmp/counting-sheep-search-build/Build/Intermediates.noindex/PhoneInTheOtherRoom.build/Debug-iphonesimulator/PhoneInTheOtherRoom.build/Objects-normal/arm64/Counting_Sheep.swiftsourceinfo (in target 'PhoneInTheOtherRoom' from project 'PhoneInTheOtherRoom')
    cd /Users/ngawangchime/Desktop/Developer\ Projects/Phone\ in\ the\ Other\ Room
    builtin-copy -exclude .DS_Store -exclude CVS -exclude .svn -exclude .git -exclude .hg -resolve-src-symlinks -rename /tmp/counting-sheep-search-build/Build/Intermediates.noindex/PhoneInTheOtherRoom.build/Debug-iphonesimulator/PhoneInTheOtherRoom.build/Objects-normal/arm64/Counting_Sheep.swiftsourceinfo /tmp/counting-sheep-search-build/Build/Products/Debug-iphonesimulator/Counting_Sheep.swiftmodule/Project/arm64-apple-ios-simulator.swiftsourceinfo

ProcessInfoPlistFile /tmp/counting-sheep-search-build/Build/Products/Debug-iphonesimulator/PhoneInTheOtherRoomTests.xctest/Info.plist /tmp/counting-sheep-search-build/Build/Intermediates.noindex/PhoneInTheOtherRoom.build/Debug-iphonesimulator/PhoneInTheOtherRoomTests.build/empty-PhoneInTheOtherRoomTests.plist (in target 'PhoneInTheOtherRoomTests' from project 'PhoneInTheOtherRoom')
    cd /Users/ngawangchime/Desktop/Developer\ Projects/Phone\ in\ the\ Other\ Room
    builtin-infoPlistUtility /tmp/counting-sheep-search-build/Build/Intermediates.noindex/PhoneInTheOtherRoom.build/Debug-iphonesimulator/PhoneInTheOtherRoomTests.build/empty-PhoneInTheOtherRoomTests.plist -producttype com.apple.product-type.bundle.unit-test -expandbuildsettings -format binary -platform iphonesimulator -o /tmp/counting-sheep-search-build/Build/Products/Debug-iphonesimulator/PhoneInTheOtherRoomTests.xctest/Info.plist

CompileAssetCatalogVariant thinned /tmp/counting-sheep-search-build/Build/Products/Debug-iphonesimulator/Counting\ Sheep.app /Users/ngawangchime/Desktop/Developer\ Projects/Phone\ in\ the\ Other\ Room/Assets.xcassets (in target 'PhoneInTheOtherRoom' from project 'PhoneInTheOtherRoom')
    cd /Users/ngawangchime/Desktop/Developer\ Projects/Phone\ in\ the\ Other\ Room
    /Applications/Xcode.app/Contents/Developer/usr/bin/actool /Users/ngawangchime/Desktop/Developer\ Projects/Phone\ in\ the\ Other\ Room/Assets.xcassets --compile /tmp/counting-sheep-search-build/Build/Intermediates.noindex/PhoneInTheOtherRoom.build/Debug-iphonesimulator/PhoneInTheOtherRoom.build/assetcatalog_output/thinned --output-format human-readable-text --notices --warnings --export-dependency-info /tmp/counting-sheep-search-build/Build/Intermediates.noindex/PhoneInTheOtherRoom.build/Debug-iphonesimulator/PhoneInTheOtherRoom.build/assetcatalog_dependencies_thinned --output-partial-info-plist /tmp/counting-sheep-search-build/Build/Intermediates.noindex/PhoneInTheOtherRoom.build/Debug-iphonesimulator/PhoneInTheOtherRoom.build/assetcatalog_generated_info.plist_thinned --app-icon AppIcon --compress-pngs --enable-on-demand-resources YES --filter-for-thinning-device-configuration iPhone14,6 --filter-for-device-os-version 26.5 --development-region en --target-device iphone --minimum-deployment-target 17.0 --platform iphonesimulator

SwiftEmitModule normal arm64 Emitting\ module\ for\ PhoneInTheOtherRoomTests (in target 'PhoneInTheOtherRoomTests' from project 'PhoneInTheOtherRoom')

EmitSwiftModule normal arm64 (in target 'PhoneInTheOtherRoomTests' from project 'PhoneInTheOtherRoom')
    cd /Users/ngawangchime/Desktop/Developer\ Projects/Phone\ in\ the\ Other\ Room


SwiftCompile normal arm64 Compiling\ CampfireProfileTests.swift /Users/ngawangchime/Desktop/Developer\ Projects/Phone\ in\ the\ Other\ Room/Tests/CampfireProfileTests.swift (in target 'PhoneInTheOtherRoomTests' from project 'PhoneInTheOtherRoom')
Failed frontend command:
/Applications/Xcode.app/Contents/Developer/Toolchains/XcodeDefault.xctoolchain/usr/bin/swift-frontend -frontend -c -filelist /tmp/counting-sheep-search-build/Build/Intermediates.noindex/PhoneInTheOtherRoom.build/Debug-iphonesimulator/PhoneInTheOtherRoomTests.build/Objects-normal/arm64/sources-2 -primary-file /Users/ngawangchime/Desktop/Developer\ Projects/Phone\ in\ the\ Other\ Room/Tests/CampfireProfileTests.swift -emit-dependencies-path /tmp/counting-sheep-search-build/Build/Intermediates.noindex/PhoneInTheOtherRoom.build/Debug-iphonesimulator/PhoneInTheOtherRoomTests.build/Objects-normal/arm64/CampfireProfileTests.d -emit-const-values-path /tmp/counting-sheep-search-build/Build/Intermediates.noindex/PhoneInTheOtherRoom.build/Debug-iphonesimulator/PhoneInTheOtherRoomTests.build/Objects-normal/arm64/CampfireProfileTests.swiftconstvalues -emit-reference-dependencies-path /tmp/counting-sheep-search-build/Build/Intermediates.noindex/PhoneInTheOtherRoom.build/Debug-iphonesimulator/PhoneInTheOtherRoomTests.build/Objects-normal/arm64/CampfireProfileTests.swiftdeps -serialize-diagnostics-path /tmp/counting-sheep-search-build/Build/Intermediates.noindex/PhoneInTheOtherRoom.build/Debug-iphonesimulator/PhoneInTheOtherRoomTests.build/Objects-normal/arm64/CampfireProfileTests.dia -target arm64-apple-ios17.0-simulator -module-can-import-version ActivityKit 268.5.9 1.0.0 -module-can-import-version DeviceActivity 392.5.1 0 -load-resolved-plugin /Applications/Xcode.app/Contents/Developer/Platforms/iPhoneOS.platform/Developer/usr/lib/swift/host/plugins/libFoundationMacros.dylib\#/Applications/Xcode.app/Contents/Developer/Platforms/iPhoneOS.platform/Developer/usr/bin/swift-plugin-server\#FoundationMacros -load-resolved-plugin /Applications/Xcode.app/Contents/Developer/Platforms/iPhoneOS.platform/Developer/usr/lib/swift/host/plugins/libObservationMacros.dylib\#/Applications/Xcode.app/Contents/Developer/Platforms/iPhoneOS.platform/Developer/usr/bin/swift-plugin-server\#ObservationMacros -load-resolved-plugin /Applications/Xcode.app/Contents/Developer/Platforms/iPhoneOS.platform/Developer/usr/lib/swift/host/plugins/libPreviewsMacros.dylib\#/Applications/Xcode.app/Contents/Developer/Platforms/iPhoneOS.platform/Developer/usr/bin/swift-plugin-server\#PreviewsMacros -load-resolved-plugin /Applications/Xcode.app/Contents/Developer/Platforms/iPhoneOS.platform/Developer/usr/lib/swift/host/plugins/libSwiftMacros.dylib\#/Applications/Xcode.app/Contents/Developer/Platforms/iPhoneOS.platform/Developer/usr/bin/swift-plugin-server\#SwiftMacros -load-resolved-plugin /Applications/Xcode.app/Contents/Developer/Platforms/iPhoneOS.platform/Developer/usr/lib/swift/host/plugins/libSwiftUIMacros.dylib\#/Applications/Xcode.app/Contents/Developer/Platforms/iPhoneOS.platform/Developer/usr/bin/swift-plugin-server\#SwiftUIMacros -disable-implicit-swift-modules -Xcc -fno-implicit-modules -Xcc -fno-implicit-module-maps -explicit-swift-module-map-file /tmp/counting-sheep-search-build/Build/Intermediates.noindex/PhoneInTheOtherRoom.build/Debug-iphonesimulator/PhoneInTheOtherRoomTests.build/Objects-normal/arm64/PhoneInTheOtherRoomTests-dependencies-1.json -debug-module-path /tmp/counting-sheep-search-build/Build/Intermediates.noindex/PhoneInTheOtherRoom.build/Debug-iphonesimulator/PhoneInTheOtherRoomTests.build/Objects-normal/arm64/PhoneInTheOtherRoomTests.swiftmodule -Xllvm -aarch64-use-tbi -enable-objc-interop -sdk /Applications/Xcode.app/Contents/Developer/Platforms/iPhoneSimulator.platform/Developer/SDKs/iPhoneSimulator26.5.sdk -I /tmp/counting-sheep-search-build/Build/Products/Debug-iphonesimulator -Isystem /Applications/Xcode.app/Contents/Developer/Platforms/iPhoneSimulator.platform/Developer/usr/lib -F /tmp/counting-sheep-search-build/Build/Products/Debug-iphonesimulator -F /Applications/Xcode.app/Contents/Developer/Platforms/iPhoneSimulator.platform/Developer/Library/Frameworks -F /Applications/Xcode.app/Contents/Developer/Platforms/iPhoneSimulator.platform/Developer/SDKs/iPhoneSimulator26.5.sdk/Developer/Library/Frameworks -no-color-diagnostics -Xcc -fno-color-diagnostics -enable-testing -g -debug-info-format\=dwarf -dwarf-version\=4 -module-cache-path /tmp/counting-sheep-search-build/Build/Intermediates.noindex/SwiftExplicitPrecompiledModules -swift-version 5 -Onone -D DEBUG -serialize-debugging-options -const-gather-protocols-file /tmp/counting-sheep-search-build/Build/Intermediates.noindex/PhoneInTheOtherRoom.build/Debug-iphonesimulator/PhoneInTheOtherRoomTests.build/Objects-normal/arm64/PhoneInTheOtherRoomTests_const_extract_protocols.json -enable-experimental-feature DebugDescriptionMacro -enable-bare-slash-regex -empty-abi-descriptor -validate-clang-modules-once -clang-build-session-file /tmp/counting-sheep-search-build/ModuleCache.noindex/Session.modulevalidation -Xcc -working-directory -Xcc /Users/ngawangchime/Desktop/Developer\ Projects/Phone\ in\ the\ Other\ Room -enable-anonymous-context-mangled-names -file-compilation-dir /Users/ngawangchime/Desktop/Developer\ Projects/Phone\ in\ the\ Other\ Room -Xcc -D_LIBCPP_HARDENING_MODE\=_LIBCPP_HARDENING_MODE_DEBUG -Xcc -ivfsstatcache -Xcc /tmp/counting-sheep-search-build/SDKStatCaches.noindex/iphonesimulator26.5-23F81a-6cfe768891a92b912361537c460fe42b.sdkstatcache -Xcc -I/tmp/counting-sheep-search-build/Build/Intermediates.noindex/PhoneInTheOtherRoom.build/Debug-iphonesimulator/PhoneInTheOtherRoomTests.build/swift-overrides.hmap -Xcc -iquote -Xcc /tmp/counting-sheep-search-build/Build/Intermediates.noindex/PhoneInTheOtherRoom.build/Debug-iphonesimulator/PhoneInTheOtherRoomTests.build/PhoneInTheOtherRoomTests-generated-files.hmap -Xcc -I/tmp/counting-sheep-search-build/Build/Intermediates.noindex/PhoneInTheOtherRoom.build/Debug-iphonesimulator/PhoneInTheOtherRoomTests.build/PhoneInTheOtherRoomTests-own-target-headers.hmap -Xcc -I/tmp/counting-sheep-search-build/Build/Intermediates.noindex/PhoneInTheOtherRoom.build/Debug-iphonesimulator/PhoneInTheOtherRoomTests.build/PhoneInTheOtherRoomTests-all-non-framework-target-headers.hmap -Xcc -ivfsoverlay -Xcc /tmp/counting-sheep-search-build/Build/Intermediates.noindex/PhoneInTheOtherRoom.build/Debug-iphonesimulator/PhoneInTheOtherRoom-d9a00fb94435e678319518e524e23875-VFS-iphonesimulator/all-product-headers.yaml -Xcc -iquote -Xcc /tmp/counting-sheep-search-build/Build/Intermediates.noindex/PhoneInTheOtherRoom.build/Debug-iphonesimulator/PhoneInTheOtherRoomTests.build/PhoneInTheOtherRoomTests-project-headers.hmap -Xcc -I/tmp/counting-sheep-search-build/Build/Products/Debug-iphonesimulator/include -Xcc -I/tmp/counting-sheep-search-build/Build/Intermediates.noindex/PhoneInTheOtherRoom.build/Debug-iphonesimulator/PhoneInTheOtherRoomTests.build/DerivedSources-normal/arm64 -Xcc -I/tmp/counting-sheep-search-build/Build/Intermediates.noindex/PhoneInTheOtherRoom.build/Debug-iphonesimulator/PhoneInTheOtherRoomTests.build/DerivedSources/arm64 -Xcc -I/tmp/counting-sheep-search-build/Build/Intermediates.noindex/PhoneInTheOtherRoom.build/Debug-iphonesimulator/PhoneInTheOtherRoomTests.build/DerivedSources -Xcc -DDEBUG\=1 -no-auto-bridging-header-chaining -module-name PhoneInTheOtherRoomTests -frontend-parseable-output -disable-clang-spi -clang-target arm64-apple-ios26.5-simulator -target-sdk-version 26.5 -target-sdk-name iphonesimulator26.5 -in-process-plugin-server-path /Applications/Xcode.app/Contents/Developer/Toolchains/XcodeDefault.xctoolchain/usr/lib/swift/host/libSwiftInProcPluginServer.dylib -o /tmp/counting-sheep-search-build/Build/Intermediates.noindex/PhoneInTheOtherRoom.build/Debug-iphonesimulator/PhoneInTheOtherRoomTests.build/Objects-normal/arm64/CampfireProfileTests.o -index-unit-output-path /PhoneInTheOtherRoom.build/Debug-iphonesimulator/PhoneInTheOtherRoomTests.build/Objects-normal/arm64/CampfireProfileTests.o -index-store-path /tmp/counting-sheep-search-build/Index.noindex/DataStore -index-system-modules

SwiftCompile normal arm64 /Users/ngawangchime/Desktop/Developer\ Projects/Phone\ in\ the\ Other\ Room/Tests/CampfireProfileTests.swift (in target 'PhoneInTheOtherRoomTests' from project 'PhoneInTheOtherRoom')
    cd /Users/ngawangchime/Desktop/Developer\ Projects/Phone\ in\ the\ Other\ Room

/Users/ngawangchime/Desktop/Developer Projects/Phone in the Other Room/Tests/CampfireProfileTests.swift:6:22: error: cannot find 'NightFlockViewModel' in scope
        let social = NightFlockViewModel(featureEnabled: false, defaults: defaults)
                     ^~~~~~~~~~~~~~~~~~~
/Users/ngawangchime/Desktop/Developer Projects/Phone in the Other Room/Tests/CampfireProfileTests.swift:7:19: error: cannot find 'FocusRunViewModel' in scope
        let app = FocusRunViewModel(persistence: PersistenceService(defaults: defaults), startsExternalServices: false,
                  ^~~~~~~~~~~~~~~~~
/Users/ngawangchime/Desktop/Developer Projects/Phone in the Other Room/Tests/CampfireProfileTests.swift:7:50: error: cannot find 'PersistenceService' in scope
        let app = FocusRunViewModel(persistence: PersistenceService(defaults: defaults), startsExternalServices: false,
                                                 ^~~~~~~~~~~~~~~~~~

SwiftDriverJobDiscovery normal arm64 Emitting module for PhoneInTheOtherRoomTests (in target 'PhoneInTheOtherRoomTests' from project 'PhoneInTheOtherRoom')

SwiftDriver\ Compilation\ Requirements PhoneInTheOtherRoomTests normal arm64 com.apple.xcode.tools.swift.compiler (in target 'PhoneInTheOtherRoomTests' from project 'PhoneInTheOtherRoom')
    cd /Users/ngawangchime/Desktop/Developer\ Projects/Phone\ in\ the\ Other\ Room
    builtin-Swift-Compilation-Requirements -- /Applications/Xcode.app/Contents/Developer/Toolchains/XcodeDefault.xctoolchain/usr/bin/swiftc -module-name PhoneInTheOtherRoomTests -Onone @/tmp/counting-sheep-search-build/Build/Intermediates.noindex/PhoneInTheOtherRoom.build/Debug-iphonesimulator/PhoneInTheOtherRoomTests.build/Objects-normal/arm64/PhoneInTheOtherRoomTests.SwiftFileList -DDEBUG -plugin-path /Applications/Xcode.app/Contents/Developer/Toolchains/XcodeDefault.xctoolchain/usr/lib/swift/host/plugins/testing -enable-bare-slash-regex -enable-experimental-feature DebugDescriptionMacro -sdk /Applications/Xcode.app/Contents/Developer/Platforms/iPhoneSimulator.platform/Developer/SDKs/iPhoneSimulator26.5.sdk -target arm64-apple-ios17.0-simulator -g -module-cache-path /tmp/counting-sheep-search-build/ModuleCache.noindex -Xfrontend -serialize-debugging-options -enable-testing -index-store-path /tmp/counting-sheep-search-build/Index.noindex/DataStore -Xcc -D_LIBCPP_HARDENING_MODE\=_LIBCPP_HARDENING_MODE_DEBUG -swift-version 5 -I /tmp/counting-sheep-search-build/Build/Products/Debug-iphonesimulator -Isystem /Applications/Xcode.app/Contents/Developer/Platforms/iPhoneSimulator.platform/Developer/usr/lib -F /tmp/counting-sheep-search-build/Build/Products/Debug-iphonesimulator -F /Applications/Xcode.app/Contents/Developer/Platforms/iPhoneSimulator.platform/Developer/Library/Frameworks -F /Applications/Xcode.app/Contents/Developer/Platforms/iPhoneSimulator.platform/Developer/SDKs/iPhoneSimulator26.5.sdk/Developer/Library/Frameworks -c -j8 -enable-batch-mode -incremental -Xcc -ivfsstatcache -Xcc /tmp/counting-sheep-search-build/SDKStatCaches.noindex/iphonesimulator26.5-23F81a-6cfe768891a92b912361537c460fe42b.sdkstatcache -output-file-map /tmp/counting-sheep-search-build/Build/Intermediates.noindex/PhoneInTheOtherRoom.build/Debug-iphonesimulator/PhoneInTheOtherRoomTests.build/Objects-normal/arm64/PhoneInTheOtherRoomTests-OutputFileMap.json -use-frontend-parseable-output -save-temps -no-color-diagnostics -explicit-module-build -module-cache-path /tmp/counting-sheep-search-build/Build/Intermediates.noindex/SwiftExplicitPrecompiledModules -clang-scanner-module-cache-path /tmp/counting-sheep-search-build/ModuleCache.noindex -sdk-module-cache-path /tmp/counting-sheep-search-build/ModuleCache.noindex -serialize-diagnostics -emit-dependencies -emit-module -emit-module-path /tmp/counting-sheep-search-build/Build/Intermediates.noindex/PhoneInTheOtherRoom.build/Debug-iphonesimulator/PhoneInTheOtherRoomTests.build/Objects-normal/arm64/PhoneInTheOtherRoomTests.swiftmodule -validate-clang-modules-once -clang-build-session-file /tmp/counting-sheep-search-build/ModuleCache.noindex/Session.modulevalidation -Xcc -I/tmp/counting-sheep-search-build/Build/Intermediates.noindex/PhoneInTheOtherRoom.build/Debug-iphonesimulator/PhoneInTheOtherRoomTests.build/swift-overrides.hmap -emit-const-values -Xfrontend -const-gather-protocols-file -Xfrontend /tmp/counting-sheep-search-build/Build/Intermediates.noindex/PhoneInTheOtherRoom.build/Debug-iphonesimulator/PhoneInTheOtherRoomTests.build/Objects-normal/arm64/PhoneInTheOtherRoomTests_const_extract_protocols.json -Xcc -iquote -Xcc /tmp/counting-sheep-search-build/Build/Intermediates.noindex/PhoneInTheOtherRoom.build/Debug-iphonesimulator/PhoneInTheOtherRoomTests.build/PhoneInTheOtherRoomTests-generated-files.hmap -Xcc -I/tmp/counting-sheep-search-build/Build/Intermediates.noindex/PhoneInTheOtherRoom.build/Debug-iphonesimulator/PhoneInTheOtherRoomTests.build/PhoneInTheOtherRoomTests-own-target-headers.hmap -Xcc -I/tmp/counting-sheep-search-build/Build/Intermediates.noindex/PhoneInTheOtherRoom.build/Debug-iphonesimulator/PhoneInTheOtherRoomTests.build/PhoneInTheOtherRoomTests-all-non-framework-target-headers.hmap -Xcc -ivfsoverlay -Xcc /tmp/counting-sheep-search-build/Build/Intermediates.noindex/PhoneInTheOtherRoom.build/Debug-iphonesimulator/PhoneInTheOtherRoom-d9a00fb94435e678319518e524e23875-VFS-iphonesimulator/all-product-headers.yaml -Xcc -iquote -Xcc /tmp/counting-sheep-search-build/Build/Intermediates.noindex/PhoneInTheOtherRoom.build/Debug-iphonesimulator/PhoneInTheOtherRoomTests.build/PhoneInTheOtherRoomTests-project-headers.hmap -Xcc -I/tmp/counting-sheep-search-build/Build/Products/Debug-iphonesimulator/include -Xcc -I/tmp/counting-sheep-search-build/Build/Intermediates.noindex/PhoneInTheOtherRoom.build/Debug-iphonesimulator/PhoneInTheOtherRoomTests.build/DerivedSources-normal/arm64 -Xcc -I/tmp/counting-sheep-search-build/Build/Intermediates.noindex/PhoneInTheOtherRoom.build/Debug-iphonesimulator/PhoneInTheOtherRoomTests.build/DerivedSources/arm64 -Xcc -I/tmp/counting-sheep-search-build/Build/Intermediates.noindex/PhoneInTheOtherRoom.build/Debug-iphonesimulator/PhoneInTheOtherRoomTests.build/DerivedSources -Xcc -DDEBUG\=1 -emit-objc-header -emit-objc-header-path /tmp/counting-sheep-search-build/Build/Intermediates.noindex/PhoneInTheOtherRoom.build/Debug-iphonesimulator/PhoneInTheOtherRoomTests.build/Objects-normal/arm64/PhoneInTheOtherRoomTests-Swift.h -working-directory /Users/ngawangchime/Desktop/Developer\ Projects/Phone\ in\ the\ Other\ Room -experimental-emit-module-separately -disable-cmo


Test session results, code coverage, and logs:
	/tmp/fetch-swipe-isolated-tests-20260920.xcresult

Testing failed:
	Cannot find 'NightFlockViewModel' in scope
	Cannot find 'FocusRunViewModel' in scope
	Cannot find 'PersistenceService' in scope
	Testing cancelled because the build failed.

** TEST FAILED **


The following build commands failed:
	SwiftCompile normal arm64 Compiling\ CampfireProfileTests.swift /Users/ngawangchime/Desktop/Developer\ Projects/Phone\ in\ the\ Other\ Room/Tests/CampfireProfileTests.swift (in target 'PhoneInTheOtherRoomTests' from project 'PhoneInTheOtherRoom')
	SwiftCompile normal arm64 /Users/ngawangchime/Desktop/Developer\ Projects/Phone\ in\ the\ Other\ Room/Tests/CampfireProfileTests.swift (in target 'PhoneInTheOtherRoomTests' from project 'PhoneInTheOtherRoom')
	Testing project PhoneInTheOtherRoom with scheme PhoneInTheOtherRoom
(3 failures)
