Command line invocation:
    /Applications/Xcode.app/Contents/Developer/usr/bin/xcodebuild build -project PhoneInTheOtherRoom.xcodeproj -scheme PhoneInTheOtherRoom -destination "generic/platform=iOS Simulator" -derivedDataPath /private/tmp/counting-sheep-search-build -jobs 2

Resolve Package Graph


Resolved source packages:
  swift-crypto: https://github.com/apple/swift-crypto.git @ 4.5.0
  swift-http-types: https://github.com/apple/swift-http-types.git @ 1.6.0
  swift-concurrency-extras: https://github.com/pointfreeco/swift-concurrency-extras @ 1.4.0
  swift-asn1: https://github.com/apple/swift-asn1.git @ 1.7.1
  xctest-dynamic-overlay: https://github.com/pointfreeco/xctest-dynamic-overlay @ 1.11.0
  swift-clocks: https://github.com/pointfreeco/swift-clocks @ 1.1.0
  Supabase: https://github.com/supabase/supabase-swift.git @ 2.51.0

Build Preparation
Build task concurrency set to 2 via user default IDEBuildOperationMaxNumberOfConcurrentCompileTasks

ComputePackagePrebuildTargetDependencyGraph

Prepare packages

CreateBuildRequest

SendProjectDescription

CreateBuildOperation

ComputeTargetDependencyGraph
note: Building targets in dependency order
note: Target dependency graph (29 targets)
    Target 'PhoneInTheOtherRoom' in project 'PhoneInTheOtherRoom'
        ➜ Explicit dependency on target 'PhoneInTheOtherRoomWatchApp' in project 'PhoneInTheOtherRoom'
        ➜ Explicit dependency on target 'PhoneInTheOtherRoomLiveActivity' in project 'PhoneInTheOtherRoom'
        ➜ Explicit dependency on target 'PhoneInTheOtherRoomScreenTimeReport' in project 'PhoneInTheOtherRoom'
        ➜ Explicit dependency on target 'PhoneInTheOtherRoomDeviceActivityMonitor' in project 'PhoneInTheOtherRoom'
        ➜ Explicit dependency on target 'PhoneInTheOtherRoomShieldConfiguration' in project 'PhoneInTheOtherRoom'
        ➜ Explicit dependency on target 'PhoneInTheOtherRoomShieldAction' in project 'PhoneInTheOtherRoom'
        ➜ Explicit dependency on target 'Supabase' in project 'Supabase'
    Target 'Supabase' in project 'Supabase'
        ➜ Explicit dependency on target 'Supabase' in project 'Supabase'
        ➜ Explicit dependency on target 'Helpers' in project 'Supabase'
        ➜ Explicit dependency on target 'Auth' in project 'Supabase'
        ➜ Explicit dependency on target 'Functions' in project 'Supabase'
        ➜ Explicit dependency on target 'PostgREST' in project 'Supabase'
        ➜ Explicit dependency on target 'RealtimeV2' in project 'Supabase'
        ➜ Explicit dependency on target 'Realtime' in project 'Supabase'
        ➜ Explicit dependency on target 'Storage' in project 'Supabase'
        ➜ Explicit dependency on target 'ConcurrencyExtras' in project 'swift-concurrency-extras'
        ➜ Explicit dependency on target 'HTTPTypes' in project 'swift-http-types'
        ➜ Explicit dependency on target 'Clocks' in project 'swift-clocks'
        ➜ Explicit dependency on target 'XCTestDynamicOverlay' in project 'xctest-dynamic-overlay'
        ➜ Explicit dependency on target 'IssueReporting' in project 'xctest-dynamic-overlay'
        ➜ Explicit dependency on target 'Crypto' in project 'swift-crypto'
    Target 'Supabase' in project 'Supabase'
        ➜ Explicit dependency on target 'Helpers' in project 'Supabase'
        ➜ Explicit dependency on target 'Auth' in project 'Supabase'
        ➜ Explicit dependency on target 'Functions' in project 'Supabase'
        ➜ Explicit dependency on target 'PostgREST' in project 'Supabase'
        ➜ Explicit dependency on target 'RealtimeV2' in project 'Supabase'
        ➜ Explicit dependency on target 'Realtime' in project 'Supabase'
        ➜ Explicit dependency on target 'Storage' in project 'Supabase'
        ➜ Explicit dependency on target 'ConcurrencyExtras' in project 'swift-concurrency-extras'
        ➜ Explicit dependency on target 'HTTPTypes' in project 'swift-http-types'
        ➜ Explicit dependency on target 'Clocks' in project 'swift-clocks'
        ➜ Explicit dependency on target 'XCTestDynamicOverlay' in project 'xctest-dynamic-overlay'
        ➜ Explicit dependency on target 'IssueReporting' in project 'xctest-dynamic-overlay'
        ➜ Explicit dependency on target 'Crypto' in project 'swift-crypto'
    Target 'Storage' in project 'Supabase'
        ➜ Explicit dependency on target 'Helpers' in project 'Supabase'
        ➜ Explicit dependency on target 'ConcurrencyExtras' in project 'swift-concurrency-extras'
        ➜ Explicit dependency on target 'HTTPTypes' in project 'swift-http-types'
        ➜ Explicit dependency on target 'Clocks' in project 'swift-clocks'
        ➜ Explicit dependency on target 'XCTestDynamicOverlay' in project 'xctest-dynamic-overlay'
        ➜ Explicit dependency on target 'IssueReporting' in project 'xctest-dynamic-overlay'
    Target 'Realtime' in project 'Supabase'
        ➜ Explicit dependency on target 'Helpers' in project 'Supabase'
        ➜ Explicit dependency on target 'RealtimeV2' in project 'Supabase'
        ➜ Explicit dependency on target 'ConcurrencyExtras' in project 'swift-concurrency-extras'
        ➜ Explicit dependency on target 'HTTPTypes' in project 'swift-http-types'
        ➜ Explicit dependency on target 'Clocks' in project 'swift-clocks'
        ➜ Explicit dependency on target 'XCTestDynamicOverlay' in project 'xctest-dynamic-overlay'
        ➜ Explicit dependency on target 'IssueReporting' in project 'xctest-dynamic-overlay'
    Target 'RealtimeV2' in project 'Supabase'
        ➜ Explicit dependency on target 'Helpers' in project 'Supabase'
        ➜ Explicit dependency on target 'ConcurrencyExtras' in project 'swift-concurrency-extras'
        ➜ Explicit dependency on target 'HTTPTypes' in project 'swift-http-types'
        ➜ Explicit dependency on target 'Clocks' in project 'swift-clocks'
        ➜ Explicit dependency on target 'XCTestDynamicOverlay' in project 'xctest-dynamic-overlay'
        ➜ Explicit dependency on target 'IssueReporting' in project 'xctest-dynamic-overlay'
    Target 'PostgREST' in project 'Supabase'
        ➜ Explicit dependency on target 'Helpers' in project 'Supabase'
        ➜ Explicit dependency on target 'ConcurrencyExtras' in project 'swift-concurrency-extras'
        ➜ Explicit dependency on target 'HTTPTypes' in project 'swift-http-types'
        ➜ Explicit dependency on target 'Clocks' in project 'swift-clocks'
        ➜ Explicit dependency on target 'XCTestDynamicOverlay' in project 'xctest-dynamic-overlay'
        ➜ Explicit dependency on target 'IssueReporting' in project 'xctest-dynamic-overlay'
    Target 'Functions' in project 'Supabase'
        ➜ Explicit dependency on target 'Helpers' in project 'Supabase'
        ➜ Explicit dependency on target 'ConcurrencyExtras' in project 'swift-concurrency-extras'
        ➜ Explicit dependency on target 'HTTPTypes' in project 'swift-http-types'
        ➜ Explicit dependency on target 'Clocks' in project 'swift-clocks'
        ➜ Explicit dependency on target 'XCTestDynamicOverlay' in project 'xctest-dynamic-overlay'
        ➜ Explicit dependency on target 'IssueReporting' in project 'xctest-dynamic-overlay'
    Target 'Auth' in project 'Supabase'
        ➜ Explicit dependency on target 'Helpers' in project 'Supabase'
        ➜ Explicit dependency on target 'ConcurrencyExtras' in project 'swift-concurrency-extras'
        ➜ Explicit dependency on target 'HTTPTypes' in project 'swift-http-types'
        ➜ Explicit dependency on target 'Clocks' in project 'swift-clocks'
        ➜ Explicit dependency on target 'XCTestDynamicOverlay' in project 'xctest-dynamic-overlay'
        ➜ Explicit dependency on target 'IssueReporting' in project 'xctest-dynamic-overlay'
        ➜ Explicit dependency on target 'Crypto' in project 'swift-crypto'
    Target 'Crypto' in project 'swift-crypto'
        ➜ Explicit dependency on target 'Crypto' in project 'swift-crypto'
        ➜ Explicit dependency on target 'swift-crypto_Crypto' in project 'swift-crypto'
    Target 'Crypto' in project 'swift-crypto'
        ➜ Explicit dependency on target 'swift-crypto_Crypto' in project 'swift-crypto'
    Target 'swift-crypto_Crypto' in project 'swift-crypto' (no dependencies)
    Target 'Helpers' in project 'Supabase'
        ➜ Explicit dependency on target 'ConcurrencyExtras' in project 'swift-concurrency-extras'
        ➜ Explicit dependency on target 'HTTPTypes' in project 'swift-http-types'
        ➜ Explicit dependency on target 'Clocks' in project 'swift-clocks'
        ➜ Explicit dependency on target 'XCTestDynamicOverlay' in project 'xctest-dynamic-overlay'
        ➜ Explicit dependency on target 'IssueReporting' in project 'xctest-dynamic-overlay'
    Target 'XCTestDynamicOverlay' in project 'xctest-dynamic-overlay'
        ➜ Explicit dependency on target 'XCTestDynamicOverlay' in project 'xctest-dynamic-overlay'
        ➜ Explicit dependency on target 'IssueReporting' in project 'xctest-dynamic-overlay'
    Target 'XCTestDynamicOverlay' in project 'xctest-dynamic-overlay'
        ➜ Explicit dependency on target 'IssueReporting' in project 'xctest-dynamic-overlay'
    Target 'Clocks' in project 'swift-clocks'
        ➜ Explicit dependency on target 'Clocks' in project 'swift-clocks'
        ➜ Explicit dependency on target 'ConcurrencyExtras' in project 'swift-concurrency-extras'
        ➜ Explicit dependency on target 'IssueReporting' in project 'xctest-dynamic-overlay'
    Target 'Clocks' in project 'swift-clocks'
        ➜ Explicit dependency on target 'ConcurrencyExtras' in project 'swift-concurrency-extras'
        ➜ Explicit dependency on target 'IssueReporting' in project 'xctest-dynamic-overlay'
    Target 'IssueReporting' in project 'xctest-dynamic-overlay'
        ➜ Explicit dependency on target 'IssueReporting' in project 'xctest-dynamic-overlay'
    Target 'IssueReporting' in project 'xctest-dynamic-overlay' (no dependencies)
    Target 'HTTPTypes' in project 'swift-http-types'
        ➜ Explicit dependency on target 'HTTPTypes' in project 'swift-http-types'
    Target 'HTTPTypes' in project 'swift-http-types' (no dependencies)
    Target 'ConcurrencyExtras' in project 'swift-concurrency-extras'
        ➜ Explicit dependency on target 'ConcurrencyExtras' in project 'swift-concurrency-extras'
    Target 'ConcurrencyExtras' in project 'swift-concurrency-extras' (no dependencies)
    Target 'PhoneInTheOtherRoomShieldAction' in project 'PhoneInTheOtherRoom' (no dependencies)
    Target 'PhoneInTheOtherRoomShieldConfiguration' in project 'PhoneInTheOtherRoom' (no dependencies)
    Target 'PhoneInTheOtherRoomDeviceActivityMonitor' in project 'PhoneInTheOtherRoom' (no dependencies)
    Target 'PhoneInTheOtherRoomScreenTimeReport' in project 'PhoneInTheOtherRoom' (no dependencies)
    Target 'PhoneInTheOtherRoomLiveActivity' in project 'PhoneInTheOtherRoom' (no dependencies)
    Target 'PhoneInTheOtherRoomWatchApp' in project 'PhoneInTheOtherRoom' (no dependencies)

GatherProvisioningInputs

CreateBuildDescription

ClangStatCache /Applications/Xcode.app/Contents/Developer/Toolchains/XcodeDefault.xctoolchain/usr/bin/clang-stat-cache /Applications/Xcode.app/Contents/Developer/Platforms/iPhoneSimulator.platform/Developer/SDKs/iPhoneSimulator26.5.sdk /tmp/counting-sheep-search-build/SDKStatCaches.noindex/iphonesimulator26.5-23F81a-6cfe768891a92b912361537c460fe42b.sdkstatcache
    cd /Users/ngawangchime/Desktop/Developer\ Projects/Phone\ in\ the\ Other\ Room/PhoneInTheOtherRoom.xcodeproj
    /Applications/Xcode.app/Contents/Developer/Toolchains/XcodeDefault.xctoolchain/usr/bin/clang-stat-cache /Applications/Xcode.app/Contents/Developer/Platforms/iPhoneSimulator.platform/Developer/SDKs/iPhoneSimulator26.5.sdk -o /tmp/counting-sheep-search-build/SDKStatCaches.noindex/iphonesimulator26.5-23F81a-6cfe768891a92b912361537c460fe42b.sdkstatcache

ClangStatCache /Applications/Xcode.app/Contents/Developer/Toolchains/XcodeDefault.xctoolchain/usr/bin/clang-stat-cache /Applications/Xcode.app/Contents/Developer/Platforms/WatchSimulator.platform/Developer/SDKs/WatchSimulator26.5.sdk /tmp/counting-sheep-search-build/SDKStatCaches.noindex/watchsimulator26.5-23T570-1651579a441f1322ae888f0ed545cb80.sdkstatcache
    cd /Users/ngawangchime/Desktop/Developer\ Projects/Phone\ in\ the\ Other\ Room/PhoneInTheOtherRoom.xcodeproj
    /Applications/Xcode.app/Contents/Developer/Toolchains/XcodeDefault.xctoolchain/usr/bin/clang-stat-cache /Applications/Xcode.app/Contents/Developer/Platforms/WatchSimulator.platform/Developer/SDKs/WatchSimulator26.5.sdk -o /tmp/counting-sheep-search-build/SDKStatCaches.noindex/watchsimulator26.5-23T570-1651579a441f1322ae888f0ed545cb80.sdkstatcache

SwiftDriver PhoneInTheOtherRoom normal arm64 com.apple.xcode.tools.swift.compiler (in target 'PhoneInTheOtherRoom' from project 'PhoneInTheOtherRoom')
    cd /Users/ngawangchime/Desktop/Developer\ Projects/Phone\ in\ the\ Other\ Room
    builtin-SwiftDriver -- /Applications/Xcode.app/Contents/Developer/Toolchains/XcodeDefault.xctoolchain/usr/bin/swiftc -module-name Counting_Sheep -Onone @/tmp/counting-sheep-search-build/Build/Intermediates.noindex/PhoneInTheOtherRoom.build/Debug-iphonesimulator/PhoneInTheOtherRoom.build/Objects-normal/arm64/Counting\ Sheep.SwiftFileList -DDEBUG -DSCREEN_TIME_REPORTS -enable-bare-slash-regex -enable-experimental-feature DebugDescriptionMacro -sdk /Applications/Xcode.app/Contents/Developer/Platforms/iPhoneSimulator.platform/Developer/SDKs/iPhoneSimulator26.5.sdk -target arm64-apple-ios17.0-simulator -g -module-cache-path /tmp/counting-sheep-search-build/ModuleCache.noindex -Xfrontend -serialize-debugging-options -enable-testing -index-store-path /tmp/counting-sheep-search-build/Index.noindex/DataStore -Xcc -D_LIBCPP_HARDENING_MODE\=_LIBCPP_HARDENING_MODE_DEBUG -swift-version 5 -I /tmp/counting-sheep-search-build/Build/Products/Debug-iphonesimulator -F /tmp/counting-sheep-search-build/Build/Products/Debug-iphonesimulator/PackageFrameworks -F /tmp/counting-sheep-search-build/Build/Products/Debug-iphonesimulator/PackageFrameworks -F /tmp/counting-sheep-search-build/Build/Products/Debug-iphonesimulator/PackageFrameworks -F /tmp/counting-sheep-search-build/Build/Products/Debug-iphonesimulator/PackageFrameworks -F /tmp/counting-sheep-search-build/Build/Products/Debug-iphonesimulator/PackageFrameworks -F /tmp/counting-sheep-search-build/Build/Products/Debug-iphonesimulator/PackageFrameworks -F /tmp/counting-sheep-search-build/Build/Products/Debug-iphonesimulator/PackageFrameworks -F /tmp/counting-sheep-search-build/Build/Products/Debug-iphonesimulator/PackageFrameworks -F /tmp/counting-sheep-search-build/Build/Products/Debug-iphonesimulator/PackageFrameworks -F /tmp/counting-sheep-search-build/Build/Products/Debug-iphonesimulator/PackageFrameworks -F /tmp/counting-sheep-search-build/Build/Products/Debug-iphonesimulator/PackageFrameworks -F /tmp/counting-sheep-search-build/Build/Products/Debug-iphonesimulator/PackageFrameworks -F /tmp/counting-sheep-search-build/Build/Products/Debug-iphonesimulator/PackageFrameworks -F /tmp/counting-sheep-search-build/Build/Products/Debug-iphonesimulator/PackageFrameworks -F /tmp/counting-sheep-search-build/Build/Products/Debug-iphonesimulator -c -j8 -enable-batch-mode -incremental -Xcc -ivfsstatcache -Xcc /tmp/counting-sheep-search-build/SDKStatCaches.noindex/iphonesimulator26.5-23F81a-6cfe768891a92b912361537c460fe42b.sdkstatcache -output-file-map /tmp/counting-sheep-search-build/Build/Intermediates.noindex/PhoneInTheOtherRoom.build/Debug-iphonesimulator/PhoneInTheOtherRoom.build/Objects-normal/arm64/PhoneInTheOtherRoom-OutputFileMap.json -use-frontend-parseable-output -save-temps -no-color-diagnostics -explicit-module-build -module-cache-path /tmp/counting-sheep-search-build/Build/Intermediates.noindex/SwiftExplicitPrecompiledModules -clang-scanner-module-cache-path /tmp/counting-sheep-search-build/ModuleCache.noindex -sdk-module-cache-path /tmp/counting-sheep-search-build/ModuleCache.noindex -serialize-diagnostics -emit-dependencies -emit-module -emit-module-path /tmp/counting-sheep-search-build/Build/Intermediates.noindex/PhoneInTheOtherRoom.build/Debug-iphonesimulator/PhoneInTheOtherRoom.build/Objects-normal/arm64/Counting_Sheep.swiftmodule -validate-clang-modules-once -clang-build-session-file /tmp/counting-sheep-search-build/ModuleCache.noindex/Session.modulevalidation -Xcc -I/tmp/counting-sheep-search-build/Build/Intermediates.noindex/PhoneInTheOtherRoom.build/Debug-iphonesimulator/PhoneInTheOtherRoom.build/swift-overrides.hmap -emit-const-values -Xfrontend -const-gather-protocols-file -Xfrontend /tmp/counting-sheep-search-build/Build/Intermediates.noindex/PhoneInTheOtherRoom.build/Debug-iphonesimulator/PhoneInTheOtherRoom.build/Objects-normal/arm64/PhoneInTheOtherRoom_const_extract_protocols.json -Xcc -iquote -Xcc /tmp/counting-sheep-search-build/Build/Intermediates.noindex/PhoneInTheOtherRoom.build/Debug-iphonesimulator/PhoneInTheOtherRoom.build/Counting\ Sheep-generated-files.hmap -Xcc -I/tmp/counting-sheep-search-build/Build/Intermediates.noindex/PhoneInTheOtherRoom.build/Debug-iphonesimulator/PhoneInTheOtherRoom.build/Counting\ Sheep-own-target-headers.hmap -Xcc -I/tmp/counting-sheep-search-build/Build/Intermediates.noindex/PhoneInTheOtherRoom.build/Debug-iphonesimulator/PhoneInTheOtherRoom.build/Counting\ Sheep-all-non-framework-target-headers.hmap -Xcc -ivfsoverlay -Xcc /tmp/counting-sheep-search-build/Build/Intermediates.noindex/PhoneInTheOtherRoom.build/Debug-iphonesimulator/PhoneInTheOtherRoom-d9a00fb94435e678319518e524e23875-VFS-iphonesimulator/all-product-headers.yaml -Xcc -iquote -Xcc /tmp/counting-sheep-search-build/Build/Intermediates.noindex/PhoneInTheOtherRoom.build/Debug-iphonesimulator/PhoneInTheOtherRoom.build/Counting\ Sheep-project-headers.hmap -Xcc -I/tmp/counting-sheep-search-build/Build/Products/Debug-iphonesimulator/include -Xcc -I/tmp/counting-sheep-search-build/Build/Intermediates.noindex/PhoneInTheOtherRoom.build/Debug-iphonesimulator/PhoneInTheOtherRoom.build/DerivedSources-normal/arm64 -Xcc -I/tmp/counting-sheep-search-build/Build/Intermediates.noindex/PhoneInTheOtherRoom.build/Debug-iphonesimulator/PhoneInTheOtherRoom.build/DerivedSources/arm64 -Xcc -I/tmp/counting-sheep-search-build/Build/Intermediates.noindex/PhoneInTheOtherRoom.build/Debug-iphonesimulator/PhoneInTheOtherRoom.build/DerivedSources -Xcc -DDEBUG\=1 -emit-objc-header -emit-objc-header-path /tmp/counting-sheep-search-build/Build/Intermediates.noindex/PhoneInTheOtherRoom.build/Debug-iphonesimulator/PhoneInTheOtherRoom.build/Objects-normal/arm64/Counting_Sheep-Swift.h -working-directory /Users/ngawangchime/Desktop/Developer\ Projects/Phone\ in\ the\ Other\ Room -experimental-emit-module-separately -disable-cmo

SwiftDriver PhoneInTheOtherRoom normal x86_64 com.apple.xcode.tools.swift.compiler (in target 'PhoneInTheOtherRoom' from project 'PhoneInTheOtherRoom')
    cd /Users/ngawangchime/Desktop/Developer\ Projects/Phone\ in\ the\ Other\ Room
    builtin-SwiftDriver -- /Applications/Xcode.app/Contents/Developer/Toolchains/XcodeDefault.xctoolchain/usr/bin/swiftc -module-name Counting_Sheep -Onone @/tmp/counting-sheep-search-build/Build/Intermediates.noindex/PhoneInTheOtherRoom.build/Debug-iphonesimulator/PhoneInTheOtherRoom.build/Objects-normal/x86_64/Counting\ Sheep.SwiftFileList -DDEBUG -DSCREEN_TIME_REPORTS -enable-bare-slash-regex -enable-experimental-feature DebugDescriptionMacro -sdk /Applications/Xcode.app/Contents/Developer/Platforms/iPhoneSimulator.platform/Developer/SDKs/iPhoneSimulator26.5.sdk -target x86_64-apple-ios17.0-simulator -g -module-cache-path /tmp/counting-sheep-search-build/ModuleCache.noindex -Xfrontend -serialize-debugging-options -enable-testing -index-store-path /tmp/counting-sheep-search-build/Index.noindex/DataStore -Xcc -D_LIBCPP_HARDENING_MODE\=_LIBCPP_HARDENING_MODE_DEBUG -swift-version 5 -I /tmp/counting-sheep-search-build/Build/Products/Debug-iphonesimulator -F /tmp/counting-sheep-search-build/Build/Products/Debug-iphonesimulator/PackageFrameworks -F /tmp/counting-sheep-search-build/Build/Products/Debug-iphonesimulator/PackageFrameworks -F /tmp/counting-sheep-search-build/Build/Products/Debug-iphonesimulator/PackageFrameworks -F /tmp/counting-sheep-search-build/Build/Products/Debug-iphonesimulator/PackageFrameworks -F /tmp/counting-sheep-search-build/Build/Products/Debug-iphonesimulator/PackageFrameworks -F /tmp/counting-sheep-search-build/Build/Products/Debug-iphonesimulator/PackageFrameworks -F /tmp/counting-sheep-search-build/Build/Products/Debug-iphonesimulator/PackageFrameworks -F /tmp/counting-sheep-search-build/Build/Products/Debug-iphonesimulator/PackageFrameworks -F /tmp/counting-sheep-search-build/Build/Products/Debug-iphonesimulator/PackageFrameworks -F /tmp/counting-sheep-search-build/Build/Products/Debug-iphonesimulator/PackageFrameworks -F /tmp/counting-sheep-search-build/Build/Products/Debug-iphonesimulator/PackageFrameworks -F /tmp/counting-sheep-search-build/Build/Products/Debug-iphonesimulator/PackageFrameworks -F /tmp/counting-sheep-search-build/Build/Products/Debug-iphonesimulator/PackageFrameworks -F /tmp/counting-sheep-search-build/Build/Products/Debug-iphonesimulator/PackageFrameworks -F /tmp/counting-sheep-search-build/Build/Products/Debug-iphonesimulator -c -j8 -enable-batch-mode -incremental -Xcc -ivfsstatcache -Xcc /tmp/counting-sheep-search-build/SDKStatCaches.noindex/iphonesimulator26.5-23F81a-6cfe768891a92b912361537c460fe42b.sdkstatcache -output-file-map /tmp/counting-sheep-search-build/Build/Intermediates.noindex/PhoneInTheOtherRoom.build/Debug-iphonesimulator/PhoneInTheOtherRoom.build/Objects-normal/x86_64/PhoneInTheOtherRoom-OutputFileMap.json -use-frontend-parseable-output -save-temps -no-color-diagnostics -explicit-module-build -module-cache-path /tmp/counting-sheep-search-build/Build/Intermediates.noindex/SwiftExplicitPrecompiledModules -clang-scanner-module-cache-path /tmp/counting-sheep-search-build/ModuleCache.noindex -sdk-module-cache-path /tmp/counting-sheep-search-build/ModuleCache.noindex -serialize-diagnostics -emit-dependencies -emit-module -emit-module-path /tmp/counting-sheep-search-build/Build/Intermediates.noindex/PhoneInTheOtherRoom.build/Debug-iphonesimulator/PhoneInTheOtherRoom.build/Objects-normal/x86_64/Counting_Sheep.swiftmodule -validate-clang-modules-once -clang-build-session-file /tmp/counting-sheep-search-build/ModuleCache.noindex/Session.modulevalidation -Xcc -I/tmp/counting-sheep-search-build/Build/Intermediates.noindex/PhoneInTheOtherRoom.build/Debug-iphonesimulator/PhoneInTheOtherRoom.build/swift-overrides.hmap -emit-const-values -Xfrontend -const-gather-protocols-file -Xfrontend /tmp/counting-sheep-search-build/Build/Intermediates.noindex/PhoneInTheOtherRoom.build/Debug-iphonesimulator/PhoneInTheOtherRoom.build/Objects-normal/x86_64/PhoneInTheOtherRoom_const_extract_protocols.json -Xcc -iquote -Xcc /tmp/counting-sheep-search-build/Build/Intermediates.noindex/PhoneInTheOtherRoom.build/Debug-iphonesimulator/PhoneInTheOtherRoom.build/Counting\ Sheep-generated-files.hmap -Xcc -I/tmp/counting-sheep-search-build/Build/Intermediates.noindex/PhoneInTheOtherRoom.build/Debug-iphonesimulator/PhoneInTheOtherRoom.build/Counting\ Sheep-own-target-headers.hmap -Xcc -I/tmp/counting-sheep-search-build/Build/Intermediates.noindex/PhoneInTheOtherRoom.build/Debug-iphonesimulator/PhoneInTheOtherRoom.build/Counting\ Sheep-all-non-framework-target-headers.hmap -Xcc -ivfsoverlay -Xcc /tmp/counting-sheep-search-build/Build/Intermediates.noindex/PhoneInTheOtherRoom.build/Debug-iphonesimulator/PhoneInTheOtherRoom-d9a00fb94435e678319518e524e23875-VFS-iphonesimulator/all-product-headers.yaml -Xcc -iquote -Xcc /tmp/counting-sheep-search-build/Build/Intermediates.noindex/PhoneInTheOtherRoom.build/Debug-iphonesimulator/PhoneInTheOtherRoom.build/Counting\ Sheep-project-headers.hmap -Xcc -I/tmp/counting-sheep-search-build/Build/Products/Debug-iphonesimulator/include -Xcc -I/tmp/counting-sheep-search-build/Build/Intermediates.noindex/PhoneInTheOtherRoom.build/Debug-iphonesimulator/PhoneInTheOtherRoom.build/DerivedSources-normal/x86_64 -Xcc -I/tmp/counting-sheep-search-build/Build/Intermediates.noindex/PhoneInTheOtherRoom.build/Debug-iphonesimulator/PhoneInTheOtherRoom.build/DerivedSources/x86_64 -Xcc -I/tmp/counting-sheep-search-build/Build/Intermediates.noindex/PhoneInTheOtherRoom.build/Debug-iphonesimulator/PhoneInTheOtherRoom.build/DerivedSources -Xcc -DDEBUG\=1 -emit-objc-header -emit-objc-header-path /tmp/counting-sheep-search-build/Build/Intermediates.noindex/PhoneInTheOtherRoom.build/Debug-iphonesimulator/PhoneInTheOtherRoom.build/Objects-normal/x86_64/Counting_Sheep-Swift.h -working-directory /Users/ngawangchime/Desktop/Developer\ Projects/Phone\ in\ the\ Other\ Room -experimental-emit-module-separately -disable-cmo

SwiftEmitModule normal arm64 Emitting\ module\ for\ Counting_Sheep (in target 'PhoneInTheOtherRoom' from project 'PhoneInTheOtherRoom')

EmitSwiftModule normal arm64 (in target 'PhoneInTheOtherRoom' from project 'PhoneInTheOtherRoom')
    cd /Users/ngawangchime/Desktop/Developer\ Projects/Phone\ in\ the\ Other\ Room
    

SwiftCompile normal arm64 Compiling\ PastureFetchView.swift /Users/ngawangchime/Desktop/Developer\ Projects/Phone\ in\ the\ Other\ Room/PhoneInTheOtherRoomApp/Views/Components/PastureFetchView.swift (in target 'PhoneInTheOtherRoom' from project 'PhoneInTheOtherRoom')

SwiftCompile normal arm64 /Users/ngawangchime/Desktop/Developer\ Projects/Phone\ in\ the\ Other\ Room/PhoneInTheOtherRoomApp/Views/Components/PastureFetchView.swift (in target 'PhoneInTheOtherRoom' from project 'PhoneInTheOtherRoom')
    cd /Users/ngawangchime/Desktop/Developer\ Projects/Phone\ in\ the\ Other\ Room
    

SwiftEmitModule normal x86_64 Emitting\ module\ for\ Counting_Sheep (in target 'PhoneInTheOtherRoom' from project 'PhoneInTheOtherRoom')
EmitSwiftModule normal x86_64 (in target 'PhoneInTheOtherRoom' from project 'PhoneInTheOtherRoom')
    cd /Users/ngawangchime/Desktop/Developer\ Projects/Phone\ in\ the\ Other\ Room
    

SwiftDriverJobDiscovery normal arm64 Compiling PastureFetchView.swift (in target 'PhoneInTheOtherRoom' from project 'PhoneInTheOtherRoom')

SwiftCompile normal x86_64 Compiling\ PastureFetchView.swift /Users/ngawangchime/Desktop/Developer\ Projects/Phone\ in\ the\ Other\ Room/PhoneInTheOtherRoomApp/Views/Components/PastureFetchView.swift (in target 'PhoneInTheOtherRoom' from project 'PhoneInTheOtherRoom')

SwiftCompile normal x86_64 /Users/ngawangchime/Desktop/Developer\ Projects/Phone\ in\ the\ Other\ Room/PhoneInTheOtherRoomApp/Views/Components/PastureFetchView.swift (in target 'PhoneInTheOtherRoom' from project 'PhoneInTheOtherRoom')
    cd /Users/ngawangchime/Desktop/Developer\ Projects/Phone\ in\ the\ Other\ Room
    

SwiftDriverJobDiscovery normal arm64 Emitting module for Counting_Sheep (in target 'PhoneInTheOtherRoom' from project 'PhoneInTheOtherRoom')

SwiftDriver\ Compilation\ Requirements PhoneInTheOtherRoom normal arm64 com.apple.xcode.tools.swift.compiler (in target 'PhoneInTheOtherRoom' from project 'PhoneInTheOtherRoom')
    cd /Users/ngawangchime/Desktop/Developer\ Projects/Phone\ in\ the\ Other\ Room
    builtin-Swift-Compilation-Requirements -- /Applications/Xcode.app/Contents/Developer/Toolchains/XcodeDefault.xctoolchain/usr/bin/swiftc -module-name Counting_Sheep -Onone @/tmp/counting-sheep-search-build/Build/Intermediates.noindex/PhoneInTheOtherRoom.build/Debug-iphonesimulator/PhoneInTheOtherRoom.build/Objects-normal/arm64/Counting\ Sheep.SwiftFileList -DDEBUG -DSCREEN_TIME_REPORTS -enable-bare-slash-regex -enable-experimental-feature DebugDescriptionMacro -sdk /Applications/Xcode.app/Contents/Developer/Platforms/iPhoneSimulator.platform/Developer/SDKs/iPhoneSimulator26.5.sdk -target arm64-apple-ios17.0-simulator -g -module-cache-path /tmp/counting-sheep-search-build/ModuleCache.noindex -Xfrontend -serialize-debugging-options -enable-testing -index-store-path /tmp/counting-sheep-search-build/Index.noindex/DataStore -Xcc -D_LIBCPP_HARDENING_MODE\=_LIBCPP_HARDENING_MODE_DEBUG -swift-version 5 -I /tmp/counting-sheep-search-build/Build/Products/Debug-iphonesimulator -F /tmp/counting-sheep-search-build/Build/Products/Debug-iphonesimulator/PackageFrameworks -F /tmp/counting-sheep-search-build/Build/Products/Debug-iphonesimulator/PackageFrameworks -F /tmp/counting-sheep-search-build/Build/Products/Debug-iphonesimulator/PackageFrameworks -F /tmp/counting-sheep-search-build/Build/Products/Debug-iphonesimulator/PackageFrameworks -F /tmp/counting-sheep-search-build/Build/Products/Debug-iphonesimulator/PackageFrameworks -F /tmp/counting-sheep-search-build/Build/Products/Debug-iphonesimulator/PackageFrameworks -F /tmp/counting-sheep-search-build/Build/Products/Debug-iphonesimulator/PackageFrameworks -F /tmp/counting-sheep-search-build/Build/Products/Debug-iphonesimulator/PackageFrameworks -F /tmp/counting-sheep-search-build/Build/Products/Debug-iphonesimulator/PackageFrameworks -F /tmp/counting-sheep-search-build/Build/Products/Debug-iphonesimulator/PackageFrameworks -F /tmp/counting-sheep-search-build/Build/Products/Debug-iphonesimulator/PackageFrameworks -F /tmp/counting-sheep-search-build/Build/Products/Debug-iphonesimulator/PackageFrameworks -F /tmp/counting-sheep-search-build/Build/Products/Debug-iphonesimulator/PackageFrameworks -F /tmp/counting-sheep-search-build/Build/Products/Debug-iphonesimulator/PackageFrameworks -F /tmp/counting-sheep-search-build/Build/Products/Debug-iphonesimulator -c -j8 -enable-batch-mode -incremental -Xcc -ivfsstatcache -Xcc /tmp/counting-sheep-search-build/SDKStatCaches.noindex/iphonesimulator26.5-23F81a-6cfe768891a92b912361537c460fe42b.sdkstatcache -output-file-map /tmp/counting-sheep-search-build/Build/Intermediates.noindex/PhoneInTheOtherRoom.build/Debug-iphonesimulator/PhoneInTheOtherRoom.build/Objects-normal/arm64/PhoneInTheOtherRoom-OutputFileMap.json -use-frontend-parseable-output -save-temps -no-color-diagnostics -explicit-module-build -module-cache-path /tmp/counting-sheep-search-build/Build/Intermediates.noindex/SwiftExplicitPrecompiledModules -clang-scanner-module-cache-path /tmp/counting-sheep-search-build/ModuleCache.noindex -sdk-module-cache-path /tmp/counting-sheep-search-build/ModuleCache.noindex -serialize-diagnostics -emit-dependencies -emit-module -emit-module-path /tmp/counting-sheep-search-build/Build/Intermediates.noindex/PhoneInTheOtherRoom.build/Debug-iphonesimulator/PhoneInTheOtherRoom.build/Objects-normal/arm64/Counting_Sheep.swiftmodule -validate-clang-modules-once -clang-build-session-file /tmp/counting-sheep-search-build/ModuleCache.noindex/Session.modulevalidation -Xcc -I/tmp/counting-sheep-search-build/Build/Intermediates.noindex/PhoneInTheOtherRoom.build/Debug-iphonesimulator/PhoneInTheOtherRoom.build/swift-overrides.hmap -emit-const-values -Xfrontend -const-gather-protocols-file -Xfrontend /tmp/counting-sheep-search-build/Build/Intermediates.noindex/PhoneInTheOtherRoom.build/Debug-iphonesimulator/PhoneInTheOtherRoom.build/Objects-normal/arm64/PhoneInTheOtherRoom_const_extract_protocols.json -Xcc -iquote -Xcc /tmp/counting-sheep-search-build/Build/Intermediates.noindex/PhoneInTheOtherRoom.build/Debug-iphonesimulator/PhoneInTheOtherRoom.build/Counting\ Sheep-generated-files.hmap -Xcc -I/tmp/counting-sheep-search-build/Build/Intermediates.noindex/PhoneInTheOtherRoom.build/Debug-iphonesimulator/PhoneInTheOtherRoom.build/Counting\ Sheep-own-target-headers.hmap -Xcc -I/tmp/counting-sheep-search-build/Build/Intermediates.noindex/PhoneInTheOtherRoom.build/Debug-iphonesimulator/PhoneInTheOtherRoom.build/Counting\ Sheep-all-non-framework-target-headers.hmap -Xcc -ivfsoverlay -Xcc /tmp/counting-sheep-search-build/Build/Intermediates.noindex/PhoneInTheOtherRoom.build/Debug-iphonesimulator/PhoneInTheOtherRoom-d9a00fb94435e678319518e524e23875-VFS-iphonesimulator/all-product-headers.yaml -Xcc -iquote -Xcc /tmp/counting-sheep-search-build/Build/Intermediates.noindex/PhoneInTheOtherRoom.build/Debug-iphonesimulator/PhoneInTheOtherRoom.build/Counting\ Sheep-project-headers.hmap -Xcc -I/tmp/counting-sheep-search-build/Build/Products/Debug-iphonesimulator/include -Xcc -I/tmp/counting-sheep-search-build/Build/Intermediates.noindex/PhoneInTheOtherRoom.build/Debug-iphonesimulator/PhoneInTheOtherRoom.build/DerivedSources-normal/arm64 -Xcc -I/tmp/counting-sheep-search-build/Build/Intermediates.noindex/PhoneInTheOtherRoom.build/Debug-iphonesimulator/PhoneInTheOtherRoom.build/DerivedSources/arm64 -Xcc -I/tmp/counting-sheep-search-build/Build/Intermediates.noindex/PhoneInTheOtherRoom.build/Debug-iphonesimulator/PhoneInTheOtherRoom.build/DerivedSources -Xcc -DDEBUG\=1 -emit-objc-header -emit-objc-header-path /tmp/counting-sheep-search-build/Build/Intermediates.noindex/PhoneInTheOtherRoom.build/Debug-iphonesimulator/PhoneInTheOtherRoom.build/Objects-normal/arm64/Counting_Sheep-Swift.h -working-directory /Users/ngawangchime/Desktop/Developer\ Projects/Phone\ in\ the\ Other\ Room -experimental-emit-module-separately -disable-cmo

SwiftDriverJobDiscovery normal x86_64 Compiling PastureFetchView.swift (in target 'PhoneInTheOtherRoom' from project 'PhoneInTheOtherRoom')

SwiftDriver\ Compilation PhoneInTheOtherRoom normal arm64 com.apple.xcode.tools.swift.compiler (in target 'PhoneInTheOtherRoom' from project 'PhoneInTheOtherRoom')
    cd /Users/ngawangchime/Desktop/Developer\ Projects/Phone\ in\ the\ Other\ Room
    builtin-Swift-Compilation -- /Applications/Xcode.app/Contents/Developer/Toolchains/XcodeDefault.xctoolchain/usr/bin/swiftc -module-name Counting_Sheep -Onone @/tmp/counting-sheep-search-build/Build/Intermediates.noindex/PhoneInTheOtherRoom.build/Debug-iphonesimulator/PhoneInTheOtherRoom.build/Objects-normal/arm64/Counting\ Sheep.SwiftFileList -DDEBUG -DSCREEN_TIME_REPORTS -enable-bare-slash-regex -enable-experimental-feature DebugDescriptionMacro -sdk /Applications/Xcode.app/Contents/Developer/Platforms/iPhoneSimulator.platform/Developer/SDKs/iPhoneSimulator26.5.sdk -target arm64-apple-ios17.0-simulator -g -module-cache-path /tmp/counting-sheep-search-build/ModuleCache.noindex -Xfrontend -serialize-debugging-options -enable-testing -index-store-path /tmp/counting-sheep-search-build/Index.noindex/DataStore -Xcc -D_LIBCPP_HARDENING_MODE\=_LIBCPP_HARDENING_MODE_DEBUG -swift-version 5 -I /tmp/counting-sheep-search-build/Build/Products/Debug-iphonesimulator -F /tmp/counting-sheep-search-build/Build/Products/Debug-iphonesimulator/PackageFrameworks -F /tmp/counting-sheep-search-build/Build/Products/Debug-iphonesimulator/PackageFrameworks -F /tmp/counting-sheep-search-build/Build/Products/Debug-iphonesimulator/PackageFrameworks -F /tmp/counting-sheep-search-build/Build/Products/Debug-iphonesimulator/PackageFrameworks -F /tmp/counting-sheep-search-build/Build/Products/Debug-iphonesimulator/PackageFrameworks -F /tmp/counting-sheep-search-build/Build/Products/Debug-iphonesimulator/PackageFrameworks -F /tmp/counting-sheep-search-build/Build/Products/Debug-iphonesimulator/PackageFrameworks -F /tmp/counting-sheep-search-build/Build/Products/Debug-iphonesimulator/PackageFrameworks -F /tmp/counting-sheep-search-build/Build/Products/Debug-iphonesimulator/PackageFrameworks -F /tmp/counting-sheep-search-build/Build/Products/Debug-iphonesimulator/PackageFrameworks -F /tmp/counting-sheep-search-build/Build/Products/Debug-iphonesimulator/PackageFrameworks -F /tmp/counting-sheep-search-build/Build/Products/Debug-iphonesimulator/PackageFrameworks -F /tmp/counting-sheep-search-build/Build/Products/Debug-iphonesimulator/PackageFrameworks -F /tmp/counting-sheep-search-build/Build/Products/Debug-iphonesimulator/PackageFrameworks -F /tmp/counting-sheep-search-build/Build/Products/Debug-iphonesimulator -c -j8 -enable-batch-mode -incremental -Xcc -ivfsstatcache -Xcc /tmp/counting-sheep-search-build/SDKStatCaches.noindex/iphonesimulator26.5-23F81a-6cfe768891a92b912361537c460fe42b.sdkstatcache -output-file-map /tmp/counting-sheep-search-build/Build/Intermediates.noindex/PhoneInTheOtherRoom.build/Debug-iphonesimulator/PhoneInTheOtherRoom.build/Objects-normal/arm64/PhoneInTheOtherRoom-OutputFileMap.json -use-frontend-parseable-output -save-temps -no-color-diagnostics -explicit-module-build -module-cache-path /tmp/counting-sheep-search-build/Build/Intermediates.noindex/SwiftExplicitPrecompiledModules -clang-scanner-module-cache-path /tmp/counting-sheep-search-build/ModuleCache.noindex -sdk-module-cache-path /tmp/counting-sheep-search-build/ModuleCache.noindex -serialize-diagnostics -emit-dependencies -emit-module -emit-module-path /tmp/counting-sheep-search-build/Build/Intermediates.noindex/PhoneInTheOtherRoom.build/Debug-iphonesimulator/PhoneInTheOtherRoom.build/Objects-normal/arm64/Counting_Sheep.swiftmodule -validate-clang-modules-once -clang-build-session-file /tmp/counting-sheep-search-build/ModuleCache.noindex/Session.modulevalidation -Xcc -I/tmp/counting-sheep-search-build/Build/Intermediates.noindex/PhoneInTheOtherRoom.build/Debug-iphonesimulator/PhoneInTheOtherRoom.build/swift-overrides.hmap -emit-const-values -Xfrontend -const-gather-protocols-file -Xfrontend /tmp/counting-sheep-search-build/Build/Intermediates.noindex/PhoneInTheOtherRoom.build/Debug-iphonesimulator/PhoneInTheOtherRoom.build/Objects-normal/arm64/PhoneInTheOtherRoom_const_extract_protocols.json -Xcc -iquote -Xcc /tmp/counting-sheep-search-build/Build/Intermediates.noindex/PhoneInTheOtherRoom.build/Debug-iphonesimulator/PhoneInTheOtherRoom.build/Counting\ Sheep-generated-files.hmap -Xcc -I/tmp/counting-sheep-search-build/Build/Intermediates.noindex/PhoneInTheOtherRoom.build/Debug-iphonesimulator/PhoneInTheOtherRoom.build/Counting\ Sheep-own-target-headers.hmap -Xcc -I/tmp/counting-sheep-search-build/Build/Intermediates.noindex/PhoneInTheOtherRoom.build/Debug-iphonesimulator/PhoneInTheOtherRoom.build/Counting\ Sheep-all-non-framework-target-headers.hmap -Xcc -ivfsoverlay -Xcc /tmp/counting-sheep-search-build/Build/Intermediates.noindex/PhoneInTheOtherRoom.build/Debug-iphonesimulator/PhoneInTheOtherRoom-d9a00fb94435e678319518e524e23875-VFS-iphonesimulator/all-product-headers.yaml -Xcc -iquote -Xcc /tmp/counting-sheep-search-build/Build/Intermediates.noindex/PhoneInTheOtherRoom.build/Debug-iphonesimulator/PhoneInTheOtherRoom.build/Counting\ Sheep-project-headers.hmap -Xcc -I/tmp/counting-sheep-search-build/Build/Products/Debug-iphonesimulator/include -Xcc -I/tmp/counting-sheep-search-build/Build/Intermediates.noindex/PhoneInTheOtherRoom.build/Debug-iphonesimulator/PhoneInTheOtherRoom.build/DerivedSources-normal/arm64 -Xcc -I/tmp/counting-sheep-search-build/Build/Intermediates.noindex/PhoneInTheOtherRoom.build/Debug-iphonesimulator/PhoneInTheOtherRoom.build/DerivedSources/arm64 -Xcc -I/tmp/counting-sheep-search-build/Build/Intermediates.noindex/PhoneInTheOtherRoom.build/Debug-iphonesimulator/PhoneInTheOtherRoom.build/DerivedSources -Xcc -DDEBUG\=1 -emit-objc-header -emit-objc-header-path /tmp/counting-sheep-search-build/Build/Intermediates.noindex/PhoneInTheOtherRoom.build/Debug-iphonesimulator/PhoneInTheOtherRoom.build/Objects-normal/arm64/Counting_Sheep-Swift.h -working-directory /Users/ngawangchime/Desktop/Developer\ Projects/Phone\ in\ the\ Other\ Room -experimental-emit-module-separately -disable-cmo

SwiftDriverJobDiscovery normal x86_64 Emitting module for Counting_Sheep (in target 'PhoneInTheOtherRoom' from project 'PhoneInTheOtherRoom')

SwiftDriver\ Compilation\ Requirements PhoneInTheOtherRoom normal x86_64 com.apple.xcode.tools.swift.compiler (in target 'PhoneInTheOtherRoom' from project 'PhoneInTheOtherRoom')
    cd /Users/ngawangchime/Desktop/Developer\ Projects/Phone\ in\ the\ Other\ Room
    builtin-Swift-Compilation-Requirements -- /Applications/Xcode.app/Contents/Developer/Toolchains/XcodeDefault.xctoolchain/usr/bin/swiftc -module-name Counting_Sheep -Onone @/tmp/counting-sheep-search-build/Build/Intermediates.noindex/PhoneInTheOtherRoom.build/Debug-iphonesimulator/PhoneInTheOtherRoom.build/Objects-normal/x86_64/Counting\ Sheep.SwiftFileList -DDEBUG -DSCREEN_TIME_REPORTS -enable-bare-slash-regex -enable-experimental-feature DebugDescriptionMacro -sdk /Applications/Xcode.app/Contents/Developer/Platforms/iPhoneSimulator.platform/Developer/SDKs/iPhoneSimulator26.5.sdk -target x86_64-apple-ios17.0-simulator -g -module-cache-path /tmp/counting-sheep-search-build/ModuleCache.noindex -Xfrontend -serialize-debugging-options -enable-testing -index-store-path /tmp/counting-sheep-search-build/Index.noindex/DataStore -Xcc -D_LIBCPP_HARDENING_MODE\=_LIBCPP_HARDENING_MODE_DEBUG -swift-version 5 -I /tmp/counting-sheep-search-build/Build/Products/Debug-iphonesimulator -F /tmp/counting-sheep-search-build/Build/Products/Debug-iphonesimulator/PackageFrameworks -F /tmp/counting-sheep-search-build/Build/Products/Debug-iphonesimulator/PackageFrameworks -F /tmp/counting-sheep-search-build/Build/Products/Debug-iphonesimulator/PackageFrameworks -F /tmp/counting-sheep-search-build/Build/Products/Debug-iphonesimulator/PackageFrameworks -F /tmp/counting-sheep-search-build/Build/Products/Debug-iphonesimulator/PackageFrameworks -F /tmp/counting-sheep-search-build/Build/Products/Debug-iphonesimulator/PackageFrameworks -F /tmp/counting-sheep-search-build/Build/Products/Debug-iphonesimulator/PackageFrameworks -F /tmp/counting-sheep-search-build/Build/Products/Debug-iphonesimulator/PackageFrameworks -F /tmp/counting-sheep-search-build/Build/Products/Debug-iphonesimulator/PackageFrameworks -F /tmp/counting-sheep-search-build/Build/Products/Debug-iphonesimulator/PackageFrameworks -F /tmp/counting-sheep-search-build/Build/Products/Debug-iphonesimulator/PackageFrameworks -F /tmp/counting-sheep-search-build/Build/Products/Debug-iphonesimulator/PackageFrameworks -F /tmp/counting-sheep-search-build/Build/Products/Debug-iphonesimulator/PackageFrameworks -F /tmp/counting-sheep-search-build/Build/Products/Debug-iphonesimulator/PackageFrameworks -F /tmp/counting-sheep-search-build/Build/Products/Debug-iphonesimulator -c -j8 -enable-batch-mode -incremental -Xcc -ivfsstatcache -Xcc /tmp/counting-sheep-search-build/SDKStatCaches.noindex/iphonesimulator26.5-23F81a-6cfe768891a92b912361537c460fe42b.sdkstatcache -output-file-map /tmp/counting-sheep-search-build/Build/Intermediates.noindex/PhoneInTheOtherRoom.build/Debug-iphonesimulator/PhoneInTheOtherRoom.build/Objects-normal/x86_64/PhoneInTheOtherRoom-OutputFileMap.json -use-frontend-parseable-output -save-temps -no-color-diagnostics -explicit-module-build -module-cache-path /tmp/counting-sheep-search-build/Build/Intermediates.noindex/SwiftExplicitPrecompiledModules -clang-scanner-module-cache-path /tmp/counting-sheep-search-build/ModuleCache.noindex -sdk-module-cache-path /tmp/counting-sheep-search-build/ModuleCache.noindex -serialize-diagnostics -emit-dependencies -emit-module -emit-module-path /tmp/counting-sheep-search-build/Build/Intermediates.noindex/PhoneInTheOtherRoom.build/Debug-iphonesimulator/PhoneInTheOtherRoom.build/Objects-normal/x86_64/Counting_Sheep.swiftmodule -validate-clang-modules-once -clang-build-session-file /tmp/counting-sheep-search-build/ModuleCache.noindex/Session.modulevalidation -Xcc -I/tmp/counting-sheep-search-build/Build/Intermediates.noindex/PhoneInTheOtherRoom.build/Debug-iphonesimulator/PhoneInTheOtherRoom.build/swift-overrides.hmap -emit-const-values -Xfrontend -const-gather-protocols-file -Xfrontend /tmp/counting-sheep-search-build/Build/Intermediates.noindex/PhoneInTheOtherRoom.build/Debug-iphonesimulator/PhoneInTheOtherRoom.build/Objects-normal/x86_64/PhoneInTheOtherRoom_const_extract_protocols.json -Xcc -iquote -Xcc /tmp/counting-sheep-search-build/Build/Intermediates.noindex/PhoneInTheOtherRoom.build/Debug-iphonesimulator/PhoneInTheOtherRoom.build/Counting\ Sheep-generated-files.hmap -Xcc -I/tmp/counting-sheep-search-build/Build/Intermediates.noindex/PhoneInTheOtherRoom.build/Debug-iphonesimulator/PhoneInTheOtherRoom.build/Counting\ Sheep-own-target-headers.hmap -Xcc -I/tmp/counting-sheep-search-build/Build/Intermediates.noindex/PhoneInTheOtherRoom.build/Debug-iphonesimulator/PhoneInTheOtherRoom.build/Counting\ Sheep-all-non-framework-target-headers.hmap -Xcc -ivfsoverlay -Xcc /tmp/counting-sheep-search-build/Build/Intermediates.noindex/PhoneInTheOtherRoom.build/Debug-iphonesimulator/PhoneInTheOtherRoom-d9a00fb94435e678319518e524e23875-VFS-iphonesimulator/all-product-headers.yaml -Xcc -iquote -Xcc /tmp/counting-sheep-search-build/Build/Intermediates.noindex/PhoneInTheOtherRoom.build/Debug-iphonesimulator/PhoneInTheOtherRoom.build/Counting\ Sheep-project-headers.hmap -Xcc -I/tmp/counting-sheep-search-build/Build/Products/Debug-iphonesimulator/include -Xcc -I/tmp/counting-sheep-search-build/Build/Intermediates.noindex/PhoneInTheOtherRoom.build/Debug-iphonesimulator/PhoneInTheOtherRoom.build/DerivedSources-normal/x86_64 -Xcc -I/tmp/counting-sheep-search-build/Build/Intermediates.noindex/PhoneInTheOtherRoom.build/Debug-iphonesimulator/PhoneInTheOtherRoom.build/DerivedSources/x86_64 -Xcc -I/tmp/counting-sheep-search-build/Build/Intermediates.noindex/PhoneInTheOtherRoom.build/Debug-iphonesimulator/PhoneInTheOtherRoom.build/DerivedSources -Xcc -DDEBUG\=1 -emit-objc-header -emit-objc-header-path /tmp/counting-sheep-search-build/Build/Intermediates.noindex/PhoneInTheOtherRoom.build/Debug-iphonesimulator/PhoneInTheOtherRoom.build/Objects-normal/x86_64/Counting_Sheep-Swift.h -working-directory /Users/ngawangchime/Desktop/Developer\ Projects/Phone\ in\ the\ Other\ Room -experimental-emit-module-separately -disable-cmo

SwiftDriver\ Compilation PhoneInTheOtherRoom normal x86_64 com.apple.xcode.tools.swift.compiler (in target 'PhoneInTheOtherRoom' from project 'PhoneInTheOtherRoom')
    cd /Users/ngawangchime/Desktop/Developer\ Projects/Phone\ in\ the\ Other\ Room
    builtin-Swift-Compilation -- /Applications/Xcode.app/Contents/Developer/Toolchains/XcodeDefault.xctoolchain/usr/bin/swiftc -module-name Counting_Sheep -Onone @/tmp/counting-sheep-search-build/Build/Intermediates.noindex/PhoneInTheOtherRoom.build/Debug-iphonesimulator/PhoneInTheOtherRoom.build/Objects-normal/x86_64/Counting\ Sheep.SwiftFileList -DDEBUG -DSCREEN_TIME_REPORTS -enable-bare-slash-regex -enable-experimental-feature DebugDescriptionMacro -sdk /Applications/Xcode.app/Contents/Developer/Platforms/iPhoneSimulator.platform/Developer/SDKs/iPhoneSimulator26.5.sdk -target x86_64-apple-ios17.0-simulator -g -module-cache-path /tmp/counting-sheep-search-build/ModuleCache.noindex -Xfrontend -serialize-debugging-options -enable-testing -index-store-path /tmp/counting-sheep-search-build/Index.noindex/DataStore -Xcc -D_LIBCPP_HARDENING_MODE\=_LIBCPP_HARDENING_MODE_DEBUG -swift-version 5 -I /tmp/counting-sheep-search-build/Build/Products/Debug-iphonesimulator -F /tmp/counting-sheep-search-build/Build/Products/Debug-iphonesimulator/PackageFrameworks -F /tmp/counting-sheep-search-build/Build/Products/Debug-iphonesimulator/PackageFrameworks -F /tmp/counting-sheep-search-build/Build/Products/Debug-iphonesimulator/PackageFrameworks -F /tmp/counting-sheep-search-build/Build/Products/Debug-iphonesimulator/PackageFrameworks -F /tmp/counting-sheep-search-build/Build/Products/Debug-iphonesimulator/PackageFrameworks -F /tmp/counting-sheep-search-build/Build/Products/Debug-iphonesimulator/PackageFrameworks -F /tmp/counting-sheep-search-build/Build/Products/Debug-iphonesimulator/PackageFrameworks -F /tmp/counting-sheep-search-build/Build/Products/Debug-iphonesimulator/PackageFrameworks -F /tmp/counting-sheep-search-build/Build/Products/Debug-iphonesimulator/PackageFrameworks -F /tmp/counting-sheep-search-build/Build/Products/Debug-iphonesimulator/PackageFrameworks -F /tmp/counting-sheep-search-build/Build/Products/Debug-iphonesimulator/PackageFrameworks -F /tmp/counting-sheep-search-build/Build/Products/Debug-iphonesimulator/PackageFrameworks -F /tmp/counting-sheep-search-build/Build/Products/Debug-iphonesimulator/PackageFrameworks -F /tmp/counting-sheep-search-build/Build/Products/Debug-iphonesimulator/PackageFrameworks -F /tmp/counting-sheep-search-build/Build/Products/Debug-iphonesimulator -c -j8 -enable-batch-mode -incremental -Xcc -ivfsstatcache -Xcc /tmp/counting-sheep-search-build/SDKStatCaches.noindex/iphonesimulator26.5-23F81a-6cfe768891a92b912361537c460fe42b.sdkstatcache -output-file-map /tmp/counting-sheep-search-build/Build/Intermediates.noindex/PhoneInTheOtherRoom.build/Debug-iphonesimulator/PhoneInTheOtherRoom.build/Objects-normal/x86_64/PhoneInTheOtherRoom-OutputFileMap.json -use-frontend-parseable-output -save-temps -no-color-diagnostics -explicit-module-build -module-cache-path /tmp/counting-sheep-search-build/Build/Intermediates.noindex/SwiftExplicitPrecompiledModules -clang-scanner-module-cache-path /tmp/counting-sheep-search-build/ModuleCache.noindex -sdk-module-cache-path /tmp/counting-sheep-search-build/ModuleCache.noindex -serialize-diagnostics -emit-dependencies -emit-module -emit-module-path /tmp/counting-sheep-search-build/Build/Intermediates.noindex/PhoneInTheOtherRoom.build/Debug-iphonesimulator/PhoneInTheOtherRoom.build/Objects-normal/x86_64/Counting_Sheep.swiftmodule -validate-clang-modules-once -clang-build-session-file /tmp/counting-sheep-search-build/ModuleCache.noindex/Session.modulevalidation -Xcc -I/tmp/counting-sheep-search-build/Build/Intermediates.noindex/PhoneInTheOtherRoom.build/Debug-iphonesimulator/PhoneInTheOtherRoom.build/swift-overrides.hmap -emit-const-values -Xfrontend -const-gather-protocols-file -Xfrontend /tmp/counting-sheep-search-build/Build/Intermediates.noindex/PhoneInTheOtherRoom.build/Debug-iphonesimulator/PhoneInTheOtherRoom.build/Objects-normal/x86_64/PhoneInTheOtherRoom_const_extract_protocols.json -Xcc -iquote -Xcc /tmp/counting-sheep-search-build/Build/Intermediates.noindex/PhoneInTheOtherRoom.build/Debug-iphonesimulator/PhoneInTheOtherRoom.build/Counting\ Sheep-generated-files.hmap -Xcc -I/tmp/counting-sheep-search-build/Build/Intermediates.noindex/PhoneInTheOtherRoom.build/Debug-iphonesimulator/PhoneInTheOtherRoom.build/Counting\ Sheep-own-target-headers.hmap -Xcc -I/tmp/counting-sheep-search-build/Build/Intermediates.noindex/PhoneInTheOtherRoom.build/Debug-iphonesimulator/PhoneInTheOtherRoom.build/Counting\ Sheep-all-non-framework-target-headers.hmap -Xcc -ivfsoverlay -Xcc /tmp/counting-sheep-search-build/Build/Intermediates.noindex/PhoneInTheOtherRoom.build/Debug-iphonesimulator/PhoneInTheOtherRoom-d9a00fb94435e678319518e524e23875-VFS-iphonesimulator/all-product-headers.yaml -Xcc -iquote -Xcc /tmp/counting-sheep-search-build/Build/Intermediates.noindex/PhoneInTheOtherRoom.build/Debug-iphonesimulator/PhoneInTheOtherRoom.build/Counting\ Sheep-project-headers.hmap -Xcc -I/tmp/counting-sheep-search-build/Build/Products/Debug-iphonesimulator/include -Xcc -I/tmp/counting-sheep-search-build/Build/Intermediates.noindex/PhoneInTheOtherRoom.build/Debug-iphonesimulator/PhoneInTheOtherRoom.build/DerivedSources-normal/x86_64 -Xcc -I/tmp/counting-sheep-search-build/Build/Intermediates.noindex/PhoneInTheOtherRoom.build/Debug-iphonesimulator/PhoneInTheOtherRoom.build/DerivedSources/x86_64 -Xcc -I/tmp/counting-sheep-search-build/Build/Intermediates.noindex/PhoneInTheOtherRoom.build/Debug-iphonesimulator/PhoneInTheOtherRoom.build/DerivedSources -Xcc -DDEBUG\=1 -emit-objc-header -emit-objc-header-path /tmp/counting-sheep-search-build/Build/Intermediates.noindex/PhoneInTheOtherRoom.build/Debug-iphonesimulator/PhoneInTheOtherRoom.build/Objects-normal/x86_64/Counting_Sheep-Swift.h -working-directory /Users/ngawangchime/Desktop/Developer\ Projects/Phone\ in\ the\ Other\ Room -experimental-emit-module-separately -disable-cmo

Copy /tmp/counting-sheep-search-build/Build/Products/Debug-iphonesimulator/Counting_Sheep.swiftmodule/x86_64-apple-ios-simulator.abi.json /tmp/counting-sheep-search-build/Build/Intermediates.noindex/PhoneInTheOtherRoom.build/Debug-iphonesimulator/PhoneInTheOtherRoom.build/Objects-normal/x86_64/Counting_Sheep.abi.json (in target 'PhoneInTheOtherRoom' from project 'PhoneInTheOtherRoom')
    cd /Users/ngawangchime/Desktop/Developer\ Projects/Phone\ in\ the\ Other\ Room
    builtin-copy -exclude .DS_Store -exclude CVS -exclude .svn -exclude .git -exclude .hg -resolve-src-symlinks -rename /tmp/counting-sheep-search-build/Build/Intermediates.noindex/PhoneInTheOtherRoom.build/Debug-iphonesimulator/PhoneInTheOtherRoom.build/Objects-normal/x86_64/Counting_Sheep.abi.json /tmp/counting-sheep-search-build/Build/Products/Debug-iphonesimulator/Counting_Sheep.swiftmodule/x86_64-apple-ios-simulator.abi.json

Copy /tmp/counting-sheep-search-build/Build/Products/Debug-iphonesimulator/Counting_Sheep.swiftmodule/arm64-apple-ios-simulator.abi.json /tmp/counting-sheep-search-build/Build/Intermediates.noindex/PhoneInTheOtherRoom.build/Debug-iphonesimulator/PhoneInTheOtherRoom.build/Objects-normal/arm64/Counting_Sheep.abi.json (in target 'PhoneInTheOtherRoom' from project 'PhoneInTheOtherRoom')
    cd /Users/ngawangchime/Desktop/Developer\ Projects/Phone\ in\ the\ Other\ Room
    builtin-copy -exclude .DS_Store -exclude CVS -exclude .svn -exclude .git -exclude .hg -resolve-src-symlinks -rename /tmp/counting-sheep-search-build/Build/Intermediates.noindex/PhoneInTheOtherRoom.build/Debug-iphonesimulator/PhoneInTheOtherRoom.build/Objects-normal/arm64/Counting_Sheep.abi.json /tmp/counting-sheep-search-build/Build/Products/Debug-iphonesimulator/Counting_Sheep.swiftmodule/arm64-apple-ios-simulator.abi.json

Copy /tmp/counting-sheep-search-build/Build/Products/Debug-iphonesimulator/Counting_Sheep.swiftmodule/Project/x86_64-apple-ios-simulator.swiftsourceinfo /tmp/counting-sheep-search-build/Build/Intermediates.noindex/PhoneInTheOtherRoom.build/Debug-iphonesimulator/PhoneInTheOtherRoom.build/Objects-normal/x86_64/Counting_Sheep.swiftsourceinfo (in target 'PhoneInTheOtherRoom' from project 'PhoneInTheOtherRoom')
    cd /Users/ngawangchime/Desktop/Developer\ Projects/Phone\ in\ the\ Other\ Room
    builtin-copy -exclude .DS_Store -exclude CVS -exclude .svn -exclude .git -exclude .hg -resolve-src-symlinks -rename /tmp/counting-sheep-search-build/Build/Intermediates.noindex/PhoneInTheOtherRoom.build/Debug-iphonesimulator/PhoneInTheOtherRoom.build/Objects-normal/x86_64/Counting_Sheep.swiftsourceinfo /tmp/counting-sheep-search-build/Build/Products/Debug-iphonesimulator/Counting_Sheep.swiftmodule/Project/x86_64-apple-ios-simulator.swiftsourceinfo

Ld /tmp/counting-sheep-search-build/Build/Intermediates.noindex/PhoneInTheOtherRoom.build/Debug-iphonesimulator/PhoneInTheOtherRoom.build/Objects-normal/arm64/Binary/Counting\ Sheep.debug.dylib normal arm64 (in target 'PhoneInTheOtherRoom' from project 'PhoneInTheOtherRoom')
    cd /Users/ngawangchime/Desktop/Developer\ Projects/Phone\ in\ the\ Other\ Room
    /Applications/Xcode.app/Contents/Developer/Toolchains/XcodeDefault.xctoolchain/usr/bin/clang -Xlinker -reproducible -target arm64-apple-ios17.0-simulator -dynamiclib -isysroot /Applications/Xcode.app/Contents/Developer/Platforms/iPhoneSimulator.platform/Developer/SDKs/iPhoneSimulator26.5.sdk -O0 -L/tmp/counting-sheep-search-build/Build/Intermediates.noindex/EagerLinkingTBDs/Debug-iphonesimulator -L/tmp/counting-sheep-search-build/Build/Products/Debug-iphonesimulator -F/tmp/counting-sheep-search-build/Build/Intermediates.noindex/EagerLinkingTBDs/Debug-iphonesimulator -F/tmp/counting-sheep-search-build/Build/Products/Debug-iphonesimulator/PackageFrameworks -F/tmp/counting-sheep-search-build/Build/Products/Debug-iphonesimulator/PackageFrameworks -F/tmp/counting-sheep-search-build/Build/Products/Debug-iphonesimulator/PackageFrameworks -F/tmp/counting-sheep-search-build/Build/Products/Debug-iphonesimulator/PackageFrameworks -F/tmp/counting-sheep-search-build/Build/Products/Debug-iphonesimulator/PackageFrameworks -F/tmp/counting-sheep-search-build/Build/Products/Debug-iphonesimulator/PackageFrameworks -F/tmp/counting-sheep-search-build/Build/Products/Debug-iphonesimulator/PackageFrameworks -F/tmp/counting-sheep-search-build/Build/Products/Debug-iphonesimulator/PackageFrameworks -F/tmp/counting-sheep-search-build/Build/Products/Debug-iphonesimulator/PackageFrameworks -F/tmp/counting-sheep-search-build/Build/Products/Debug-iphonesimulator/PackageFrameworks -F/tmp/counting-sheep-search-build/Build/Products/Debug-iphonesimulator/PackageFrameworks -F/tmp/counting-sheep-search-build/Build/Products/Debug-iphonesimulator/PackageFrameworks -F/tmp/counting-sheep-search-build/Build/Products/Debug-iphonesimulator/PackageFrameworks -F/tmp/counting-sheep-search-build/Build/Products/Debug-iphonesimulator/PackageFrameworks -F/tmp/counting-sheep-search-build/Build/Products/Debug-iphonesimulator -filelist /tmp/counting-sheep-search-build/Build/Intermediates.noindex/PhoneInTheOtherRoom.build/Debug-iphonesimulator/PhoneInTheOtherRoom.build/Objects-normal/arm64/Counting\ Sheep.LinkFileList -install_name @rpath/Counting\ Sheep.debug.dylib -Xlinker -rpath -Xlinker /usr/lib/swift -Xlinker -rpath -Xlinker /tmp/counting-sheep-search-build/Build/Products/Debug-iphonesimulator/PackageFrameworks -Xlinker -rpath -Xlinker @executable_path/Frameworks -Xlinker -dead_strip -Xlinker -object_path_lto -Xlinker /tmp/counting-sheep-search-build/Build/Intermediates.noindex/PhoneInTheOtherRoom.build/Debug-iphonesimulator/PhoneInTheOtherRoom.build/Objects-normal/arm64/Counting\ Sheep_lto.o -rdynamic -Xlinker -no_deduplicate -Xlinker -objc_abi_version -Xlinker 2 -Xlinker -dependency_info -Xlinker /tmp/counting-sheep-search-build/Build/Intermediates.noindex/PhoneInTheOtherRoom.build/Debug-iphonesimulator/PhoneInTheOtherRoom.build/Objects-normal/arm64/Counting\ Sheep_dependency_info.dat -fobjc-link-runtime -L/Applications/Xcode.app/Contents/Developer/Toolchains/XcodeDefault.xctoolchain/usr/lib/swift/iphonesimulator -L/usr/lib/swift -Xlinker -add_ast_path -Xlinker /tmp/counting-sheep-search-build/Build/Intermediates.noindex/PhoneInTheOtherRoom.build/Debug-iphonesimulator/PhoneInTheOtherRoom.build/Objects-normal/arm64/Counting_Sheep.swiftmodule @/tmp/counting-sheep-search-build/Build/Intermediates.noindex/PhoneInTheOtherRoom.build/Debug-iphonesimulator/PhoneInTheOtherRoom.build/Objects-normal/arm64/Counting_Sheep-linker-args.resp -Wl,-no_warn_duplicate_libraries -Wl,-no_warn_duplicate_libraries -Wl,-no_warn_duplicate_libraries -Wl,-no_warn_duplicate_libraries -Wl,-no_warn_duplicate_libraries -Wl,-no_warn_duplicate_libraries -Wl,-no_warn_duplicate_libraries -Wl,-no_warn_duplicate_libraries -Wl,-no_warn_duplicate_libraries -Wl,-no_warn_duplicate_libraries -Wl,-no_warn_duplicate_libraries -Wl,-no_warn_duplicate_libraries -Wl,-no_warn_duplicate_libraries -Wl,-no_warn_duplicate_libraries -Xlinker -alias -Xlinker _main -Xlinker ___debug_main_executable_dylib_entry_point -Xlinker -no_adhoc_codesign -o /tmp/counting-sheep-search-build/Build/Intermediates.noindex/PhoneInTheOtherRoom.build/Debug-iphonesimulator/PhoneInTheOtherRoom.build/Objects-normal/arm64/Binary/Counting\ Sheep.debug.dylib -Xlinker -add_ast_path -Xlinker /tmp/counting-sheep-search-build/Build/Intermediates.noindex/Supabase.build/Debug-iphonesimulator/Supabase.build/Objects-normal/arm64/Supabase.swiftmodule @/tmp/counting-sheep-search-build/Build/Intermediates.noindex/Supabase.build/Debug-iphonesimulator/Supabase.build/Objects-normal/arm64/Supabase-linker-args.resp -Xlinker -add_ast_path -Xlinker /tmp/counting-sheep-search-build/Build/Intermediates.noindex/swift-concurrency-extras.build/Debug-iphonesimulator/ConcurrencyExtras.build/Objects-normal/arm64/ConcurrencyExtras.swiftmodule @/tmp/counting-sheep-search-build/Build/Intermediates.noindex/swift-concurrency-extras.build/Debug-iphonesimulator/ConcurrencyExtras.build/Objects-normal/arm64/ConcurrencyExtras-linker-args.resp -Xlinker -add_ast_path -Xlinker /tmp/counting-sheep-search-build/Build/Intermediates.noindex/swift-http-types.build/Debug-iphonesimulator/HTTPTypes.build/Objects-normal/arm64/HTTPTypes.swiftmodule @/tmp/counting-sheep-search-build/Build/Intermediates.noindex/swift-http-types.build/Debug-iphonesimulator/HTTPTypes.build/Objects-normal/arm64/HTTPTypes-linker-args.resp -Xlinker -add_ast_path -Xlinker /tmp/counting-sheep-search-build/Build/Intermediates.noindex/swift-clocks.build/Debug-iphonesimulator/Clocks.build/Objects-normal/arm64/Clocks.swiftmodule @/tmp/counting-sheep-search-build/Build/Intermediates.noindex/swift-clocks.build/Debug-iphonesimulator/Clocks.build/Objects-normal/arm64/Clocks-linker-args.resp -Xlinker -add_ast_path -Xlinker /tmp/counting-sheep-search-build/Build/Intermediates.noindex/xctest-dynamic-overlay.build/Debug-iphonesimulator/IssueReporting.build/Objects-normal/arm64/IssueReporting.swiftmodule @/tmp/counting-sheep-search-build/Build/Intermediates.noindex/xctest-dynamic-overlay.build/Debug-iphonesimulator/IssueReporting.build/Objects-normal/arm64/IssueReporting-linker-args.resp -Xlinker -add_ast_path -Xlinker /tmp/counting-sheep-search-build/Build/Intermediates.noindex/xctest-dynamic-overlay.build/Debug-iphonesimulator/XCTestDynamicOverlay.build/Objects-normal/arm64/XCTestDynamicOverlay.swiftmodule @/tmp/counting-sheep-search-build/Build/Intermediates.noindex/xctest-dynamic-overlay.build/Debug-iphonesimulator/XCTestDynamicOverlay.build/Objects-normal/arm64/XCTestDynamicOverlay-linker-args.resp -Xlinker -add_ast_path -Xlinker /tmp/counting-sheep-search-build/Build/Intermediates.noindex/Supabase.build/Debug-iphonesimulator/Helpers.build/Objects-normal/arm64/Helpers.swiftmodule @/tmp/counting-sheep-search-build/Build/Intermediates.noindex/Supabase.build/Debug-iphonesimulator/Helpers.build/Objects-normal/arm64/Helpers-linker-args.resp -Xlinker -add_ast_path -Xlinker /tmp/counting-sheep-search-build/Build/Intermediates.noindex/swift-crypto.build/Debug-iphonesimulator/Crypto.build/Objects-normal/arm64/Crypto.swiftmodule @/tmp/counting-sheep-search-build/Build/Intermediates.noindex/swift-crypto.build/Debug-iphonesimulator/Crypto.build/Objects-normal/arm64/Crypto-linker-args.resp -Xlinker -add_ast_path -Xlinker /tmp/counting-sheep-search-build/Build/Intermediates.noindex/Supabase.build/Debug-iphonesimulator/Auth.build/Objects-normal/arm64/Auth.swiftmodule @/tmp/counting-sheep-search-build/Build/Intermediates.noindex/Supabase.build/Debug-iphonesimulator/Auth.build/Objects-normal/arm64/Auth-linker-args.resp -Xlinker -add_ast_path -Xlinker /tmp/counting-sheep-search-build/Build/Intermediates.noindex/Supabase.build/Debug-iphonesimulator/Functions.build/Objects-normal/arm64/Functions.swiftmodule @/tmp/counting-sheep-search-build/Build/Intermediates.noindex/Supabase.build/Debug-iphonesimulator/Functions.build/Objects-normal/arm64/Functions-linker-args.resp -Xlinker -add_ast_path -Xlinker /tmp/counting-sheep-search-build/Build/Intermediates.noindex/Supabase.build/Debug-iphonesimulator/PostgREST.build/Objects-normal/arm64/PostgREST.swiftmodule @/tmp/counting-sheep-search-build/Build/Intermediates.noindex/Supabase.build/Debug-iphonesimulator/PostgREST.build/Objects-normal/arm64/PostgREST-linker-args.resp -Xlinker -add_ast_path -Xlinker /tmp/counting-sheep-search-build/Build/Intermediates.noindex/Supabase.build/Debug-iphonesimulator/RealtimeV2.build/Objects-normal/arm64/RealtimeV2.swiftmodule @/tmp/counting-sheep-search-build/Build/Intermediates.noindex/Supabase.build/Debug-iphonesimulator/RealtimeV2.build/Objects-normal/arm64/RealtimeV2-linker-args.resp -Xlinker -add_ast_path -Xlinker /tmp/counting-sheep-search-build/Build/Intermediates.noindex/Supabase.build/Debug-iphonesimulator/Realtime.build/Objects-normal/arm64/Realtime.swiftmodule @/tmp/counting-sheep-search-build/Build/Intermediates.noindex/Supabase.build/Debug-iphonesimulator/Realtime.build/Objects-normal/arm64/Realtime-linker-args.resp -Xlinker -add_ast_path -Xlinker /tmp/counting-sheep-search-build/Build/Intermediates.noindex/Supabase.build/Debug-iphonesimulator/Storage.build/Objects-normal/arm64/Storage.swiftmodule @/tmp/counting-sheep-search-build/Build/Intermediates.noindex/Supabase.build/Debug-iphonesimulator/Storage.build/Objects-normal/arm64/Storage-linker-args.resp

Copy /tmp/counting-sheep-search-build/Build/Products/Debug-iphonesimulator/Counting_Sheep.swiftmodule/Project/arm64-apple-ios-simulator.swiftsourceinfo /tmp/counting-sheep-search-build/Build/Intermediates.noindex/PhoneInTheOtherRoom.build/Debug-iphonesimulator/PhoneInTheOtherRoom.build/Objects-normal/arm64/Counting_Sheep.swiftsourceinfo (in target 'PhoneInTheOtherRoom' from project 'PhoneInTheOtherRoom')
    cd /Users/ngawangchime/Desktop/Developer\ Projects/Phone\ in\ the\ Other\ Room
    builtin-copy -exclude .DS_Store -exclude CVS -exclude .svn -exclude .git -exclude .hg -resolve-src-symlinks -rename /tmp/counting-sheep-search-build/Build/Intermediates.noindex/PhoneInTheOtherRoom.build/Debug-iphonesimulator/PhoneInTheOtherRoom.build/Objects-normal/arm64/Counting_Sheep.swiftsourceinfo /tmp/counting-sheep-search-build/Build/Products/Debug-iphonesimulator/Counting_Sheep.swiftmodule/Project/arm64-apple-ios-simulator.swiftsourceinfo

Ld /tmp/counting-sheep-search-build/Build/Intermediates.noindex/PhoneInTheOtherRoom.build/Debug-iphonesimulator/PhoneInTheOtherRoom.build/Objects-normal/x86_64/Binary/Counting\ Sheep.debug.dylib normal x86_64 (in target 'PhoneInTheOtherRoom' from project 'PhoneInTheOtherRoom')
    cd /Users/ngawangchime/Desktop/Developer\ Projects/Phone\ in\ the\ Other\ Room
    /Applications/Xcode.app/Contents/Developer/Toolchains/XcodeDefault.xctoolchain/usr/bin/clang -Xlinker -reproducible -target x86_64-apple-ios17.0-simulator -dynamiclib -isysroot /Applications/Xcode.app/Contents/Developer/Platforms/iPhoneSimulator.platform/Developer/SDKs/iPhoneSimulator26.5.sdk -O0 -L/tmp/counting-sheep-search-build/Build/Intermediates.noindex/EagerLinkingTBDs/Debug-iphonesimulator -L/tmp/counting-sheep-search-build/Build/Products/Debug-iphonesimulator -F/tmp/counting-sheep-search-build/Build/Intermediates.noindex/EagerLinkingTBDs/Debug-iphonesimulator -F/tmp/counting-sheep-search-build/Build/Products/Debug-iphonesimulator/PackageFrameworks -F/tmp/counting-sheep-search-build/Build/Products/Debug-iphonesimulator/PackageFrameworks -F/tmp/counting-sheep-search-build/Build/Products/Debug-iphonesimulator/PackageFrameworks -F/tmp/counting-sheep-search-build/Build/Products/Debug-iphonesimulator/PackageFrameworks -F/tmp/counting-sheep-search-build/Build/Products/Debug-iphonesimulator/PackageFrameworks -F/tmp/counting-sheep-search-build/Build/Products/Debug-iphonesimulator/PackageFrameworks -F/tmp/counting-sheep-search-build/Build/Products/Debug-iphonesimulator/PackageFrameworks -F/tmp/counting-sheep-search-build/Build/Products/Debug-iphonesimulator/PackageFrameworks -F/tmp/counting-sheep-search-build/Build/Products/Debug-iphonesimulator/PackageFrameworks -F/tmp/counting-sheep-search-build/Build/Products/Debug-iphonesimulator/PackageFrameworks -F/tmp/counting-sheep-search-build/Build/Products/Debug-iphonesimulator/PackageFrameworks -F/tmp/counting-sheep-search-build/Build/Products/Debug-iphonesimulator/PackageFrameworks -F/tmp/counting-sheep-search-build/Build/Products/Debug-iphonesimulator/PackageFrameworks -F/tmp/counting-sheep-search-build/Build/Products/Debug-iphonesimulator/PackageFrameworks -F/tmp/counting-sheep-search-build/Build/Products/Debug-iphonesimulator -filelist /tmp/counting-sheep-search-build/Build/Intermediates.noindex/PhoneInTheOtherRoom.build/Debug-iphonesimulator/PhoneInTheOtherRoom.build/Objects-normal/x86_64/Counting\ Sheep.LinkFileList -install_name @rpath/Counting\ Sheep.debug.dylib -Xlinker -rpath -Xlinker /usr/lib/swift -Xlinker -rpath -Xlinker /tmp/counting-sheep-search-build/Build/Products/Debug-iphonesimulator/PackageFrameworks -Xlinker -rpath -Xlinker @executable_path/Frameworks -Xlinker -dead_strip -Xlinker -object_path_lto -Xlinker /tmp/counting-sheep-search-build/Build/Intermediates.noindex/PhoneInTheOtherRoom.build/Debug-iphonesimulator/PhoneInTheOtherRoom.build/Objects-normal/x86_64/Counting\ Sheep_lto.o -rdynamic -Xlinker -no_deduplicate -Xlinker -objc_abi_version -Xlinker 2 -Xlinker -dependency_info -Xlinker /tmp/counting-sheep-search-build/Build/Intermediates.noindex/PhoneInTheOtherRoom.build/Debug-iphonesimulator/PhoneInTheOtherRoom.build/Objects-normal/x86_64/Counting\ Sheep_dependency_info.dat -fobjc-link-runtime -L/Applications/Xcode.app/Contents/Developer/Toolchains/XcodeDefault.xctoolchain/usr/lib/swift/iphonesimulator -L/usr/lib/swift -Xlinker -add_ast_path -Xlinker /tmp/counting-sheep-search-build/Build/Intermediates.noindex/PhoneInTheOtherRoom.build/Debug-iphonesimulator/PhoneInTheOtherRoom.build/Objects-normal/x86_64/Counting_Sheep.swiftmodule @/tmp/counting-sheep-search-build/Build/Intermediates.noindex/PhoneInTheOtherRoom.build/Debug-iphonesimulator/PhoneInTheOtherRoom.build/Objects-normal/x86_64/Counting_Sheep-linker-args.resp -Wl,-no_warn_duplicate_libraries -Wl,-no_warn_duplicate_libraries -Wl,-no_warn_duplicate_libraries -Wl,-no_warn_duplicate_libraries -Wl,-no_warn_duplicate_libraries -Wl,-no_warn_duplicate_libraries -Wl,-no_warn_duplicate_libraries -Wl,-no_warn_duplicate_libraries -Wl,-no_warn_duplicate_libraries -Wl,-no_warn_duplicate_libraries -Wl,-no_warn_duplicate_libraries -Wl,-no_warn_duplicate_libraries -Wl,-no_warn_duplicate_libraries -Wl,-no_warn_duplicate_libraries -Xlinker -alias -Xlinker _main -Xlinker ___debug_main_executable_dylib_entry_point -Xlinker -no_adhoc_codesign -o /tmp/counting-sheep-search-build/Build/Intermediates.noindex/PhoneInTheOtherRoom.build/Debug-iphonesimulator/PhoneInTheOtherRoom.build/Objects-normal/x86_64/Binary/Counting\ Sheep.debug.dylib -Xlinker -add_ast_path -Xlinker /tmp/counting-sheep-search-build/Build/Intermediates.noindex/Supabase.build/Debug-iphonesimulator/Supabase.build/Objects-normal/x86_64/Supabase.swiftmodule @/tmp/counting-sheep-search-build/Build/Intermediates.noindex/Supabase.build/Debug-iphonesimulator/Supabase.build/Objects-normal/x86_64/Supabase-linker-args.resp -Xlinker -add_ast_path -Xlinker /tmp/counting-sheep-search-build/Build/Intermediates.noindex/swift-concurrency-extras.build/Debug-iphonesimulator/ConcurrencyExtras.build/Objects-normal/x86_64/ConcurrencyExtras.swiftmodule @/tmp/counting-sheep-search-build/Build/Intermediates.noindex/swift-concurrency-extras.build/Debug-iphonesimulator/ConcurrencyExtras.build/Objects-normal/x86_64/ConcurrencyExtras-linker-args.resp -Xlinker -add_ast_path -Xlinker /tmp/counting-sheep-search-build/Build/Intermediates.noindex/swift-http-types.build/Debug-iphonesimulator/HTTPTypes.build/Objects-normal/x86_64/HTTPTypes.swiftmodule @/tmp/counting-sheep-search-build/Build/Intermediates.noindex/swift-http-types.build/Debug-iphonesimulator/HTTPTypes.build/Objects-normal/x86_64/HTTPTypes-linker-args.resp -Xlinker -add_ast_path -Xlinker /tmp/counting-sheep-search-build/Build/Intermediates.noindex/swift-clocks.build/Debug-iphonesimulator/Clocks.build/Objects-normal/x86_64/Clocks.swiftmodule @/tmp/counting-sheep-search-build/Build/Intermediates.noindex/swift-clocks.build/Debug-iphonesimulator/Clocks.build/Objects-normal/x86_64/Clocks-linker-args.resp -Xlinker -add_ast_path -Xlinker /tmp/counting-sheep-search-build/Build/Intermediates.noindex/xctest-dynamic-overlay.build/Debug-iphonesimulator/IssueReporting.build/Objects-normal/x86_64/IssueReporting.swiftmodule @/tmp/counting-sheep-search-build/Build/Intermediates.noindex/xctest-dynamic-overlay.build/Debug-iphonesimulator/IssueReporting.build/Objects-normal/x86_64/IssueReporting-linker-args.resp -Xlinker -add_ast_path -Xlinker /tmp/counting-sheep-search-build/Build/Intermediates.noindex/xctest-dynamic-overlay.build/Debug-iphonesimulator/XCTestDynamicOverlay.build/Objects-normal/x86_64/XCTestDynamicOverlay.swiftmodule @/tmp/counting-sheep-search-build/Build/Intermediates.noindex/xctest-dynamic-overlay.build/Debug-iphonesimulator/XCTestDynamicOverlay.build/Objects-normal/x86_64/XCTestDynamicOverlay-linker-args.resp -Xlinker -add_ast_path -Xlinker /tmp/counting-sheep-search-build/Build/Intermediates.noindex/Supabase.build/Debug-iphonesimulator/Helpers.build/Objects-normal/x86_64/Helpers.swiftmodule @/tmp/counting-sheep-search-build/Build/Intermediates.noindex/Supabase.build/Debug-iphonesimulator/Helpers.build/Objects-normal/x86_64/Helpers-linker-args.resp -Xlinker -add_ast_path -Xlinker /tmp/counting-sheep-search-build/Build/Intermediates.noindex/swift-crypto.build/Debug-iphonesimulator/Crypto.build/Objects-normal/x86_64/Crypto.swiftmodule @/tmp/counting-sheep-search-build/Build/Intermediates.noindex/swift-crypto.build/Debug-iphonesimulator/Crypto.build/Objects-normal/x86_64/Crypto-linker-args.resp -Xlinker -add_ast_path -Xlinker /tmp/counting-sheep-search-build/Build/Intermediates.noindex/Supabase.build/Debug-iphonesimulator/Auth.build/Objects-normal/x86_64/Auth.swiftmodule @/tmp/counting-sheep-search-build/Build/Intermediates.noindex/Supabase.build/Debug-iphonesimulator/Auth.build/Objects-normal/x86_64/Auth-linker-args.resp -Xlinker -add_ast_path -Xlinker /tmp/counting-sheep-search-build/Build/Intermediates.noindex/Supabase.build/Debug-iphonesimulator/Functions.build/Objects-normal/x86_64/Functions.swiftmodule @/tmp/counting-sheep-search-build/Build/Intermediates.noindex/Supabase.build/Debug-iphonesimulator/Functions.build/Objects-normal/x86_64/Functions-linker-args.resp -Xlinker -add_ast_path -Xlinker /tmp/counting-sheep-search-build/Build/Intermediates.noindex/Supabase.build/Debug-iphonesimulator/PostgREST.build/Objects-normal/x86_64/PostgREST.swiftmodule @/tmp/counting-sheep-search-build/Build/Intermediates.noindex/Supabase.build/Debug-iphonesimulator/PostgREST.build/Objects-normal/x86_64/PostgREST-linker-args.resp -Xlinker -add_ast_path -Xlinker /tmp/counting-sheep-search-build/Build/Intermediates.noindex/Supabase.build/Debug-iphonesimulator/RealtimeV2.build/Objects-normal/x86_64/RealtimeV2.swiftmodule @/tmp/counting-sheep-search-build/Build/Intermediates.noindex/Supabase.build/Debug-iphonesimulator/RealtimeV2.build/Objects-normal/x86_64/RealtimeV2-linker-args.resp -Xlinker -add_ast_path -Xlinker /tmp/counting-sheep-search-build/Build/Intermediates.noindex/Supabase.build/Debug-iphonesimulator/Realtime.build/Objects-normal/x86_64/Realtime.swiftmodule @/tmp/counting-sheep-search-build/Build/Intermediates.noindex/Supabase.build/Debug-iphonesimulator/Realtime.build/Objects-normal/x86_64/Realtime-linker-args.resp -Xlinker -add_ast_path -Xlinker /tmp/counting-sheep-search-build/Build/Intermediates.noindex/Supabase.build/Debug-iphonesimulator/Storage.build/Objects-normal/x86_64/Storage.swiftmodule @/tmp/counting-sheep-search-build/Build/Intermediates.noindex/Supabase.build/Debug-iphonesimulator/Storage.build/Objects-normal/x86_64/Storage-linker-args.resp

CreateUniversalBinary /tmp/counting-sheep-search-build/Build/Products/Debug-iphonesimulator/Counting\ Sheep.app/Counting\ Sheep.debug.dylib normal arm64\ x86_64 (in target 'PhoneInTheOtherRoom' from project 'PhoneInTheOtherRoom')
    cd /Users/ngawangchime/Desktop/Developer\ Projects/Phone\ in\ the\ Other\ Room
    /Applications/Xcode.app/Contents/Developer/Toolchains/XcodeDefault.xctoolchain/usr/bin/lipo -create /tmp/counting-sheep-search-build/Build/Intermediates.noindex/PhoneInTheOtherRoom.build/Debug-iphonesimulator/PhoneInTheOtherRoom.build/Objects-normal/arm64/Binary/Counting\ Sheep.debug.dylib /tmp/counting-sheep-search-build/Build/Intermediates.noindex/PhoneInTheOtherRoom.build/Debug-iphonesimulator/PhoneInTheOtherRoom.build/Objects-normal/x86_64/Binary/Counting\ Sheep.debug.dylib -output /tmp/counting-sheep-search-build/Build/Products/Debug-iphonesimulator/Counting\ Sheep.app/Counting\ Sheep.debug.dylib

ConstructStubExecutorLinkFileList /tmp/counting-sheep-search-build/Build/Intermediates.noindex/PhoneInTheOtherRoom.build/Debug-iphonesimulator/PhoneInTheOtherRoom.build/Counting\ Sheep-ExecutorLinkFileList-normal-x86_64.txt (in target 'PhoneInTheOtherRoom' from project 'PhoneInTheOtherRoom')
    cd /Users/ngawangchime/Desktop/Developer\ Projects/Phone\ in\ the\ Other\ Room
    construct-stub-executor-link-file-list /tmp/counting-sheep-search-build/Build/Intermediates.noindex/PhoneInTheOtherRoom.build/Debug-iphonesimulator/PhoneInTheOtherRoom.build/Objects-normal/x86_64/Binary/Counting\ Sheep.debug.dylib /Applications/Xcode.app/Contents/Developer/Platforms/iPhoneSimulator.platform/Developer/usr/lib/libPreviewsJITStubExecutor_no_swift_entry_point.a /Applications/Xcode.app/Contents/Developer/Platforms/iPhoneSimulator.platform/Developer/usr/lib/libPreviewsJITStubExecutor.a --output /tmp/counting-sheep-search-build/Build/Intermediates.noindex/PhoneInTheOtherRoom.build/Debug-iphonesimulator/PhoneInTheOtherRoom.build/Counting\ Sheep-ExecutorLinkFileList-normal-x86_64.txt
note: Using stub executor library with Swift entry point. (in target 'PhoneInTheOtherRoom' from project 'PhoneInTheOtherRoom')

ConstructStubExecutorLinkFileList /tmp/counting-sheep-search-build/Build/Intermediates.noindex/PhoneInTheOtherRoom.build/Debug-iphonesimulator/PhoneInTheOtherRoom.build/Counting\ Sheep-ExecutorLinkFileList-normal-arm64.txt (in target 'PhoneInTheOtherRoom' from project 'PhoneInTheOtherRoom')
    cd /Users/ngawangchime/Desktop/Developer\ Projects/Phone\ in\ the\ Other\ Room
    construct-stub-executor-link-file-list /tmp/counting-sheep-search-build/Build/Intermediates.noindex/PhoneInTheOtherRoom.build/Debug-iphonesimulator/PhoneInTheOtherRoom.build/Objects-normal/arm64/Binary/Counting\ Sheep.debug.dylib /Applications/Xcode.app/Contents/Developer/Platforms/iPhoneSimulator.platform/Developer/usr/lib/libPreviewsJITStubExecutor_no_swift_entry_point.a /Applications/Xcode.app/Contents/Developer/Platforms/iPhoneSimulator.platform/Developer/usr/lib/libPreviewsJITStubExecutor.a --output /tmp/counting-sheep-search-build/Build/Intermediates.noindex/PhoneInTheOtherRoom.build/Debug-iphonesimulator/PhoneInTheOtherRoom.build/Counting\ Sheep-ExecutorLinkFileList-normal-arm64.txt
note: Using stub executor library with Swift entry point. (in target 'PhoneInTheOtherRoom' from project 'PhoneInTheOtherRoom')

Ld /tmp/counting-sheep-search-build/Build/Intermediates.noindex/PhoneInTheOtherRoom.build/Debug-iphonesimulator/PhoneInTheOtherRoom.build/Objects-normal/x86_64/Binary/Counting\ Sheep normal x86_64 (in target 'PhoneInTheOtherRoom' from project 'PhoneInTheOtherRoom')
    cd /Users/ngawangchime/Desktop/Developer\ Projects/Phone\ in\ the\ Other\ Room
    /Applications/Xcode.app/Contents/Developer/Toolchains/XcodeDefault.xctoolchain/usr/bin/clang -Xlinker -reproducible -target x86_64-apple-ios17.0-simulator -isysroot /Applications/Xcode.app/Contents/Developer/Platforms/iPhoneSimulator.platform/Developer/SDKs/iPhoneSimulator26.5.sdk -O0 -L/tmp/counting-sheep-search-build/Build/Products/Debug-iphonesimulator -F/tmp/counting-sheep-search-build/Build/Products/Debug-iphonesimulator/PackageFrameworks -F/tmp/counting-sheep-search-build/Build/Products/Debug-iphonesimulator/PackageFrameworks -F/tmp/counting-sheep-search-build/Build/Products/Debug-iphonesimulator/PackageFrameworks -F/tmp/counting-sheep-search-build/Build/Products/Debug-iphonesimulator/PackageFrameworks -F/tmp/counting-sheep-search-build/Build/Products/Debug-iphonesimulator/PackageFrameworks -F/tmp/counting-sheep-search-build/Build/Products/Debug-iphonesimulator/PackageFrameworks -F/tmp/counting-sheep-search-build/Build/Products/Debug-iphonesimulator/PackageFrameworks -F/tmp/counting-sheep-search-build/Build/Products/Debug-iphonesimulator/PackageFrameworks -F/tmp/counting-sheep-search-build/Build/Products/Debug-iphonesimulator/PackageFrameworks -F/tmp/counting-sheep-search-build/Build/Products/Debug-iphonesimulator/PackageFrameworks -F/tmp/counting-sheep-search-build/Build/Products/Debug-iphonesimulator/PackageFrameworks -F/tmp/counting-sheep-search-build/Build/Products/Debug-iphonesimulator/PackageFrameworks -F/tmp/counting-sheep-search-build/Build/Products/Debug-iphonesimulator/PackageFrameworks -F/tmp/counting-sheep-search-build/Build/Products/Debug-iphonesimulator/PackageFrameworks -F/tmp/counting-sheep-search-build/Build/Products/Debug-iphonesimulator -Xlinker -rpath -Xlinker @executable_path -Xlinker -rpath -Xlinker /tmp/counting-sheep-search-build/Build/Products/Debug-iphonesimulator/PackageFrameworks -Xlinker -rpath -Xlinker @executable_path/Frameworks -rdynamic -Xlinker -no_deduplicate -Xlinker -objc_abi_version -Xlinker 2 -e ___debug_blank_executor_main -Xlinker -sectcreate -Xlinker __TEXT -Xlinker __debug_dylib -Xlinker /tmp/counting-sheep-search-build/Build/Intermediates.noindex/PhoneInTheOtherRoom.build/Debug-iphonesimulator/PhoneInTheOtherRoom.build/Counting\ Sheep-DebugDylibPath-normal-x86_64.txt -Xlinker -sectcreate -Xlinker __TEXT -Xlinker __debug_instlnm -Xlinker /tmp/counting-sheep-search-build/Build/Intermediates.noindex/PhoneInTheOtherRoom.build/Debug-iphonesimulator/PhoneInTheOtherRoom.build/Counting\ Sheep-DebugDylibInstallName-normal-x86_64.txt -Xlinker -filelist -Xlinker /tmp/counting-sheep-search-build/Build/Intermediates.noindex/PhoneInTheOtherRoom.build/Debug-iphonesimulator/PhoneInTheOtherRoom.build/Counting\ Sheep-ExecutorLinkFileList-normal-x86_64.txt -Xlinker -sectcreate -Xlinker __TEXT -Xlinker __entitlements -Xlinker /tmp/counting-sheep-search-build/Build/Intermediates.noindex/PhoneInTheOtherRoom.build/Debug-iphonesimulator/PhoneInTheOtherRoom.build/Counting\ Sheep.app-Simulated.xcent -Xlinker -sectcreate -Xlinker __TEXT -Xlinker __ents_der -Xlinker /tmp/counting-sheep-search-build/Build/Intermediates.noindex/PhoneInTheOtherRoom.build/Debug-iphonesimulator/PhoneInTheOtherRoom.build/Counting\ Sheep.app-Simulated.xcent.der /tmp/counting-sheep-search-build/Build/Intermediates.noindex/PhoneInTheOtherRoom.build/Debug-iphonesimulator/PhoneInTheOtherRoom.build/Objects-normal/x86_64/Binary/Counting\ Sheep.debug.dylib -Xlinker -no_adhoc_codesign -o /tmp/counting-sheep-search-build/Build/Intermediates.noindex/PhoneInTheOtherRoom.build/Debug-iphonesimulator/PhoneInTheOtherRoom.build/Objects-normal/x86_64/Binary/Counting\ Sheep

Ld /tmp/counting-sheep-search-build/Build/Intermediates.noindex/PhoneInTheOtherRoom.build/Debug-iphonesimulator/PhoneInTheOtherRoom.build/Objects-normal/arm64/Binary/Counting\ Sheep normal arm64 (in target 'PhoneInTheOtherRoom' from project 'PhoneInTheOtherRoom')
    cd /Users/ngawangchime/Desktop/Developer\ Projects/Phone\ in\ the\ Other\ Room
    /Applications/Xcode.app/Contents/Developer/Toolchains/XcodeDefault.xctoolchain/usr/bin/clang -Xlinker -reproducible -target arm64-apple-ios17.0-simulator -isysroot /Applications/Xcode.app/Contents/Developer/Platforms/iPhoneSimulator.platform/Developer/SDKs/iPhoneSimulator26.5.sdk -O0 -L/tmp/counting-sheep-search-build/Build/Products/Debug-iphonesimulator -F/tmp/counting-sheep-search-build/Build/Products/Debug-iphonesimulator/PackageFrameworks -F/tmp/counting-sheep-search-build/Build/Products/Debug-iphonesimulator/PackageFrameworks -F/tmp/counting-sheep-search-build/Build/Products/Debug-iphonesimulator/PackageFrameworks -F/tmp/counting-sheep-search-build/Build/Products/Debug-iphonesimulator/PackageFrameworks -F/tmp/counting-sheep-search-build/Build/Products/Debug-iphonesimulator/PackageFrameworks -F/tmp/counting-sheep-search-build/Build/Products/Debug-iphonesimulator/PackageFrameworks -F/tmp/counting-sheep-search-build/Build/Products/Debug-iphonesimulator/PackageFrameworks -F/tmp/counting-sheep-search-build/Build/Products/Debug-iphonesimulator/PackageFrameworks -F/tmp/counting-sheep-search-build/Build/Products/Debug-iphonesimulator/PackageFrameworks -F/tmp/counting-sheep-search-build/Build/Products/Debug-iphonesimulator/PackageFrameworks -F/tmp/counting-sheep-search-build/Build/Products/Debug-iphonesimulator/PackageFrameworks -F/tmp/counting-sheep-search-build/Build/Products/Debug-iphonesimulator/PackageFrameworks -F/tmp/counting-sheep-search-build/Build/Products/Debug-iphonesimulator/PackageFrameworks -F/tmp/counting-sheep-search-build/Build/Products/Debug-iphonesimulator/PackageFrameworks -F/tmp/counting-sheep-search-build/Build/Products/Debug-iphonesimulator -Xlinker -rpath -Xlinker @executable_path -Xlinker -rpath -Xlinker /tmp/counting-sheep-search-build/Build/Products/Debug-iphonesimulator/PackageFrameworks -Xlinker -rpath -Xlinker @executable_path/Frameworks -rdynamic -Xlinker -no_deduplicate -Xlinker -objc_abi_version -Xlinker 2 -e ___debug_blank_executor_main -Xlinker -sectcreate -Xlinker __TEXT -Xlinker __debug_dylib -Xlinker /tmp/counting-sheep-search-build/Build/Intermediates.noindex/PhoneInTheOtherRoom.build/Debug-iphonesimulator/PhoneInTheOtherRoom.build/Counting\ Sheep-DebugDylibPath-normal-arm64.txt -Xlinker -sectcreate -Xlinker __TEXT -Xlinker __debug_instlnm -Xlinker /tmp/counting-sheep-search-build/Build/Intermediates.noindex/PhoneInTheOtherRoom.build/Debug-iphonesimulator/PhoneInTheOtherRoom.build/Counting\ Sheep-DebugDylibInstallName-normal-arm64.txt -Xlinker -filelist -Xlinker /tmp/counting-sheep-search-build/Build/Intermediates.noindex/PhoneInTheOtherRoom.build/Debug-iphonesimulator/PhoneInTheOtherRoom.build/Counting\ Sheep-ExecutorLinkFileList-normal-arm64.txt -Xlinker -sectcreate -Xlinker __TEXT -Xlinker __entitlements -Xlinker /tmp/counting-sheep-search-build/Build/Intermediates.noindex/PhoneInTheOtherRoom.build/Debug-iphonesimulator/PhoneInTheOtherRoom.build/Counting\ Sheep.app-Simulated.xcent -Xlinker -sectcreate -Xlinker __TEXT -Xlinker __ents_der -Xlinker /tmp/counting-sheep-search-build/Build/Intermediates.noindex/PhoneInTheOtherRoom.build/Debug-iphonesimulator/PhoneInTheOtherRoom.build/Counting\ Sheep.app-Simulated.xcent.der /tmp/counting-sheep-search-build/Build/Intermediates.noindex/PhoneInTheOtherRoom.build/Debug-iphonesimulator/PhoneInTheOtherRoom.build/Objects-normal/arm64/Binary/Counting\ Sheep.debug.dylib -Xlinker -no_adhoc_codesign -o /tmp/counting-sheep-search-build/Build/Intermediates.noindex/PhoneInTheOtherRoom.build/Debug-iphonesimulator/PhoneInTheOtherRoom.build/Objects-normal/arm64/Binary/Counting\ Sheep

CreateUniversalBinary /tmp/counting-sheep-search-build/Build/Products/Debug-iphonesimulator/Counting\ Sheep.app/Counting\ Sheep normal arm64\ x86_64 (in target 'PhoneInTheOtherRoom' from project 'PhoneInTheOtherRoom')
    cd /Users/ngawangchime/Desktop/Developer\ Projects/Phone\ in\ the\ Other\ Room
    /Applications/Xcode.app/Contents/Developer/Toolchains/XcodeDefault.xctoolchain/usr/bin/lipo -create /tmp/counting-sheep-search-build/Build/Intermediates.noindex/PhoneInTheOtherRoom.build/Debug-iphonesimulator/PhoneInTheOtherRoom.build/Objects-normal/arm64/Binary/Counting\ Sheep /tmp/counting-sheep-search-build/Build/Intermediates.noindex/PhoneInTheOtherRoom.build/Debug-iphonesimulator/PhoneInTheOtherRoom.build/Objects-normal/x86_64/Binary/Counting\ Sheep -output /tmp/counting-sheep-search-build/Build/Products/Debug-iphonesimulator/Counting\ Sheep.app/Counting\ Sheep

ExtractAppIntentsMetadata (in target 'PhoneInTheOtherRoom' from project 'PhoneInTheOtherRoom')
    cd /Users/ngawangchime/Desktop/Developer\ Projects/Phone\ in\ the\ Other\ Room
    /Applications/Xcode.app/Contents/Developer/Toolchains/XcodeDefault.xctoolchain/usr/bin/appintentsmetadataprocessor --toolchain-dir /Applications/Xcode.app/Contents/Developer/Toolchains/XcodeDefault.xctoolchain --module-name Counting_Sheep --sdk-root /Applications/Xcode.app/Contents/Developer/Platforms/iPhoneSimulator.platform/Developer/SDKs/iPhoneSimulator26.5.sdk --xcode-version 17F113 --platform-family iOS --deployment-target 17.0 --bundle-identifier com.ngawangchime.countingsheep --output /tmp/counting-sheep-search-build/Build/Products/Debug-iphonesimulator/Counting\ Sheep.app --target-triple arm64-apple-ios17.0-simulator --target-triple x86_64-apple-ios17.0-simulator --binary-file /tmp/counting-sheep-search-build/Build/Products/Debug-iphonesimulator/Counting\ Sheep.app/Counting\ Sheep --dependency-file /tmp/counting-sheep-search-build/Build/Intermediates.noindex/PhoneInTheOtherRoom.build/Debug-iphonesimulator/PhoneInTheOtherRoom.build/Objects-normal/arm64/Counting\ Sheep_dependency_info.dat --dependency-file /tmp/counting-sheep-search-build/Build/Intermediates.noindex/PhoneInTheOtherRoom.build/Debug-iphonesimulator/PhoneInTheOtherRoom.build/Objects-normal/x86_64/Counting\ Sheep_dependency_info.dat --stringsdata-file /tmp/counting-sheep-search-build/Build/Intermediates.noindex/PhoneInTheOtherRoom.build/Debug-iphonesimulator/PhoneInTheOtherRoom.build/Objects-normal/arm64/ExtractedAppShortcutsMetadata.stringsdata --stringsdata-file /tmp/counting-sheep-search-build/Build/Intermediates.noindex/PhoneInTheOtherRoom.build/Debug-iphonesimulator/PhoneInTheOtherRoom.build/Objects-normal/x86_64/ExtractedAppShortcutsMetadata.stringsdata --source-file-list /tmp/counting-sheep-search-build/Build/Intermediates.noindex/PhoneInTheOtherRoom.build/Debug-iphonesimulator/PhoneInTheOtherRoom.build/Objects-normal/arm64/Counting\ Sheep.SwiftFileList --source-file-list /tmp/counting-sheep-search-build/Build/Intermediates.noindex/PhoneInTheOtherRoom.build/Debug-iphonesimulator/PhoneInTheOtherRoom.build/Objects-normal/x86_64/Counting\ Sheep.SwiftFileList --metadata-file-list /tmp/counting-sheep-search-build/Build/Intermediates.noindex/PhoneInTheOtherRoom.build/Debug-iphonesimulator/PhoneInTheOtherRoom.build/Counting\ Sheep.DependencyMetadataFileList --static-metadata-file-list /tmp/counting-sheep-search-build/Build/Intermediates.noindex/PhoneInTheOtherRoom.build/Debug-iphonesimulator/PhoneInTheOtherRoom.build/Counting\ Sheep.DependencyStaticMetadataFileList --swift-const-vals-list /tmp/counting-sheep-search-build/Build/Intermediates.noindex/PhoneInTheOtherRoom.build/Debug-iphonesimulator/PhoneInTheOtherRoom.build/Objects-normal/arm64/Counting\ Sheep.SwiftConstValuesFileList --swift-const-vals-list /tmp/counting-sheep-search-build/Build/Intermediates.noindex/PhoneInTheOtherRoom.build/Debug-iphonesimulator/PhoneInTheOtherRoom.build/Objects-normal/x86_64/Counting\ Sheep.SwiftConstValuesFileList --compile-time-extraction --deployment-aware-processing --validate-assistant-intents --no-app-shortcuts-localization
2026-09-25 07:24:13.655 appintentsmetadataprocessor[86190:13275111] Starting appintentsmetadataprocessor export
2026-09-25 07:24:13.840 appintentsmetadataprocessor[86190:13275111] Writing Metadata.appintents
2026-09-25 07:24:13.840 appintentsmetadataprocessor[86190:13275111] Metadata root: /tmp/counting-sheep-search-build/Build/Products/Debug-iphonesimulator/Counting Sheep.app/Metadata.appintents

CopySwiftLibs /tmp/counting-sheep-search-build/Build/Products/Debug-iphonesimulator/Counting\ Sheep.app (in target 'PhoneInTheOtherRoom' from project 'PhoneInTheOtherRoom')
    cd /Users/ngawangchime/Desktop/Developer\ Projects/Phone\ in\ the\ Other\ Room
    builtin-swiftStdLibTool --copy --verbose --sign - --scan-executable /tmp/counting-sheep-search-build/Build/Products/Debug-iphonesimulator/Counting\ Sheep.app/Counting\ Sheep.debug.dylib --scan-folder /tmp/counting-sheep-search-build/Build/Products/Debug-iphonesimulator/Counting\ Sheep.app/Frameworks --scan-folder /tmp/counting-sheep-search-build/Build/Products/Debug-iphonesimulator/Counting\ Sheep.app/PlugIns --scan-folder /tmp/counting-sheep-search-build/Build/Products/Debug-iphonesimulator/Counting\ Sheep.app/SystemExtensions --scan-folder /tmp/counting-sheep-search-build/Build/Products/Debug-iphonesimulator/Counting\ Sheep.app/Extensions --platform iphonesimulator --toolchain /Applications/Xcode.app/Contents/Developer/Toolchains/XcodeDefault.xctoolchain --destination /tmp/counting-sheep-search-build/Build/Products/Debug-iphonesimulator/Counting\ Sheep.app/Frameworks --strip-bitcode --strip-bitcode-tool /Applications/Xcode.app/Contents/Developer/Toolchains/XcodeDefault.xctoolchain/usr/bin/bitcode_strip --emit-dependency-info /tmp/counting-sheep-search-build/Build/Intermediates.noindex/PhoneInTheOtherRoom.build/Debug-iphonesimulator/PhoneInTheOtherRoom.build/SwiftStdLibToolInputDependencies.dep --filter-for-swift-os --back-deploy-swift-span

CodeSign /tmp/counting-sheep-search-build/Build/Products/Debug-iphonesimulator/Counting\ Sheep.app/Counting\ Sheep.debug.dylib (in target 'PhoneInTheOtherRoom' from project 'PhoneInTheOtherRoom')
    cd /Users/ngawangchime/Desktop/Developer\ Projects/Phone\ in\ the\ Other\ Room
    
    Signing Identity:     "Sign to Run Locally"
    
    /usr/bin/codesign --force --sign - --timestamp\=none --generate-entitlement-der /tmp/counting-sheep-search-build/Build/Products/Debug-iphonesimulator/Counting\ Sheep.app/Counting\ Sheep.debug.dylib

CodeSign /tmp/counting-sheep-search-build/Build/Products/Debug-iphonesimulator/Counting\ Sheep.app/__preview.dylib (in target 'PhoneInTheOtherRoom' from project 'PhoneInTheOtherRoom')
    cd /Users/ngawangchime/Desktop/Developer\ Projects/Phone\ in\ the\ Other\ Room
    
    Signing Identity:     "Sign to Run Locally"
    
    /usr/bin/codesign --force --sign - --timestamp\=none --generate-entitlement-der /tmp/counting-sheep-search-build/Build/Products/Debug-iphonesimulator/Counting\ Sheep.app/__preview.dylib
/tmp/counting-sheep-search-build/Build/Products/Debug-iphonesimulator/Counting Sheep.app/__preview.dylib: replacing existing signature

CodeSign /tmp/counting-sheep-search-build/Build/Products/Debug-iphonesimulator/Counting\ Sheep.app (in target 'PhoneInTheOtherRoom' from project 'PhoneInTheOtherRoom')
    cd /Users/ngawangchime/Desktop/Developer\ Projects/Phone\ in\ the\ Other\ Room
    
    Signing Identity:     "Sign to Run Locally"
    
    /usr/bin/codesign --force --sign - --entitlements /tmp/counting-sheep-search-build/Build/Intermediates.noindex/PhoneInTheOtherRoom.build/Debug-iphonesimulator/PhoneInTheOtherRoom.build/Counting\ Sheep.app.xcent --timestamp\=none --generate-entitlement-der /tmp/counting-sheep-search-build/Build/Products/Debug-iphonesimulator/Counting\ Sheep.app

Validate /tmp/counting-sheep-search-build/Build/Products/Debug-iphonesimulator/Counting\ Sheep.app (in target 'PhoneInTheOtherRoom' from project 'PhoneInTheOtherRoom')
    cd /Users/ngawangchime/Desktop/Developer\ Projects/Phone\ in\ the\ Other\ Room
    builtin-validationUtility /tmp/counting-sheep-search-build/Build/Products/Debug-iphonesimulator/Counting\ Sheep.app -shallow-bundle -infoplist-subpath Info.plist

** BUILD SUCCEEDED **

