
> Configure project :app
Passing custom test runner argument android.testInstrumentationRunnerArguments.isolatedPrototype from gradle.properties or command line is not compatible with configuration caching. Please specify this argument using android gradle dsl.

> Task :app:preBuild UP-TO-DATE
> Task :app:preDebugBuild UP-TO-DATE
> Task :app:mergeDebugNativeDebugMetadata NO-SOURCE
> Task :app:checkKotlinGradlePluginConfigurationErrors SKIPPED
> Task :app:checkDebugAarMetadata UP-TO-DATE
> Task :app:processDebugNavigationResources UP-TO-DATE
> Task :app:compileDebugNavigationResources UP-TO-DATE
> Task :app:generateDebugResValues UP-TO-DATE
> Task :app:mapDebugSourceSetPaths UP-TO-DATE
> Task :app:generateDebugResources UP-TO-DATE
> Task :app:mergeDebugResources UP-TO-DATE
> Task :app:packageDebugResources UP-TO-DATE
> Task :app:parseDebugLocalResources UP-TO-DATE
> Task :app:createDebugCompatibleScreenManifests UP-TO-DATE
> Task :app:extractDeepLinksDebug UP-TO-DATE
> Task :app:processDebugMainManifest UP-TO-DATE
> Task :app:processDebugManifest UP-TO-DATE
> Task :app:processDebugManifestForPackage UP-TO-DATE
> Task :app:processDebugResources UP-TO-DATE
> Task :app:javaPreCompileDebug UP-TO-DATE
> Task :app:mergeDebugShaders UP-TO-DATE
> Task :app:compileDebugShaders NO-SOURCE
> Task :app:generateDebugAssets UP-TO-DATE
> Task :app:mergeDebugAssets UP-TO-DATE
> Task :app:compressDebugAssets UP-TO-DATE
> Task :app:desugarDebugFileDependencies UP-TO-DATE
> Task :app:checkDebugDuplicateClasses UP-TO-DATE
> Task :app:mergeExtDexDebug UP-TO-DATE
> Task :app:mergeLibDexDebug UP-TO-DATE
> Task :app:mergeDebugJniLibFolders UP-TO-DATE
> Task :app:mergeDebugNativeLibs UP-TO-DATE
> Task :app:stripDebugDebugSymbols UP-TO-DATE
> Task :app:validateSigningDebug UP-TO-DATE
> Task :app:writeDebugAppMetadata UP-TO-DATE
> Task :app:writeDebugSigningConfigVersions UP-TO-DATE
> Task :app:preDebugUnitTestBuild UP-TO-DATE
> Task :app:javaPreCompileDebugUnitTest UP-TO-DATE
> Task :app:preDebugAndroidTestBuild SKIPPED
> Task :app:generateDebugAndroidTestResValues UP-TO-DATE
> Task :app:extractProguardFiles UP-TO-DATE
> Task :app:checkDebugAndroidTestAarMetadata UP-TO-DATE
> Task :app:processDebugAndroidTestNavigationResources UP-TO-DATE
> Task :app:compileDebugAndroidTestNavigationResources UP-TO-DATE
> Task :app:mapDebugAndroidTestSourceSetPaths UP-TO-DATE
> Task :app:generateDebugAndroidTestResources UP-TO-DATE
> Task :app:mergeDebugAndroidTestResources UP-TO-DATE
> Task :app:processDebugAndroidTestManifest UP-TO-DATE
> Task :app:processDebugAndroidTestResources UP-TO-DATE
> Task :app:javaPreCompileDebugAndroidTest UP-TO-DATE
> Task :app:mergeDebugAndroidTestShaders UP-TO-DATE
> Task :app:compileDebugAndroidTestShaders NO-SOURCE
> Task :app:generateDebugAndroidTestAssets UP-TO-DATE
> Task :app:mergeDebugAndroidTestAssets UP-TO-DATE
> Task :app:compressDebugAndroidTestAssets UP-TO-DATE
> Task :app:desugarDebugAndroidTestFileDependencies UP-TO-DATE
> Task :app:checkDebugAndroidTestDuplicateClasses UP-TO-DATE
> Task :app:mergeExtDexDebugAndroidTest UP-TO-DATE
> Task :app:mergeLibDexDebugAndroidTest UP-TO-DATE
> Task :app:mergeDebugAndroidTestJniLibFolders UP-TO-DATE
> Task :app:mergeDebugAndroidTestNativeLibs NO-SOURCE
> Task :app:stripDebugAndroidTestDebugSymbols NO-SOURCE
> Task :app:validateSigningDebugAndroidTest UP-TO-DATE
> Task :app:writeDebugAndroidTestSigningConfigVersions UP-TO-DATE
> Task :app:compileDebugKotlin
> Task :app:compileDebugJavaWithJavac NO-SOURCE
> Task :app:dexBuilderDebug
> Task :app:mergeDebugGlobalSynthetics UP-TO-DATE
> Task :app:processDebugJavaRes UP-TO-DATE
> Task :app:mergeDebugJavaResource UP-TO-DATE
> Task :app:bundleDebugClassesToCompileJar
> Task :app:bundleDebugClassesToRuntimeJar
> Task :app:generateDebugLintReportModel
> Task :app:mergeProjectDexDebug
> Task :app:compileDebugUnitTestKotlin UP-TO-DATE
> Task :app:compileDebugUnitTestJavaWithJavac NO-SOURCE
> Task :app:processDebugUnitTestJavaRes UP-TO-DATE
> Task :app:testDebugUnitTest
> Task :app:generateDebugAndroidTestLintModel
> Task :app:generateDebugUnitTestLintModel
> Task :app:packageDebug
> Task :app:createDebugApkListingFileRedirect UP-TO-DATE
> Task :app:assembleDebug
> Task :app:compileDebugAndroidTestKotlin
> Task :app:compileDebugAndroidTestJavaWithJavac NO-SOURCE
> Task :app:dexBuilderDebugAndroidTest
> Task :app:mergeDebugAndroidTestGlobalSynthetics UP-TO-DATE
> Task :app:processDebugAndroidTestJavaRes UP-TO-DATE
> Task :app:mergeDebugAndroidTestJavaResource UP-TO-DATE
> Task :app:mergeProjectDexDebugAndroidTest
> Task :app:packageDebugAndroidTest
> Task :app:createDebugAndroidTestApkListingFileRedirect UP-TO-DATE
> Task :app:lintAnalyzeDebugAndroidTest
> Task :app:lintAnalyzeDebugUnitTest
> Task :app:lintAnalyzeDebug

> Task :app:connectedDebugAndroidTest
Starting 7 tests on counting-sheep-isolated-api36(AVD) - 16

counting-sheep-isolated-api36(AVD) - 16 Tests 4/7 completed. (0 skipped) (0 failed)

> Task :app:connectedDebugAndroidTest

com.ngawangchime.countingsheep.prototype.GuestJourneyInstrumentationTest > realGuestPlanStartPhraseEarlyWakeReceiptsAndFarm[counting-sheep-isolated-api36(AVD) - 16] [31mFAILED [0m
	java.util.regex.PatternSyntaxException: Syntax error in regexp pattern near index 3
	(?U)\s+

counting-sheep-isolated-api36(AVD) - 16 Tests 5/7 completed. (0 skipped) (1 failed)
Finished 5 tests on counting-sheep-isolated-api36(AVD) - 16

> Task :app:connectedDebugAndroidTest
Tests on counting-sheep-isolated-api36(AVD) - 16 failed: There was 1 failure(s).
Test run failed to complete. Instrumentation run failed due to Process crashed.
Logcat of last crash: 
Process: com.ngawangchime.countingsheep.prototype.debug, PID: 4383
java.util.regex.PatternSyntaxException: Syntax error in regexp pattern near index 3
(?U)\s+
   ^
	at com.android.icu.util.regex.PatternNative.compileImpl(Native Method)
	at com.android.icu.util.regex.PatternNative.<init>(PatternNative.java:53)
	at com.android.icu.util.regex.PatternNative.create(PatternNative.java:49)
	at java.util.regex.Pattern.compile(Pattern.java:3533)
	at java.util.regex.Pattern.<init>(Pattern.java:1419)
	at java.util.regex.Pattern.compile(Pattern.java:921)
	at kotlin.text.Regex.<init>(Regex.kt:90)
	at com.ngawangchime.countingsheep.prototype.domain.GuestJourney.normalized(GuestJourney.kt:38)
	at com.ngawangchime.countingsheep.prototype.domain.GuestJourney.matches(GuestJourney.kt:39)
	at com.ngawangchime.countingsheep.prototype.ui.GuestScreenKt.GuestScreen$lambda$28$2$3(GuestScreen.kt:182)
	at com.ngawangchime.countingsheep.prototype.ui.GuestScreenKt.$r8$lambda$2Oc_5iH4qmjNsPxFh4t0mFBpydw(Unknown Source:0)
	at com.ngawangchime.countingsheep.prototype.ui.GuestScreenKt$$ExternalSyntheticLambda36.invoke(D8$$SyntheticClass:0)
	at androidx.compose.runtime.internal.ComposableLambdaImpl.invoke(ComposableLambda.kt:121)
	at androidx.compose.runtime.internal.ComposableLambdaImpl.invoke(ComposableLambda.kt:51)
	at androidx.compose.material3.AlertDialogKt$AlertDialogImpl$1$1$1.invoke(AlertDialog.kt:274)
	at androidx.compose.material3.AlertDialogKt$AlertDialogImpl$1$1$1.invoke(AlertDialog.kt:272)
	at androidx.compose.runtime.internal.ComposableLambdaImpl.invoke(ComposableLambda.kt:121)
	at androidx.compose.runtime.internal.ComposableLambdaImpl.invoke(ComposableLambda.kt:51)
	at androidx.compose.material3.AlertDialogKt.AlertDialogFlowRow-ixp7dh8(AlertDialog.kt:550)
	at androidx.compose.material3.AlertDialogKt$AlertDialogImpl$1$1.invoke(AlertDialog.kt:269)
	at androidx.compose.material3.AlertDialogKt$AlertDialogImpl$1$1.invoke(AlertDialog.kt:268)
	at androidx.compose.runtime.internal.ComposableLambdaImpl.invoke(ComposableLambda.kt:121)
	at androidx.compose.runtime.internal.ComposableLambdaImpl.invoke(ComposableLambda.kt:51)
	at androidx.compose.runtime.CompositionLocalKt.CompositionLocalProvider(CompositionLocal.kt:370)
	at androidx.compose.material3.internal.ProvideContentColorTextStyleKt.ProvideContentColorTextStyle-3J-VO9M(ProvideContentColorTextStyle.kt:41)
	at androidx.compose.material3.AlertDialogKt$AlertDialogContent$1.invoke(AlertDialog.kt:361)
	at androidx.compose.material3.AlertDialogKt$AlertDialogContent$1.invoke(AlertDialog.kt:315)
	at androidx.compose.runtime.internal.ComposableLambdaImpl.invoke(ComposableLambda.kt:121)
	at androidx.compose.runtime.internal.ComposableLambdaImpl.invoke(ComposableLambda.kt:51)
	at androidx.compose.material3.SurfaceKt$Surface$1.invoke(Surface.kt:130)
	at androidx.compose.material3.SurfaceKt$Surface$1.invoke(Surface.kt:110)
	at androidx.compose.runtime.internal.ComposableLambdaImpl.invoke(ComposableLambda.kt:121)
	at androidx.compose.runtime.internal.ComposableLambdaImpl.invoke(ComposableLambda.kt:51)
	at androidx.compose.runtime.CompositionLocalKt.CompositionLocalProvider(CompositionLocal.kt:370)
	at androidx.compose.material3.SurfaceKt.Surface-T9BRK9s(Surface.kt:107)
	at androidx.compose.material3.AlertDialogKt.AlertDialogContent-4hvqGtA(AlertDialog.kt:310)
	at androidx.compose.material3.AlertDialogKt$AlertDialogImpl$1.invoke(AlertDialog.kt:267)
	at androidx.compose.material3.AlertDialogKt$AlertDialogImpl$1.invoke(AlertDialog.kt:266)
	at androidx.compose.runtime.internal.ComposableLambdaImpl.invoke(ComposableLambda.kt:121)
	at androidx.compose.runtime.internal.ComposableLambdaImpl.invoke(ComposableLambda.kt:51)
	at androidx.compose.material3.DefaultBasicAlertDialogOverride$BasicAlertDialog$1.invoke(AlertDialog.kt:174)
	at androidx.compose.material3.DefaultBasicAlertDialogOverride$BasicAlertDialog$1.invoke(AlertDialog.kt:165)
	at androidx.compose.runtime.internal.ComposableLambdaImpl.invoke(ComposableLambda.kt:121)
	at androidx.compose.runtime.internal.ComposableLambdaImpl.invoke(ComposableLambda.kt:51)
	at androidx.compose.ui.window.AndroidDialog_androidKt.DialogLayout(AndroidDialog.android.kt:771)
	at androidx.compose.ui.window.AndroidDialog_androidKt.access$DialogLayout(AndroidDialog.android.kt:1)
	at androidx.compose.ui.window.AndroidDialog_androidKt$Dialog$dialog$1$1$1.invoke(AndroidDialog.android.kt:212)
	at androidx.compose.ui.window.AndroidDialog_androidKt$Dialog$dialog$1$1$1.invoke(AndroidDialog.android.kt:211)
	at androidx.compose.runtime.internal.ComposableLambdaImpl.invoke(ComposableLambda.kt:121)
	at androidx.compose.runtime.internal.ComposableLambdaImpl.invoke(ComposableLambda.kt:51)
	at androidx.compose.ui.window.DialogLayout.Content(AndroidDialog.android.kt:434)
	at androidx.compose.ui.platform.AbstractComposeView$ensureCompositionCreated$1.invoke(ComposeView.android.kt:250)
	at androidx.compose.ui.platform.AbstractComposeView$ensureCompositionCreated$1.invoke(ComposeView.android.kt:250)
	at androidx.compose.runtime.internal.ComposableLambdaImpl.invoke(ComposableLambda.kt:121)
	at androidx.compose.runtime.internal.ComposableLambdaImpl.invoke(ComposableLambda.kt:51)
	at androidx.compose.runtime.CompositionLocalKt.CompositionLocalProvider(CompositionLocal.kt:370)
	at androidx.compose.ui.platform.CompositionLocalsKt.ProvideCommonCompositionLocals(CompositionLocals.kt:216)
	at androidx.compose.ui.platform.AndroidCompositionLocals_androidKt$ProvideAndroidCompositionLocals$3.invoke(AndroidCompositionLocals.android.kt:145)
	at androidx.compose.ui.platform.AndroidCompositionLocals_androidKt$ProvideAndroidCompositionLocals$3.invoke(AndroidCompositionLocals.android.kt:144)
	at androidx.compose.runtime.internal.ComposableLambdaImpl.invoke(ComposableLambda.kt:121)
	at androidx.compose.runtime.internal.ComposableLambdaImpl.invoke(ComposableLambda.kt:51)
	at androidx.compose.runtime.CompositionLocalKt.CompositionLocalProvider(CompositionLocal.kt:370)
	at androidx.compose.ui.platform.AndroidCompositionLocals_androidKt.ProvideAndroidCompositionLocals(AndroidCompositionLocals.android.kt:133)
	at androidx.compose.ui.platform.WrappedComposition$setContent$1$1$3.invoke(Wrapper.android.kt:140)
	at androidx.compose.ui.platform.WrappedComposition$setContent$1$1$3.invoke(Wrapper.android.kt:139)
	at androidx.compose.runtime.internal.ComposableLambdaImpl.invoke(ComposableLambda.kt:121)
	at androidx.compose.runtime.internal.ComposableLambdaImpl.invoke(ComposableLambda.kt:51)
	at androidx.compose.runtime.CompositionLocalKt.CompositionLocalProvider(CompositionLocal.kt:390)
	at androidx.compose.ui.platform.WrappedComposition$setContent$1$1.invoke(Wrapper.android.kt:139)
	at androidx.compose.ui.platform.WrappedComposition$setContent$1$1.invoke(Wrapper.android.kt:123)
	at androidx.compose.runtime.internal.ComposableLambdaImpl.invoke(ComposableLambda.kt:121)
	at androidx.compose.runtime.internal.ComposableLambdaImpl.invoke(ComposableLambda.kt:51)
	at androidx.compose.runtime.internal.Expect_jvmKt.invokeComposable(Expect.jvm.kt:24)
	at androidx.compose.runtime.ComposerImpl.doCompose-aFTiNEg(Composer.kt:3843)
	at androidx.compose.runtime.ComposerImpl.composeContent--ZbOJvo$runtime(Composer.kt:3747)
	at androidx.compose.runtime.CompositionImpl.composeContent(Composition.kt:832)
	at androidx.compose.runtime.Recomposer.composeInitial$runtime(Recomposer.kt:1233)
	at androidx.compose.runtime.ComposerImpl$CompositionContextImpl.composeInitial$runtime(Composer.kt:4186)
	at androidx.compose.runtime.CompositionImpl.composeInitial(Composition.kt:672)
	at androidx.compose.runtime.CompositionImpl.setContent(Composition.kt:639)
	at androidx.compose.ui.platform.WrappedComposition$setContent$1.invoke(Wrapper.android.kt:123)
	at androidx.compose.ui.platform.WrappedComposition$setContent$1.invoke(Wrapper.android.kt:114)
	at androidx.compose.ui.platform.AndroidComposeView.setOnViewTreeOwnersAvailable(AndroidComposeView.android.kt:1990)
	at androidx.compose.ui.platform.WrappedComposition.setContent(Wrapper.android.kt:114)
	at androidx.compose.ui.platform.WrappedComposition.onStateChanged(Wrapper.android.kt:168)
	at androidx.lifecycle.LifecycleRegistry$ObserverWithState.dispatchEvent(LifecycleRegistry.jvm.kt:313)
	at androidx.lifecycle.LifecycleRegistry.addObserver(LifecycleRegistry.jvm.kt:191)
	at androidx.compose.ui.platform.WrappedComposition$setContent$1.invoke(Wrapper.android.kt:121)
	at androidx.compose.ui.platform.WrappedComposition$setContent$1.invoke(Wrapper.android.kt:114)
	at androidx.compose.ui.platform.AndroidComposeView.onAttachedToWindow(AndroidComposeView.android.kt:2077)
	at android.view.View.dispatchAttachedToWindow(View.java:23105)
	at android.view.ViewGroup.dispatchAttachedToWindow(ViewGroup.java:3520)
	at android.view.ViewGroup.dispatchAttachedToWindow(ViewGroup.java:3527)
	at android.view.ViewGroup.dispatchAttachedToWindow(ViewGroup.java:3527)
	at android.view.ViewGroup.dispatchAttachedToWindow(ViewGroup.java:3527)
	at android.view.ViewGroup.dispatchAttachedToWindow(ViewGroup.java:3527)
	at android.view.ViewRootImpl.performTraversals(ViewRootImpl.java:3617)
	at android.view.ViewRootImpl.doTraversal(ViewRootImpl.java:3076)
	at android.view.ViewRootImpl$TraversalRunnable.run(ViewRootImpl.java:10643)
	at android.view.Choreographer$CallbackRecord.run(Choreographer.java:1570)
	at android.view.Choreographer$CallbackRecord.run(Choreographer.java:1579)
	at android.view.Choreographer.doCallbacks(Choreographer.java:1179)
	at android.view.Choreographer.doFrame(Choreographer.java:1108)
	at android.view.Choreographer$FrameDisplayEventReceiver.run(Choreographer.java:1553)
	at android.os.Handler.handleCallback(Handler.java:995)
	at android.os.Handler.dispatchMessage(Handler.java:103)
	at android.os.Looper.loopOnce(Looper.java:248)
	at android.os.Looper.loop(Looper.java:338)
	at android.app.ActivityThread.main(ActivityThread.java:9067)
	at java.lang.reflect.Method.invoke(Native Method)
	at com.android.internal.os.RuntimeInit$MethodAndArgsCaller.run(RuntimeInit.java:593)
	at com.android.internal.os.ZygoteInit.main(ZygoteInit.java:932)


> Task :app:connectedDebugAndroidTest FAILED

FAILURE: Build failed with an exception.

* What went wrong:
Execution failed for task ':app:connectedDebugAndroidTest'.
> There were failing tests. See the report at: file:///Users/ngawangchime/Desktop/Developer%20Projects/Phone%20in%20the%20Other%20Room/android/app/build/reports/androidTests/connected/debug/index.html

* Try:
> Run with --stacktrace option to get the stack trace.
> Run with --info or --debug option to get more log output.
> Run with --scan to get full insights.
> Get more help at https://help.gradle.org.

BUILD FAILED in 36s
79 actionable tasks: 18 executed, 61 up-to-date
